Archive member included to satisfy reference by file (symbol)

/opt/gcc-arm-none-eabi-9-2020-q2-update/bin/../lib/gcc/arm-none-eabi/9.3.1/../../../../arm-none-eabi/lib/thumb/v7-m/nofp/libc_nano.a(lib_a-exit.o)
                              /opt/gcc-arm-none-eabi-9-2020-q2-update/bin/../lib/gcc/arm-none-eabi/9.3.1/../../../../arm-none-eabi/lib/thumb/v7-m/nofp/crt0.o (exit)
/opt/gcc-arm-none-eabi-9-2020-q2-update/bin/../lib/gcc/arm-none-eabi/9.3.1/../../../../arm-none-eabi/lib/thumb/v7-m/nofp/libc_nano.a(lib_a-impure.o)
                              /opt/gcc-arm-none-eabi-9-2020-q2-update/bin/../lib/gcc/arm-none-eabi/9.3.1/../../../../arm-none-eabi/lib/thumb/v7-m/nofp/libc_nano.a(lib_a-exit.o) (_global_impure_ptr)
/opt/gcc-arm-none-eabi-9-2020-q2-update/bin/../lib/gcc/arm-none-eabi/9.3.1/../../../../arm-none-eabi/lib/thumb/v7-m/nofp/libc_nano.a(lib_a-init.o)
                              /opt/gcc-arm-none-eabi-9-2020-q2-update/bin/../lib/gcc/arm-none-eabi/9.3.1/../../../../arm-none-eabi/lib/thumb/v7-m/nofp/crt0.o (__libc_init_array)
/opt/gcc-arm-none-eabi-9-2020-q2-update/bin/../lib/gcc/arm-none-eabi/9.3.1/../../../../arm-none-eabi/lib/thumb/v7-m/nofp/libc_nano.a(lib_a-memcpy-stub.o)
                              build/SEGGER_RTT.o (memcpy)
/opt/gcc-arm-none-eabi-9-2020-q2-update/bin/../lib/gcc/arm-none-eabi/9.3.1/../../../../arm-none-eabi/lib/thumb/v7-m/nofp/libc_nano.a(lib_a-memset.o)
                              /opt/gcc-arm-none-eabi-9-2020-q2-update/bin/../lib/gcc/arm-none-eabi/9.3.1/../../../../arm-none-eabi/lib/thumb/v7-m/nofp/crt0.o (memset)
/opt/gcc-arm-none-eabi-9-2020-q2-update/bin/../lib/gcc/arm-none-eabi/9.3.1/../../../../arm-none-eabi/lib/thumb/v7-m/nofp/libc_nano.a(lib_a-strlen.o)
                              build/SEGGER_RTT.o (strlen)
/opt/gcc-arm-none-eabi-9-2020-q2-update/bin/../lib/gcc/arm-none-eabi/9.3.1/../../../../arm-none-eabi/lib/thumb/v7-m/nofp/libnosys.a(_exit.o)
                              /opt/gcc-arm-none-eabi-9-2020-q2-update/bin/../lib/gcc/arm-none-eabi/9.3.1/../../../../arm-none-eabi/lib/thumb/v7-m/nofp/libc_nano.a(lib_a-exit.o) (_exit)
/opt/gcc-arm-none-eabi-9-2020-q2-update/bin/../lib/gcc/arm-none-eabi/9.3.1/thumb/v7-m/nofp/libgcc.a(_arm_muldf3.o)
                              build/battery_adc.o (__aeabi_dmul)
/opt/gcc-arm-none-eabi-9-2020-q2-update/bin/../lib/gcc/arm-none-eabi/9.3.1/thumb/v7-m/nofp/libgcc.a(_arm_mulsf3.o)
                              build/SEGGER_RTT_printf.o (__aeabi_fmul)
/opt/gcc-arm-none-eabi-9-2020-q2-update/bin/../lib/gcc/arm-none-eabi/9.3.1/thumb/v7-m/nofp/libgcc.a(_arm_addsubdf3.o)
                              build/battery_adc.o (__aeabi_ui2d)
/opt/gcc-arm-none-eabi-9-2020-q2-update/bin/../lib/gcc/arm-none-eabi/9.3.1/thumb/v7-m/nofp/libgcc.a(_arm_truncdfsf2.o)
                              build/battery_adc.o (__aeabi_d2f)
/opt/gcc-arm-none-eabi-9-2020-q2-update/bin/../lib/gcc/arm-none-eabi/9.3.1/thumb/v7-m/nofp/libgcc.a(_arm_addsubsf3.o)
                              build/ADXL345.o (__aeabi_i2f)
/opt/gcc-arm-none-eabi-9-2020-q2-update/bin/../lib/gcc/arm-none-eabi/9.3.1/thumb/v7-m/nofp/libgcc.a(_arm_cmpsf2.o)
                              build/SEGGER_RTT_printf.o (__aeabi_fcmplt)
/opt/gcc-arm-none-eabi-9-2020-q2-update/bin/../lib/gcc/arm-none-eabi/9.3.1/thumb/v7-m/nofp/libgcc.a(_arm_fixsfsi.o)
                              build/SEGGER_RTT_printf.o (__aeabi_f2iz)
/opt/gcc-arm-none-eabi-9-2020-q2-update/bin/../lib/gcc/arm-none-eabi/9.3.1/thumb/v7-m/nofp/libgcc.a(_arm_fixunssfsi.o)
                              build/battery_adc.o (__aeabi_f2uiz)
/opt/gcc-arm-none-eabi-9-2020-q2-update/bin/../lib/gcc/arm-none-eabi/9.3.1/thumb/v7-m/nofp/libgcc.a(_aeabi_ldivmod.o)
                              build/RTUmodbus_CRC.o (__aeabi_ldivmod)
/opt/gcc-arm-none-eabi-9-2020-q2-update/bin/../lib/gcc/arm-none-eabi/9.3.1/thumb/v7-m/nofp/libgcc.a(_aeabi_uldivmod.o)
                              build/battery_adc.o (__aeabi_uldivmod)
/opt/gcc-arm-none-eabi-9-2020-q2-update/bin/../lib/gcc/arm-none-eabi/9.3.1/thumb/v7-m/nofp/libgcc.a(_udivmoddi4.o)
                              /opt/gcc-arm-none-eabi-9-2020-q2-update/bin/../lib/gcc/arm-none-eabi/9.3.1/thumb/v7-m/nofp/libgcc.a(_aeabi_ldivmod.o) (__udivmoddi4)
/opt/gcc-arm-none-eabi-9-2020-q2-update/bin/../lib/gcc/arm-none-eabi/9.3.1/thumb/v7-m/nofp/libgcc.a(_dvmd_tls.o)
                              /opt/gcc-arm-none-eabi-9-2020-q2-update/bin/../lib/gcc/arm-none-eabi/9.3.1/thumb/v7-m/nofp/libgcc.a(_aeabi_ldivmod.o) (__aeabi_ldiv0)

Allocating common symbols
Common symbol       size              file

hspi2               0x58              build/spi.o
htim8               0x48              build/tim.o
huart3              0x44              build/uart3_drv.o
g_tModS             0xa3              build/RTUmodbus_slave.o
uwTick              0x4               build/stm32f1xx_hal.o
pFlash              0x20              build/stm32f1xx_hal_flash.o
hadc1               0x30              build/diff_signal_rx.o
[...]
Memory Configuration

Name             Origin             Length             Attributes
RAM              0x0000000020000000 0x000000000000c000 xrw
FLASH            0x0000000008000000 0x0000000000040000 xr
*default*        0x0000000000000000 0xffffffffffffffff

Linker script and memory map

LOAD /opt/gcc-arm-none-eabi-9-2020-q2-update/bin/../lib/gcc/arm-none-eabi/9.3.1/thumb/v7-m/nofp/crti.o
LOAD /opt/gcc-arm-none-eabi-9-2020-q2-update/bin/../lib/gcc/arm-none-eabi/9.3.1/thumb/v7-m/nofp/crtbegin.o
LOAD /opt/gcc-arm-none-eabi-9-2020-q2-update/bin/../lib/gcc/arm-none-eabi/9.3.1/../../../../arm-none-eabi/lib/thumb/v7-m/nofp/crt0.o
LOAD build/main.o
LOAD build/gpio.o
LOAD build/spi.o
LOAD build/tim.o
LOAD build/usb.o
LOAD build/uart3_drv.o
LOAD build/battery_adc.o
LOAD build/stm32f1xx_it.o
LOAD build/stm32f1xx_hal_msp.o
LOAD build/stm32f1xx_hal_uart.o
LOAD build/stm32f1xx_hal_usart.o
LOAD build/stm32f1xx_hal_gpio_ex.o
LOAD build/stm32f1xx_hal_spi.o
LOAD build/stm32f1xx_hal_adc.o
LOAD build/stm32f1xx_hal.o
LOAD build/stm32f1xx_hal_rcc.o
LOAD build/stm32f1xx_hal_rcc_ex.o
LOAD build/stm32f1xx_hal_gpio.o
LOAD build/stm32f1xx_hal_dma.o
LOAD build/stm32f1xx_hal_cortex.o
LOAD build/stm32f1xx_hal_pwr.o
LOAD build/stm32f1xx_hal_flash.o
LOAD build/stm32f1xx_hal_flash_ex.o
LOAD build/stm32f1xx_hal_exti.o
LOAD build/stm32f1xx_hal_tim.o
LOAD build/stm32f1xx_hal_tim_ex.o
LOAD build/stm32f1xx_hal_pcd.o
LOAD build/stm32f1xx_hal_pcd_ex.o
LOAD build/stm32f1xx_ll_usb.o
LOAD build/system_stm32f1xx.o
LOAD build/SEGGER_RTT.o
LOAD build/SEGGER_RTT_printf.o
LOAD build/diff_signal.o
LOAD build/diff_signal_rx.o
LOAD build/ADXL345.o
LOAD build/DHT22.o
LOAD build/eeprom.o
LOAD build/soft_timer.o
LOAD build/data_collect.o
LOAD build/RTUmodbus_slave.o
LOAD build/RTUmodbus_CRC.o
LOAD build/startup_stm32f103xe.o
LOAD /opt/gcc-arm-none-eabi-9-2020-q2-update/bin/../lib/gcc/arm-none-eabi/9.3.1/../../../../arm-none-eabi/lib/thumb/v7-m/nofp/libc_nano.a
LOAD /opt/gcc-arm-none-eabi-9-2020-q2-update/bin/../lib/gcc/arm-none-eabi/9.3.1/../../../../arm-none-eabi/lib/thumb/v7-m/nofp/libm.a
LOAD /opt/gcc-arm-none-eabi-9-2020-q2-update/bin/../lib/gcc/arm-none-eabi/9.3.1/../../../../arm-none-eabi/lib/thumb/v7-m/nofp/libnosys.a
START GROUP
LOAD /opt/gcc-arm-none-eabi-9-2020-q2-update/bin/../lib/gcc/arm-none-eabi/9.3.1/thumb/v7-m/nofp/libgcc.a
LOAD /opt/gcc-arm-none-eabi-9-2020-q2-update/bin/../lib/gcc/arm-none-eabi/9.3.1/../../../../arm-none-eabi/lib/thumb/v7-m/nofp/libc_nano.a
END GROUP
START GROUP
LOAD /opt/gcc-arm-none-eabi-9-2020-q2-update/bin/../lib/gcc/arm-none-eabi/9.3.1/thumb/v7-m/nofp/libgcc.a
LOAD /opt/gcc-arm-none-eabi-9-2020-q2-update/bin/../lib/gcc/arm-none-eabi/9.3.1/../../../../arm-none-eabi/lib/thumb/v7-m/nofp/libc_nano.a
END GROUP
LOAD /opt/gcc-arm-none-eabi-9-2020-q2-update/bin/../lib/gcc/arm-none-eabi/9.3.1/thumb/v7-m/nofp/crtend.o
LOAD /opt/gcc-arm-none-eabi-9-2020-q2-update/bin/../lib/gcc/arm-none-eabi/9.3.1/thumb/v7-m/nofp/crtn.o
                0x000000002000c000                _estack = (ORIGIN (RAM) + LENGTH (RAM))
                0x0000000000000200                _Min_Heap_Size = 0x200
                0x0000000000000400                _Min_Stack_Size = 0x400

.isr_vector     0x0000000008000000      0x1e4
                0x0000000008000000                . = ALIGN (0x4)
 *(.isr_vector)
 .isr_vector    0x0000000008000000      0x1e4 build/startup_stm32f103xe.o
                0x0000000008000000                g_pfnVectors
                0x00000000080001e4                . = ALIGN (0x4)

.text           0x00000000080001e8     0x5390
                0x00000000080001e8                . = ALIGN (0x4)
 *(.text)
 .text          0x00000000080001e8       0x40 /opt/gcc-arm-none-eabi-9-2020-q2-update/bin/../lib/gcc/arm-none-eabi/9.3.1/thumb/v7-m/nofp/crtbegin.o
 .text          0x0000000008000228      0x254 /opt/gcc-arm-none-eabi-9-2020-q2-update/bin/../lib/gcc/arm-none-eabi/9.3.1/thumb/v7-m/nofp/libgcc.a(_arm_muldf3.o)
                0x0000000008000228                __aeabi_dmul
                0x0000000008000228                __muldf3
 .text          0x000000000800047c      0x168 /opt/gcc-arm-none-eabi-9-2020-q2-update/bin/../lib/gcc/arm-none-eabi/9.3.1/thumb/v7-m/nofp/libgcc.a(_arm_mulsf3.o)
                0x000000000800047c                __mulsf3
                0x000000000800047c                __aeabi_fmul
 .text          0x00000000080005e4      0x378 /opt/gcc-arm-none-eabi-9-2020-q2-update/bin/../lib/gcc/arm-none-eabi/9.3.1/thumb/v7-m/nofp/libgcc.a(_arm_addsubdf3.o)
                0x00000000080005e4                __aeabi_drsub
                0x00000000080005ec                __aeabi_dsub
                0x00000000080005ec                __subdf3
                0x00000000080005f0                __adddf3
                0x00000000080005f0                __aeabi_dadd
                0x0000000008000868                __aeabi_ui2d
                0x0000000008000868                __floatunsidf
                0x0000000008000888                __floatsidf
                0x0000000008000888                __aeabi_i2d
                0x00000000080008ac                __extendsfdf2
                0x00000000080008ac                __aeabi_f2d
                0x00000000080008f0                __aeabi_ul2d
                0x00000000080008f0                __floatundidf
                0x0000000008000900                __floatdidf
                0x0000000008000900                __aeabi_l2d
 .text          0x000000000800095c       0xa0 /opt/gcc-arm-none-eabi-9-2020-q2-update/bin/../lib/gcc/arm-none-eabi/9.3.1/thumb/v7-m/nofp/libgcc.a(_arm_truncdfsf2.o)
                0x000000000800095c                __aeabi_d2f
                0x000000000800095c                __truncdfsf2
 .text          0x00000000080009fc      0x21c /opt/gcc-arm-none-eabi-9-2020-q2-update/bin/../lib/gcc/arm-none-eabi/9.3.1/thumb/v7-m/nofp/libgcc.a(_arm_addsubsf3.o)
                0x00000000080009fc                __aeabi_frsub
                0x0000000008000a04                __subsf3
                0x0000000008000a04                __aeabi_fsub
                0x0000000008000a08                __aeabi_fadd
                0x0000000008000a08                __addsf3
                0x0000000008000b68                __aeabi_ui2f
                0x0000000008000b68                __floatunsisf
                0x0000000008000b70                __aeabi_i2f
                0x0000000008000b70                __floatsisf
                0x0000000008000b8c                __floatundisf
                0x0000000008000b8c                __aeabi_ul2f
                0x0000000008000b9c                __floatdisf
                0x0000000008000b9c                __aeabi_l2f
 .text          0x0000000008000c18       0xec /opt/gcc-arm-none-eabi-9-2020-q2-update/bin/../lib/gcc/arm-none-eabi/9.3.1/thumb/v7-m/nofp/libgcc.a(_arm_cmpsf2.o)
                0x0000000008000c18                __gtsf2
                0x0000000008000c18                __gesf2
                0x0000000008000c20                __lesf2
                0x0000000008000c20                __ltsf2
                0x0000000008000c28                __nesf2
                0x0000000008000c28                __eqsf2
                0x0000000008000c28                __cmpsf2
                0x0000000008000c88                __aeabi_cfrcmple
                0x0000000008000c90                __aeabi_cfcmple
                0x0000000008000c90                __aeabi_cfcmpeq
                0x0000000008000ca0                __aeabi_fcmpeq
                0x0000000008000cb4                __aeabi_fcmplt
                0x0000000008000cc8                __aeabi_fcmple
                0x0000000008000cdc                __aeabi_fcmpge
                0x0000000008000cf0                __aeabi_fcmpgt
 .text          0x0000000008000d04       0x4c /opt/gcc-arm-none-eabi-9-2020-q2-update/bin/../lib/gcc/arm-none-eabi/9.3.1/thumb/v7-m/nofp/libgcc.a(_arm_fixsfsi.o)
                0x0000000008000d04                __fixsfsi
                0x0000000008000d04                __aeabi_f2iz
 .text          0x0000000008000d50       0x40 /opt/gcc-arm-none-eabi-9-2020-q2-update/bin/../lib/gcc/arm-none-eabi/9.3.1/thumb/v7-m/nofp/libgcc.a(_arm_fixunssfsi.o)
                0x0000000008000d50                __aeabi_f2uiz
                0x0000000008000d50                __fixunssfsi
 .text          0x0000000008000d90       0x30 /opt/gcc-arm-none-eabi-9-2020-q2-update/bin/../lib/gcc/arm-none-eabi/9.3.1/thumb/v7-m/nofp/libgcc.a(_aeabi_uldivmod.o)
                0x0000000008000d90                __aeabi_uldivmod
 .text          0x0000000008000dc0      0x2c4 /opt/gcc-arm-none-eabi-9-2020-q2-update/bin/../lib/gcc/arm-none-eabi/9.3.1/thumb/v7-m/nofp/libgcc.a(_udivmoddi4.o)
                0x0000000008000dc0                __udivmoddi4
 .text          0x0000000008001084        0x4 /opt/gcc-arm-none-eabi-9-2020-q2-update/bin/../lib/gcc/arm-none-eabi/9.3.1/thumb/v7-m/nofp/libgcc.a(_dvmd_tls.o)
                0x0000000008001084                __aeabi_ldiv0
                0x0000000008001084                __aeabi_idiv0
 *(.text*)
 .text.dht22_data_read_callback
                0x0000000008001088       0x28 build/main.o
                0x0000000008001088                dht22_data_read_callback
 .text.ADXL345_data_read_call_back
                0x00000000080010b0       0x1e build/main.o
                0x00000000080010b0                ADXL345_data_read_call_back
 *fill*         0x00000000080010ce        0x2 
 .text.test_rx_Data_call_back
                0x00000000080010d0       0x14 build/main.o
                0x00000000080010d0                test_rx_Data_call_back
 .text.Error_Handler
                0x00000000080010e4        0x4 build/main.o
                0x00000000080010e4                Error_Handler
 .text.SystemClock_Config
                0x00000000080010e8       0xa8 build/main.o
                0x00000000080010e8                SystemClock_Config
 .text.main     0x0000000008001190       0xd0 build/main.o
                0x0000000008001190                main
 .text.MX_GPIO_Init
                0x0000000008001260      0x120 build/gpio.o
                0x0000000008001260                MX_GPIO_Init
 .text.MX_SPI2_Init
                0x0000000008001380       0x48 build/spi.o
                0x0000000008001380                MX_SPI2_Init
 .text.HAL_SPI_MspInit
                0x00000000080013c8       0x78 build/spi.o
                0x00000000080013c8                HAL_SPI_MspInit
 .text.MX_TIM6_Init
                0x0000000008001440       0x5c build/tim.o
                0x0000000008001440                MX_TIM6_Init
 .text.HAL_TIM_PWM_MspInit
                0x000000000800149c       0x4c build/tim.o
                0x000000000800149c                HAL_TIM_PWM_MspInit
 .text.HAL_TIM_MspPostInit
                0x00000000080014e8       0x98 build/tim.o
                0x00000000080014e8                HAL_TIM_MspPostInit
 .text.MX_TIM1_Init
                0x0000000008001580       0xb4 build/tim.o
                0x0000000008001580                MX_TIM1_Init
 .text.MX_TIM8_Init
                0x0000000008001634       0xb8 build/tim.o
                0x0000000008001634                MX_TIM8_Init
 .text.UART3_GPIO_Clock_NVIC_Init
                0x00000000080016ec       0x88 build/uart3_drv.o
 .text.USART3_Driver_Init
                0x0000000008001774       0x54 build/uart3_drv.o
                0x0000000008001774                USART3_Driver_Init
 .text.USART3_Write
                0x00000000080017c8       0x20 build/uart3_drv.o
                0x00000000080017c8                USART3_Write
 .text.USART3_WriteString
                0x00000000080017e8       0x10 build/uart3_drv.o
                0x00000000080017e8                USART3_WriteString
 .text.USART3_GetChar
                0x00000000080017f8       0x48 build/uart3_drv.o
                0x00000000080017f8                USART3_GetChar
 .text.USART3_IRQHandler
                0x0000000008001840       0x58 build/uart3_drv.o
                0x0000000008001840                USART3_IRQHandler
 .text.uart_modbus_poll
                0x0000000008001898       0x2a build/uart3_drv.o
                0x0000000008001898                uart_modbus_poll
 *fill*         0x00000000080018c2        0x2 
 .text.BatteryADC_EnableClocks
                0x00000000080018c4       0x3c build/battery_adc.o
 .text.BatteryADC_GPIO_Init
                0x0000000008001900       0x24 build/battery_adc.o
 .text.BatteryADC_ADC1_CoreInit
                0x0000000008001924       0x40 build/battery_adc.o
 .text.BatteryADC_Init
                0x0000000008001964       0x10 build/battery_adc.o
                0x0000000008001964                BatteryADC_Init
 .text.BatteryADC_ReadRawOnce
                0x0000000008001974       0x3c build/battery_adc.o
                0x0000000008001974                BatteryADC_ReadRawOnce
 .text.BatteryADC_ReadRawAverage
                0x00000000080019b0       0x1a build/battery_adc.o
                0x00000000080019b0                BatteryADC_ReadRawAverage
 .text.BatteryADC_ReadPA0_mV
                0x00000000080019ca       0x46 build/battery_adc.o
                0x00000000080019ca                BatteryADC_ReadPA0_mV
 .text.BatteryADC_ReadBattery_mV
                0x0000000008001a10       0x1c build/battery_adc.o
                0x0000000008001a10                BatteryADC_ReadBattery_mV
 *fill*         0x0000000008001a2c        0x4 
 .text.BatteryADC_ReadPercent
                0x0000000008001a30       0x5c build/battery_adc.o
                0x0000000008001a30                BatteryADC_ReadPercent
 .text.HAL_TIM_PeriodElapsedCallback
                0x0000000008001a8c       0x2c build/stm32f1xx_it.o
                0x0000000008001a8c                HAL_TIM_PeriodElapsedCallback
 .text.EXTI1_IRQHandler
                0x0000000008001ab8        0xa build/stm32f1xx_it.o
                0x0000000008001ab8                EXTI1_IRQHandler
 *fill*         0x0000000008001ac2        0x2 
 .text.TIM2_IRQHandler
                0x0000000008001ac4       0x10 build/stm32f1xx_it.o
                0x0000000008001ac4                TIM2_IRQHandler
 .text.ADC1_2_IRQHandler
                0x0000000008001ad4       0x10 build/stm32f1xx_it.o
                0x0000000008001ad4                ADC1_2_IRQHandler
 .text.TIM6_IRQHandler
                0x0000000008001ae4       0x10 build/stm32f1xx_it.o
                0x0000000008001ae4                TIM6_IRQHandler
 .text.NMI_Handler
                0x0000000008001af4        0x2 build/stm32f1xx_it.o
                0x0000000008001af4                NMI_Handler
 .text.HardFault_Handler
                0x0000000008001af6        0x2 build/stm32f1xx_it.o
                0x0000000008001af6                HardFault_Handler
 .text.MemManage_Handler
                0x0000000008001af8        0x2 build/stm32f1xx_it.o
                0x0000000008001af8                MemManage_Handler
 .text.BusFault_Handler
                0x0000000008001afa        0x2 build/stm32f1xx_it.o
                0x0000000008001afa                BusFault_Handler
 .text.UsageFault_Handler
                0x0000000008001afc        0x2 build/stm32f1xx_it.o
                0x0000000008001afc                UsageFault_Handler
 .text.SVC_Handler
                0x0000000008001afe        0x2 build/stm32f1xx_it.o
                0x0000000008001afe                SVC_Handler
 .text.DebugMon_Handler
                0x0000000008001b00        0x2 build/stm32f1xx_it.o
                0x0000000008001b00                DebugMon_Handler
 .text.PendSV_Handler
                0x0000000008001b02        0x2 build/stm32f1xx_it.o
                0x0000000008001b02                PendSV_Handler
 .text.SysTick_Handler
                0x0000000008001b04        0x8 build/stm32f1xx_it.o
                0x0000000008001b04                SysTick_Handler
 .text.HAL_MspInit
                0x0000000008001b0c       0x30 build/stm32f1xx_hal_msp.o
                0x0000000008001b0c                HAL_MspInit
 .text.UART_SetConfig
                0x0000000008001b3c       0x90 build/stm32f1xx_hal_uart.o
 .text.UART_WaitOnFlagUntilTimeout
                0x0000000008001bcc       0x68 build/stm32f1xx_hal_uart.o
 .text.HAL_UART_MspInit
                0x0000000008001c34        0x2 build/stm32f1xx_hal_uart.o
                0x0000000008001c34                HAL_UART_MspInit
 .text.HAL_UART_Init
                0x0000000008001c36       0x5e build/stm32f1xx_hal_uart.o
                0x0000000008001c36                HAL_UART_Init
 .text.HAL_UART_Transmit
                0x0000000008001c94       0xd8 build/stm32f1xx_hal_uart.o
                0x0000000008001c94                HAL_UART_Transmit
 .text.SPI_WaitFlagStateUntilTimeout
                0x0000000008001d6c       0xd0 build/stm32f1xx_hal_spi.o
 .text.SPI_EndRxTxTransaction
                0x0000000008001e3c       0x24 build/stm32f1xx_hal_spi.o
 .text.SPI_EndRxTransaction
                0x0000000008001e60       0x74 build/stm32f1xx_hal_spi.o
 .text.HAL_SPI_Init
                0x0000000008001ed4       0xb6 build/stm32f1xx_hal_spi.o
                0x0000000008001ed4                HAL_SPI_Init
 .text.HAL_SPI_Transmit
                0x0000000008001f8a      0x1ae build/stm32f1xx_hal_spi.o
                0x0000000008001f8a                HAL_SPI_Transmit
 .text.HAL_SPI_TransmitReceive
                0x0000000008002138      0x238 build/stm32f1xx_hal_spi.o
                0x0000000008002138                HAL_SPI_TransmitReceive
 .text.HAL_SPI_Receive
                0x0000000008002370      0x174 build/stm32f1xx_hal_spi.o
                0x0000000008002370                HAL_SPI_Receive
 .text.HAL_ADC_MspInit
                0x00000000080024e4        0x2 build/stm32f1xx_hal_adc.o
                0x00000000080024e4                HAL_ADC_MspInit
 *fill*         0x00000000080024e6        0x2 
 .text.HAL_ADC_PollForConversion
                0x00000000080024e8      0x184 build/stm32f1xx_hal_adc.o
                0x00000000080024e8                HAL_ADC_PollForConversion
 .text.HAL_ADC_GetValue
                0x000000000800266c        0x6 build/stm32f1xx_hal_adc.o
                0x000000000800266c                HAL_ADC_GetValue
 .text.HAL_ADC_LevelOutOfWindowCallback
                0x0000000008002672        0x2 build/stm32f1xx_hal_adc.o
                0x0000000008002672                HAL_ADC_LevelOutOfWindowCallback
 .text.HAL_ADC_IRQHandler
                0x0000000008002674      0x10c build/stm32f1xx_hal_adc.o
                0x0000000008002674                HAL_ADC_IRQHandler
 .text.HAL_ADC_ConfigChannel
                0x0000000008002780      0x138 build/stm32f1xx_hal_adc.o
                0x0000000008002780                HAL_ADC_ConfigChannel
 .text.ADC_Enable
                0x00000000080028b8       0x88 build/stm32f1xx_hal_adc.o
                0x00000000080028b8                ADC_Enable
 .text.HAL_ADC_Start
                0x0000000008002940       0xe8 build/stm32f1xx_hal_adc.o
                0x0000000008002940                HAL_ADC_Start
 .text.HAL_ADC_Start_IT
                0x0000000008002a28       0xf0 build/stm32f1xx_hal_adc.o
                0x0000000008002a28                HAL_ADC_Start_IT
 .text.ADC_ConversionStop_Disable
                0x0000000008002b18       0x56 build/stm32f1xx_hal_adc.o
                0x0000000008002b18                ADC_ConversionStop_Disable
 *fill*         0x0000000008002b6e        0x2 
 .text.HAL_ADC_Init
                0x0000000008002b70      0x124 build/stm32f1xx_hal_adc.o
                0x0000000008002b70                HAL_ADC_Init
 .text.HAL_ADC_Stop
                0x0000000008002c94       0x34 build/stm32f1xx_hal_adc.o
                0x0000000008002c94                HAL_ADC_Stop
 .text.HAL_InitTick
                0x0000000008002cc8       0x4c build/stm32f1xx_hal.o
                0x0000000008002cc8                HAL_InitTick
 .text.HAL_Init
                0x0000000008002d14       0x24 build/stm32f1xx_hal.o
                0x0000000008002d14                HAL_Init
 .text.HAL_IncTick
                0x0000000008002d38       0x18 build/stm32f1xx_hal.o
                0x0000000008002d38                HAL_IncTick
 .text.HAL_GetTick
                0x0000000008002d50        0xc build/stm32f1xx_hal.o
                0x0000000008002d50                HAL_GetTick
 .text.HAL_Delay
                0x0000000008002d5c       0x28 build/stm32f1xx_hal.o
                0x0000000008002d5c                HAL_Delay
 .text.RCC_Delay
                0x0000000008002d84       0x2c build/stm32f1xx_hal_rcc.o
 .text.HAL_RCC_OscConfig
                0x0000000008002db0      0x410 build/stm32f1xx_hal_rcc.o
                0x0000000008002db0                HAL_RCC_OscConfig
 .text.HAL_RCC_GetSysClockFreq
                0x00000000080031c0       0x6c build/stm32f1xx_hal_rcc.o
                0x00000000080031c0                HAL_RCC_GetSysClockFreq
 .text.HAL_RCC_ClockConfig
                0x000000000800322c      0x16c build/stm32f1xx_hal_rcc.o
                0x000000000800322c                HAL_RCC_ClockConfig
 .text.HAL_RCC_GetHCLKFreq
                0x0000000008003398        0xc build/stm32f1xx_hal_rcc.o
                0x0000000008003398                HAL_RCC_GetHCLKFreq
 .text.HAL_RCC_GetPCLK1Freq
                0x00000000080033a4       0x20 build/stm32f1xx_hal_rcc.o
                0x00000000080033a4                HAL_RCC_GetPCLK1Freq
 .text.HAL_RCC_GetPCLK2Freq
                0x00000000080033c4       0x20 build/stm32f1xx_hal_rcc.o
                0x00000000080033c4                HAL_RCC_GetPCLK2Freq
 .text.HAL_RCCEx_PeriphCLKConfig
                0x00000000080033e4      0x114 build/stm32f1xx_hal_rcc_ex.o
                0x00000000080033e4                HAL_RCCEx_PeriphCLKConfig
 .text.HAL_RCCEx_GetPeriphCLKFreq
                0x00000000080034f8      0x110 build/stm32f1xx_hal_rcc_ex.o
                0x00000000080034f8                HAL_RCCEx_GetPeriphCLKFreq
 .text.HAL_GPIO_Init
                0x0000000008003608      0x238 build/stm32f1xx_hal_gpio.o
                0x0000000008003608                HAL_GPIO_Init
 .text.HAL_GPIO_ReadPin
                0x0000000008003840        0xe build/stm32f1xx_hal_gpio.o
                0x0000000008003840                HAL_GPIO_ReadPin
 .text.HAL_GPIO_WritePin
                0x000000000800384e        0xc build/stm32f1xx_hal_gpio.o
                0x000000000800384e                HAL_GPIO_WritePin
 *fill*         0x000000000800385a        0x2 
 .text.HAL_GPIO_EXTI_IRQHandler
                0x000000000800385c       0x1c build/stm32f1xx_hal_gpio.o
                0x000000000800385c                HAL_GPIO_EXTI_IRQHandler
 .text.HAL_NVIC_SetPriorityGrouping
                0x0000000008003878       0x24 build/stm32f1xx_hal_cortex.o
                0x0000000008003878                HAL_NVIC_SetPriorityGrouping
 .text.HAL_NVIC_SetPriority
                0x000000000800389c       0x68 build/stm32f1xx_hal_cortex.o
                0x000000000800389c                HAL_NVIC_SetPriority
 .text.HAL_NVIC_EnableIRQ
                0x0000000008003904       0x1c build/stm32f1xx_hal_cortex.o
                0x0000000008003904                HAL_NVIC_EnableIRQ
 .text.HAL_SYSTICK_Config
                0x0000000008003920       0x2c build/stm32f1xx_hal_cortex.o
                0x0000000008003920                HAL_SYSTICK_Config
 .text.TIM_OC1_SetConfig
                0x000000000800394c       0x68 build/stm32f1xx_hal_tim.o
 .text.TIM_OC3_SetConfig
                0x00000000080039b4       0x70 build/stm32f1xx_hal_tim.o
 .text.TIM_OC4_SetConfig
                0x0000000008003a24       0x50 build/stm32f1xx_hal_tim.o
 .text.HAL_TIM_Base_MspInit
                0x0000000008003a74        0x2 build/stm32f1xx_hal_tim.o
                0x0000000008003a74                HAL_TIM_Base_MspInit
 *fill*         0x0000000008003a76        0x2 
 .text.HAL_TIM_Base_Start_IT
                0x0000000008003a78       0x78 build/stm32f1xx_hal_tim.o
                0x0000000008003a78                HAL_TIM_Base_Start_IT
 .text.HAL_TIM_Base_Stop_IT
                0x0000000008003af0       0x32 build/stm32f1xx_hal_tim.o
                0x0000000008003af0                HAL_TIM_Base_Stop_IT
 .text.HAL_TIM_OC_DelayElapsedCallback
                0x0000000008003b22        0x2 build/stm32f1xx_hal_tim.o
                0x0000000008003b22                HAL_TIM_OC_DelayElapsedCallback
 .text.HAL_TIM_IC_CaptureCallback
                0x0000000008003b24        0x2 build/stm32f1xx_hal_tim.o
                0x0000000008003b24                HAL_TIM_IC_CaptureCallback
 .text.HAL_TIM_PWM_PulseFinishedCallback
                0x0000000008003b26        0x2 build/stm32f1xx_hal_tim.o
                0x0000000008003b26                HAL_TIM_PWM_PulseFinishedCallback
 .text.HAL_TIM_TriggerCallback
                0x0000000008003b28        0x2 build/stm32f1xx_hal_tim.o
                0x0000000008003b28                HAL_TIM_TriggerCallback
 .text.HAL_TIM_IRQHandler
                0x0000000008003b2a      0x17a build/stm32f1xx_hal_tim.o
                0x0000000008003b2a                HAL_TIM_IRQHandler
 .text.TIM_Base_SetConfig
                0x0000000008003ca4       0x98 build/stm32f1xx_hal_tim.o
                0x0000000008003ca4                TIM_Base_SetConfig
 .text.HAL_TIM_Base_Init
                0x0000000008003d3c       0x58 build/stm32f1xx_hal_tim.o
                0x0000000008003d3c                HAL_TIM_Base_Init
 .text.HAL_TIM_PWM_Init
                0x0000000008003d94       0x58 build/stm32f1xx_hal_tim.o
                0x0000000008003d94                HAL_TIM_PWM_Init
 .text.TIM_OC2_SetConfig
                0x0000000008003dec       0x70 build/stm32f1xx_hal_tim.o
                0x0000000008003dec                TIM_OC2_SetConfig
 .text.HAL_TIM_PWM_ConfigChannel
                0x0000000008003e5c       0xd0 build/stm32f1xx_hal_tim.o
                0x0000000008003e5c                HAL_TIM_PWM_ConfigChannel
 .text.HAL_TIMEx_MasterConfigSynchronization
                0x0000000008003f2c       0x78 build/stm32f1xx_hal_tim_ex.o
                0x0000000008003f2c                HAL_TIMEx_MasterConfigSynchronization
 .text.HAL_TIMEx_ConfigBreakDeadTime
                0x0000000008003fa4       0x52 build/stm32f1xx_hal_tim_ex.o
                0x0000000008003fa4                HAL_TIMEx_ConfigBreakDeadTime
 .text.HAL_TIMEx_CommutCallback
                0x0000000008003ff6        0x2 build/stm32f1xx_hal_tim_ex.o
                0x0000000008003ff6                HAL_TIMEx_CommutCallback
 .text.HAL_TIMEx_BreakCallback
                0x0000000008003ff8        0x2 build/stm32f1xx_hal_tim_ex.o
                0x0000000008003ff8                HAL_TIMEx_BreakCallback
 .text.SystemInit
                0x0000000008003ffa        0x2 build/system_stm32f1xx.o
                0x0000000008003ffa                SystemInit
 .text._GetAvailWriteSpace
                0x0000000008003ffc       0x18 build/SEGGER_RTT.o
 .text._WriteNoCheck
                0x0000000008004014       0x44 build/SEGGER_RTT.o
 .text._WriteBlocking
                0x0000000008004058       0x5e build/SEGGER_RTT.o
 *fill*         0x00000000080040b6        0x2 
 .text._DoInit  0x00000000080040b8       0x60 build/SEGGER_RTT.o
 .text.SEGGER_RTT_WriteNoLock
                0x0000000008004118       0x6c build/SEGGER_RTT.o
                0x0000000008004118                SEGGER_RTT_WriteNoLock
 .text.SEGGER_RTT_Write
                0x0000000008004184       0x34 build/SEGGER_RTT.o
                0x0000000008004184                SEGGER_RTT_Write
 .text._StoreChar
                0x00000000080041b8       0x40 build/SEGGER_RTT_printf.o
 .text._PrintUnsigned
                0x00000000080041f8       0xe0 build/SEGGER_RTT_printf.o
 .text._PrintInt
                0x00000000080042d8       0xf4 build/SEGGER_RTT_printf.o
 .text.SEGGER_RTT_vprintf
                0x00000000080043cc      0x2ac build/SEGGER_RTT_printf.o
                0x00000000080043cc                SEGGER_RTT_vprintf
 .text.SEGGER_RTT_printf
                0x0000000008004678       0x1e build/SEGGER_RTT_printf.o
                0x0000000008004678                SEGGER_RTT_printf
 *fill*         0x0000000008004696        0x2 
 .text.DWT_Delay_Init
                0x0000000008004698       0x24 build/diff_signal.o
                0x0000000008004698                DWT_Delay_Init
 .text.DWT_Delay_us
                0x00000000080046bc       0x2c build/diff_signal.o
                0x00000000080046bc                DWT_Delay_us
 .text.DiffSignal_Stop
                0x00000000080046e8       0x10 build/diff_signal.o
                0x00000000080046e8                DiffSignal_Stop
 .text.DiffSignal_Init
                0x00000000080046f8       0x2c build/diff_signal.o
                0x00000000080046f8                DiffSignal_Init
 .text.HAL_GPIO_EXTI_Callback
                0x0000000008004724       0x30 build/diff_signal_rx.o
                0x0000000008004724                HAL_GPIO_EXTI_Callback
 .text.HAL_ADC_ConvCpltCallback
                0x0000000008004754       0x50 build/diff_signal_rx.o
                0x0000000008004754                HAL_ADC_ConvCpltCallback
 .text.HAL_ADCEx_InjectedConvCpltCallback
                0x00000000080047a4        0x2 build/diff_signal_rx.o
                0x00000000080047a4                HAL_ADCEx_InjectedConvCpltCallback
 *fill*         0x00000000080047a6        0x2 
 .text.ADXL345_WriteReg
                0x00000000080047a8       0x54 build/ADXL345.o
 .text.ADXL345_Init
                0x00000000080047fc       0x22 build/ADXL345.o
                0x00000000080047fc                ADXL345_Init
 *fill*         0x000000000800481e        0x2 
 .text.ADXL345_ReadXYZ
                0x0000000008004820       0xb4 build/ADXL345.o
                0x0000000008004820                ADXL345_ReadXYZ
 .text.DHT22_Pin_Output
                0x00000000080048d4       0x28 build/DHT22.o
 .text.DHT22_Pin_Input
                0x00000000080048fc       0x24 build/DHT22.o
 .text.Delay_us
                0x0000000008004920        0x8 build/DHT22.o
 .text.DHT22_StartSignal
                0x0000000008004928       0x34 build/DHT22.o
 .text.DHT22_ReadBit
                0x000000000800495c       0x3c build/DHT22.o
 .text.DHT22_ReadByte
                0x0000000008004998       0x1e build/DHT22.o
 *fill*         0x00000000080049b6        0x2 
 .text.DHT22_CheckResponse
                0x00000000080049b8       0x58 build/DHT22.o
 .text.DHT22_Init
                0x0000000008004a10       0x34 build/DHT22.o
                0x0000000008004a10                DHT22_Init
 .text.DHT22_ReadData
                0x0000000008004a44       0xac build/DHT22.o
                0x0000000008004a44                DHT22_ReadData
 .text.EEPROM_Init
                0x0000000008004af0       0x94 build/eeprom.o
                0x0000000008004af0                EEPROM_Init
 .text.SoftTimer_Init
                0x0000000008004b84       0x30 build/soft_timer.o
                0x0000000008004b84                SoftTimer_Init
 .text.SoftTimer_Start
                0x0000000008004bb4       0x48 build/soft_timer.o
                0x0000000008004bb4                SoftTimer_Start
 .text.SoftTimer_Tick
                0x0000000008004bfc       0x70 build/soft_timer.o
                0x0000000008004bfc                SoftTimer_Tick
 .text.set_local_dht22_data
                0x0000000008004c6c        0xc build/data_collect.o
                0x0000000008004c6c                set_local_dht22_data
 .text.get_local_dht22_data
                0x0000000008004c78       0x10 build/data_collect.o
                0x0000000008004c78                get_local_dht22_data
 .text.set_local_adxl_345_data
                0x0000000008004c88       0x10 build/data_collect.o
                0x0000000008004c88                set_local_adxl_345_data
 .text.get_local_adxl_345_data
                0x0000000008004c98       0x18 build/data_collect.o
                0x0000000008004c98                get_local_adxl_345_data
 .text.set_local_power_data
                0x0000000008004cb0        0xc build/data_collect.o
                0x0000000008004cb0                set_local_power_data
 .text.get_local_power_data
                0x0000000008004cbc        0xc build/data_collect.o
                0x0000000008004cbc                get_local_power_data
 .text.MODS_WriteRegValue
                0x0000000008004cc8       0x14 build/RTUmodbus_slave.o
 .text.MODS_SendWithCRC
                0x0000000008004cdc       0x6c build/RTUmodbus_slave.o
 .text.MODS_SendAckOk
                0x0000000008004d48       0x30 build/RTUmodbus_slave.o
 .text.MODS_SendAckErr
                0x0000000008004d78       0x38 build/RTUmodbus_slave.o
 .text.MODS_05H
                0x0000000008004db0       0x78 build/RTUmodbus_slave.o
 .text.MODS_06H
                0x0000000008004e28       0x5c build/RTUmodbus_slave.o
 .text.MODS_10H
                0x0000000008004e84       0x78 build/RTUmodbus_slave.o
 .text.MODS_01H
                0x0000000008004efc       0xdc build/RTUmodbus_slave.o
 .text.MODS_02H
                0x0000000008004fd8       0xdc build/RTUmodbus_slave.o
 .text.MODS_04H
                0x00000000080050b4       0xf0 build/RTUmodbus_slave.o
 .text.MODS_ReciveNew_no_timer
                0x00000000080051a4       0x20 build/RTUmodbus_slave.o
                0x00000000080051a4                MODS_ReciveNew_no_timer
 .text.MODS_RxTimeOut
                0x00000000080051c4        0xc build/RTUmodbus_slave.o
                0x00000000080051c4                MODS_RxTimeOut
 .text.convert_float_to_uint32
                0x00000000080051d0        0x2 build/RTUmodbus_slave.o
                0x00000000080051d0                convert_float_to_uint32
 .text.MODS_ReadRegValue
                0x00000000080051d2       0xfc build/RTUmodbus_slave.o
 *fill*         0x00000000080052ce        0x2 
 .text.MODS_03H
                0x00000000080052d0       0xe0 build/RTUmodbus_slave.o
 .text.MODS_AnalyzeApp
                0x00000000080053b0       0x5c build/RTUmodbus_slave.o
 .text.MODS_Poll
                0x000000000800540c       0x58 build/RTUmodbus_slave.o
                0x000000000800540c                MODS_Poll
 .text.BEBufToUint16
                0x0000000008005464        0xa build/RTUmodbus_CRC.o
                0x0000000008005464                BEBufToUint16
 *fill*         0x000000000800546e        0x2 
 .text.CRC16_Modbus
                0x0000000008005470       0x30 build/RTUmodbus_CRC.o
                0x0000000008005470                CRC16_Modbus
 .text.Reset_Handler
                0x00000000080054a0       0x48 build/startup_stm32f103xe.o
                0x00000000080054a0                Reset_Handler
 .text.Default_Handler
                0x00000000080054e8        0x2 build/startup_stm32f103xe.o
                0x00000000080054e8                RTC_Alarm_IRQHandler
                0x00000000080054e8                EXTI2_IRQHandler
                0x00000000080054e8                TIM8_TRG_COM_IRQHandler
                0x00000000080054e8                TIM8_CC_IRQHandler
                0x00000000080054e8                TIM1_CC_IRQHandler
                0x00000000080054e8                PVD_IRQHandler
                0x00000000080054e8                SDIO_IRQHandler
                0x00000000080054e8                EXTI3_IRQHandler
                0x00000000080054e8                EXTI0_IRQHandler
                0x00000000080054e8                I2C2_EV_IRQHandler
                0x00000000080054e8                SPI1_IRQHandler
                0x00000000080054e8                TAMPER_IRQHandler
                0x00000000080054e8                TIM8_UP_IRQHandler
                0x00000000080054e8                DMA2_Channel2_IRQHandler
                0x00000000080054e8                DMA1_Channel4_IRQHandler
                0x00000000080054e8                RTC_IRQHandler
                0x00000000080054e8                DMA1_Channel7_IRQHandler
                0x00000000080054e8                CAN1_RX1_IRQHandler
                0x00000000080054e8                UART5_IRQHandler
                0x00000000080054e8                ADC3_IRQHandler
                0x00000000080054e8                TIM4_IRQHandler
                0x00000000080054e8                DMA2_Channel1_IRQHandler
                0x00000000080054e8                I2C1_EV_IRQHandler
                0x00000000080054e8                DMA1_Channel6_IRQHandler
                0x00000000080054e8                UART4_IRQHandler
                0x00000000080054e8                TIM3_IRQHandler
                0x00000000080054e8                RCC_IRQHandler
                0x00000000080054e8                TIM1_TRG_COM_IRQHandler
                0x00000000080054e8                DMA1_Channel1_IRQHandler
                0x00000000080054e8                Default_Handler
                0x00000000080054e8                EXTI15_10_IRQHandler
                0x00000000080054e8                TIM7_IRQHandler
                0x00000000080054e8                TIM5_IRQHandler
                0x00000000080054e8                EXTI9_5_IRQHandler
                0x00000000080054e8                SPI2_IRQHandler
                0x00000000080054e8                DMA1_Channel5_IRQHandler
                0x00000000080054e8                EXTI4_IRQHandler
                0x00000000080054e8                USB_LP_CAN1_RX0_IRQHandler
                0x00000000080054e8                USB_HP_CAN1_TX_IRQHandler
                0x00000000080054e8                DMA1_Channel3_IRQHandler
                0x00000000080054e8                FSMC_IRQHandler
                0x00000000080054e8                TIM1_UP_IRQHandler
                0x00000000080054e8                WWDG_IRQHandler
                0x00000000080054e8                TIM1_BRK_IRQHandler
                0x00000000080054e8                DMA2_Channel4_5_IRQHandler
                0x00000000080054e8                USART2_IRQHandler
                0x00000000080054e8                I2C2_ER_IRQHandler
                0x00000000080054e8                DMA1_Channel2_IRQHandler
                0x00000000080054e8                TIM8_BRK_IRQHandler
                0x00000000080054e8                CAN1_SCE_IRQHandler
                0x00000000080054e8                FLASH_IRQHandler
                0x00000000080054e8                USART1_IRQHandler
                0x00000000080054e8                SPI3_IRQHandler
                0x00000000080054e8                I2C1_ER_IRQHandler
                0x00000000080054e8                USBWakeUp_IRQHandler
                0x00000000080054e8                DMA2_Channel3_IRQHandler
 *fill*         0x00000000080054ea        0x2 
 .text.__libc_init_array
                0x00000000080054ec       0x48 /opt/gcc-arm-none-eabi-9-2020-q2-update/bin/../lib/gcc/arm-none-eabi/9.3.1/../../../../arm-none-eabi/lib/thumb/v7-m/nofp/libc_nano.a(lib_a-init.o)
                0x00000000080054ec                __libc_init_array
 .text.memcpy   0x0000000008005534       0x1c /opt/gcc-arm-none-eabi-9-2020-q2-update/bin/../lib/gcc/arm-none-eabi/9.3.1/../../../../arm-none-eabi/lib/thumb/v7-m/nofp/libc_nano.a(lib_a-memcpy-stub.o)
                0x0000000008005534                memcpy
 .text.memset   0x0000000008005550       0x10 /opt/gcc-arm-none-eabi-9-2020-q2-update/bin/../lib/gcc/arm-none-eabi/9.3.1/../../../../arm-none-eabi/lib/thumb/v7-m/nofp/libc_nano.a(lib_a-memset.o)
                0x0000000008005550                memset
 *(.glue_7)
 .glue_7        0x0000000008005560        0x0 linker stubs
 *(.glue_7t)
 .glue_7t       0x0000000008005560        0x0 linker stubs
 *(.eh_frame)
 .eh_frame      0x0000000008005560        0x0 /opt/gcc-arm-none-eabi-9-2020-q2-update/bin/../lib/gcc/arm-none-eabi/9.3.1/thumb/v7-m/nofp/crtbegin.o
 *(.init)
 .init          0x0000000008005560        0x4 /opt/gcc-arm-none-eabi-9-2020-q2-update/bin/../lib/gcc/arm-none-eabi/9.3.1/thumb/v7-m/nofp/crti.o
                0x0000000008005560                _init
 .init          0x0000000008005564        0x8 /opt/gcc-arm-none-eabi-9-2020-q2-update/bin/../lib/gcc/arm-none-eabi/9.3.1/thumb/v7-m/nofp/crtn.o
 *(.fini)
 .fini          0x000000000800556c        0x4 /opt/gcc-arm-none-eabi-9-2020-q2-update/bin/../lib/gcc/arm-none-eabi/9.3.1/thumb/v7-m/nofp/crti.o
                0x000000000800556c                _fini
 .fini          0x0000000008005570        0x8 /opt/gcc-arm-none-eabi-9-2020-q2-update/bin/../lib/gcc/arm-none-eabi/9.3.1/thumb/v7-m/nofp/crtn.o
                0x0000000008005578                . = ALIGN (0x4)
                0x0000000008005578                _etext = .

.vfp11_veneer   0x0000000008005578        0x0
 .vfp11_veneer  0x0000000008005578        0x0 linker stubs

.v4_bx          0x0000000008005578        0x0
 .v4_bx         0x0000000008005578        0x0 linker stubs

.iplt           0x0000000008005578        0x0
 .iplt          0x0000000008005578        0x0 /opt/gcc-arm-none-eabi-9-2020-q2-update/bin/../lib/gcc/arm-none-eabi/9.3.1/thumb/v7-m/nofp/crtbegin.o

.rodata         0x0000000008005578      0x32c
                0x0000000008005578                . = ALIGN (0x4)
 *(.rodata)
 *(.rodata*)
 .rodata.SystemClock_Config.str1.4
                0x0000000008005578       0x21 build/main.o
 *fill*         0x0000000008005599        0x3 
 .rodata.main.str1.4
                0x000000000800559c       0x49 build/main.o
 *fill*         0x00000000080055e5        0x3 
 .rodata.USART3_Driver_Init.str1.4
                0x00000000080055e8       0x11 build/uart3_drv.o
 *fill*         0x00000000080055f9        0x3 
 .rodata.HAL_RCC_GetSysClockFreq.str1.4
                0x00000000080055fc       0x11 build/stm32f1xx_hal_rcc.o
 .rodata.HAL_RCCEx_GetPeriphCLKFreq.str1.4
                0x000000000800560d       0x11 build/stm32f1xx_hal_rcc_ex.o
 *fill*         0x000000000800560d        0x3 
 .rodata.AHBPrescTable
                0x0000000008005610       0x10 build/system_stm32f1xx.o
                0x0000000008005610                AHBPrescTable
 .rodata.APBPrescTable
                0x0000000008005620        0x8 build/system_stm32f1xx.o
                0x0000000008005620                APBPrescTable
 .rodata._DoInit.str1.4
                0x0000000008005628       0x17 build/SEGGER_RTT.o
 *fill*         0x000000000800563f        0x1 
 .rodata._aV2C.4908
                0x0000000008005640       0x10 build/SEGGER_RTT_printf.o
 .rodata.ADXL345_WriteReg.str1.4
                0x0000000008005650       0x1e build/ADXL345.o
 *fill*         0x000000000800566e        0x2 
 .rodata.DHT22_CheckResponse.str1.4
                0x0000000008005670        0xe build/DHT22.o
 *fill*         0x000000000800567e        0x2 
 .rodata.MODS_SendAckErr.str1.4
                0x0000000008005680        0xe build/RTUmodbus_slave.o
 *fill*         0x000000000800568e        0x2 
 .rodata.MODS_Poll.str1.4
                0x0000000008005690       0x12 build/RTUmodbus_slave.o
 *fill*         0x00000000080056a2        0x2 
 .rodata.s_CRCHi
                0x00000000080056a4      0x100 build/RTUmodbus_CRC.o
 .rodata.s_CRCLo
                0x00000000080057a4      0x100 build/RTUmodbus_CRC.o
                0x00000000080057a4                s_CRCLo
                0x00000000080058a4                . = ALIGN (0x4)

.ARM.extab
 *(.ARM.extab* .gnu.linkonce.armextab.*)

.ARM            0x00000000080058a4        0x8
                0x00000000080058a4                __exidx_start = .
 *(.ARM.exidx*)
 .ARM.exidx     0x00000000080058a4        0x8 /opt/gcc-arm-none-eabi-9-2020-q2-update/bin/../lib/gcc/arm-none-eabi/9.3.1/thumb/v7-m/nofp/libgcc.a(_udivmoddi4.o)
                0x00000000080058ac                __exidx_end = .

.rel.dyn        0x00000000080058ac        0x0
 .rel.iplt      0x00000000080058ac        0x0 /opt/gcc-arm-none-eabi-9-2020-q2-update/bin/../lib/gcc/arm-none-eabi/9.3.1/thumb/v7-m/nofp/crtbegin.o

.preinit_array  0x00000000080058ac        0x0
                0x00000000080058ac                PROVIDE (__preinit_array_start = .)
 *(.preinit_array*)
                0x00000000080058ac                PROVIDE (__preinit_array_end = .)

.init_array     0x00000000080058ac        0x4
                0x00000000080058ac                PROVIDE (__init_array_start = .)
 *(SORT_BY_NAME(.init_array.*))
 *(.init_array*)
 .init_array    0x00000000080058ac        0x4 /opt/gcc-arm-none-eabi-9-2020-q2-update/bin/../lib/gcc/arm-none-eabi/9.3.1/thumb/v7-m/nofp/crtbegin.o
                0x00000000080058b0                PROVIDE (__init_array_end = .)

.fini_array     0x00000000080058b0        0x4
                [!provide]                        PROVIDE (__fini_array_start = .)
 *(SORT_BY_NAME(.fini_array.*))
 *(.fini_array*)
 .fini_array    0x00000000080058b0        0x4 /opt/gcc-arm-none-eabi-9-2020-q2-update/bin/../lib/gcc/arm-none-eabi/9.3.1/thumb/v7-m/nofp/crtbegin.o
                [!provide]                        PROVIDE (__fini_array_end = .)
                0x00000000080058b4                _sidata = LOADADDR (.data)

.data           0x0000000020000000        0xc load address 0x00000000080058b4
                0x0000000020000000                . = ALIGN (0x4)
                0x0000000020000000                _sdata = .
 *(.data)
 *(.data*)
 .data.modbus_analyze_status
                0x0000000020000000        0x1 build/main.o
                0x0000000020000000                modbus_analyze_status
 .data.uwTickFreq
                0x0000000020000001        0x1 build/stm32f1xx_hal.o
                0x0000000020000001                uwTickFreq
 *fill*         0x0000000020000002        0x2 
 .data.uwTickPrio
                0x0000000020000004        0x4 build/stm32f1xx_hal.o
                0x0000000020000004                uwTickPrio
 .data.SystemCoreClock
                0x0000000020000008        0x4 build/system_stm32f1xx.o
                0x0000000020000008                SystemCoreClock
                0x000000002000000c                . = ALIGN (0x4)
                0x000000002000000c                _edata = .

.igot.plt       0x000000002000000c        0x0 load address 0x00000000080058c0
 .igot.plt      0x000000002000000c        0x0 /opt/gcc-arm-none-eabi-9-2020-q2-update/bin/../lib/gcc/arm-none-eabi/9.3.1/thumb/v7-m/nofp/crtbegin.o
                0x000000002000000c                . = ALIGN (0x4)

.bss            0x000000002000000c      0xa5c load address 0x00000000080058c0
                0x000000002000000c                _sbss = .
                0x000000002000000c                __bss_start__ = _sbss
 *(.bss)
 .bss           0x000000002000000c       0x1c /opt/gcc-arm-none-eabi-9-2020-q2-update/bin/../lib/gcc/arm-none-eabi/9.3.1/thumb/v7-m/nofp/crtbegin.o
 *(.bss*)
 .bss.rx_buf    0x0000000020000028      0x200 build/uart3_drv.o
 .bss.rx_head   0x0000000020000228        0x2 build/uart3_drv.o
 .bss.rx_tail   0x000000002000022a        0x2 build/uart3_drv.o
 .bss.hadc1     0x000000002000022c       0x30 build/battery_adc.o
 .bss._acDownBuffer
                0x000000002000025c       0x10 build/SEGGER_RTT.o
 .bss._acUpBuffer
                0x000000002000026c      0x400 build/SEGGER_RTT.o
 .bss.bit_cnt   0x000000002000066c        0x1 build/diff_signal_rx.o
 .bss.recv_byte
                0x000000002000066d        0x1 build/diff_signal_rx.o
 *fill*         0x000000002000066e        0x2 
 .bss.timers    0x0000000020000670       0xa0 build/soft_timer.o
 .bss.all_data_gather
                0x0000000020000710       0x18 build/data_collect.o
                0x0000000020000710                all_data_gather
 .bss.g_mods_timeout
                0x0000000020000728        0x1 build/RTUmodbus_slave.o
 *(COMMON)
 *fill*         0x0000000020000729        0x3 
 COMMON         0x000000002000072c       0x58 build/spi.o
                0x000000002000072c                hspi2
 COMMON         0x0000000020000784      0x120 build/tim.o
                0x0000000020000784                htim8
                0x00000000200007cc                htim6
                0x0000000020000814                htim1
                0x000000002000085c                htim2
 COMMON         0x00000000200008a4       0x44 build/uart3_drv.o
                0x00000000200008a4                huart3
 COMMON         0x00000000200008e8        0x4 build/stm32f1xx_hal.o
                0x00000000200008e8                uwTick
 COMMON         0x00000000200008ec       0xa8 build/SEGGER_RTT.o
                0x00000000200008ec                _SEGGER_RTT
 COMMON         0x0000000020000994       0x30 build/diff_signal_rx.o
                0x0000000020000994                hadc1
 COMMON         0x00000000200009c4       0xa3 build/RTUmodbus_slave.o
                0x00000000200009c4                g_tModS
                0x0000000020000a68                . = ALIGN (0x4)
 *fill*         0x0000000020000a67        0x1 
                0x0000000020000a68                _ebss = .
                0x0000000020000a68                __bss_end__ = _ebss

._user_heap_stack
                0x0000000020000a68      0x600 load address 0x00000000080058c0
                0x0000000020000a68                . = ALIGN (0x8)
                [!provide]                        PROVIDE (end = .)
                [!provide]                        PROVIDE (_end = .)
                0x0000000020000c68                . = (. + _Min_Heap_Size)
 *fill*         0x0000000020000a68      0x200 
                0x0000000020001068                . = (. + _Min_Stack_Size)
 *fill*         0x0000000020000c68      0x400 
                0x0000000020001068                . = ALIGN (0x8)

/DISCARD/
 libc.a(*)
 libm.a(*)
 libgcc.a(*)

.ARM.attributes
                0x0000000000000000       0x29
 *(.ARM.attributes)
 .ARM.attributes
                0x0000000000000000       0x1d /opt/gcc-arm-none-eabi-9-2020-q2-update/bin/../lib/gcc/arm-none-eabi/9.3.1/thumb/v7-m/nofp/crti.o
 .ARM.attributes
                0x000000000000001d       0x2d /opt/gcc-arm-none-eabi-9-2020-q2-update/bin/../lib/gcc/arm-none-eabi/9.3.1/thumb/v7-m/nofp/crtbegin.o
 .ARM.attributes
                0x000000000000004a       0x2d build/main.o
 .ARM.attributes
                0x0000000000000077       0x2d build/gpio.o
 .ARM.attributes
                0x00000000000000a4       0x2d build/spi.o
 .ARM.attributes
                0x00000000000000d1       0x2d build/tim.o
 .ARM.attributes
                0x00000000000000fe       0x2d build/uart3_drv.o
 .ARM.attributes
                0x000000000000012b       0x2d build/battery_adc.o
 .ARM.attributes
                0x0000000000000158       0x2d build/stm32f1xx_it.o
 .ARM.attributes
                0x0000000000000185       0x2d build/stm32f1xx_hal_msp.o
 .ARM.attributes
                0x00000000000001b2       0x2d build/stm32f1xx_hal_uart.o
 .ARM.attributes
                0x00000000000001df       0x2d build/stm32f1xx_hal_spi.o
 .ARM.attributes
                0x000000000000020c       0x2d build/stm32f1xx_hal_adc.o
 .ARM.attributes
                0x0000000000000239       0x2d build/stm32f1xx_hal.o
 .ARM.attributes
                0x0000000000000266       0x2d build/stm32f1xx_hal_rcc.o
 .ARM.attributes
                0x0000000000000293       0x2d build/stm32f1xx_hal_rcc_ex.o
 .ARM.attributes
                0x00000000000002c0       0x2d build/stm32f1xx_hal_gpio.o
 .ARM.attributes
                0x00000000000002ed       0x2d build/stm32f1xx_hal_cortex.o
 .ARM.attributes
                0x000000000000031a       0x2d build/stm32f1xx_hal_tim.o
 .ARM.attributes
                0x0000000000000347       0x2d build/stm32f1xx_hal_tim_ex.o
 .ARM.attributes
                0x0000000000000374       0x2d build/system_stm32f1xx.o
 .ARM.attributes
                0x00000000000003a1       0x2d build/SEGGER_RTT.o
 .ARM.attributes
                0x00000000000003ce       0x2d build/SEGGER_RTT_printf.o
 .ARM.attributes
                0x00000000000003fb       0x2d build/diff_signal.o
 .ARM.attributes
                0x0000000000000428       0x2d build/diff_signal_rx.o
 .ARM.attributes
                0x0000000000000455       0x2d build/ADXL345.o
 .ARM.attributes
                0x0000000000000482       0x2d build/DHT22.o
 .ARM.attributes
                0x00000000000004af       0x2d build/eeprom.o
 .ARM.attributes
                0x00000000000004dc       0x2d build/soft_timer.o
 .ARM.attributes
                0x0000000000000509       0x2d build/data_collect.o
 .ARM.attributes
                0x0000000000000536       0x2d build/RTUmodbus_slave.o
 .ARM.attributes
                0x0000000000000563       0x2d build/RTUmodbus_CRC.o
 .ARM.attributes
                0x0000000000000590       0x21 build/startup_stm32f103xe.o
 .ARM.attributes
                0x00000000000005b1       0x2d /opt/gcc-arm-none-eabi-9-2020-q2-update/bin/../lib/gcc/arm-none-eabi/9.3.1/../../../../arm-none-eabi/lib/thumb/v7-m/nofp/libc_nano.a(lib_a-init.o)
 .ARM.attributes
                0x00000000000005de       0x2d /opt/gcc-arm-none-eabi-9-2020-q2-update/bin/../lib/gcc/arm-none-eabi/9.3.1/../../../../arm-none-eabi/lib/thumb/v7-m/nofp/libc_nano.a(lib_a-memcpy-stub.o)
 .ARM.attributes
                0x000000000000060b       0x2d /opt/gcc-arm-none-eabi-9-2020-q2-update/bin/../lib/gcc/arm-none-eabi/9.3.1/../../../../arm-none-eabi/lib/thumb/v7-m/nofp/libc_nano.a(lib_a-memset.o)
 .ARM.attributes
                0x0000000000000638       0x1d /opt/gcc-arm-none-eabi-9-2020-q2-update/bin/../lib/gcc/arm-none-eabi/9.3.1/thumb/v7-m/nofp/libgcc.a(_arm_muldf3.o)
 .ARM.attributes
                0x0000000000000655       0x1d /opt/gcc-arm-none-eabi-9-2020-q2-update/bin/../lib/gcc/arm-none-eabi/9.3.1/thumb/v7-m/nofp/libgcc.a(_arm_mulsf3.o)
 .ARM.attributes
                0x0000000000000672       0x1d /opt/gcc-arm-none-eabi-9-2020-q2-update/bin/../lib/gcc/arm-none-eabi/9.3.1/thumb/v7-m/nofp/libgcc.a(_arm_addsubdf3.o)
 .ARM.attributes
                0x000000000000068f       0x1d /opt/gcc-arm-none-eabi-9-2020-q2-update/bin/../lib/gcc/arm-none-eabi/9.3.1/thumb/v7-m/nofp/libgcc.a(_arm_truncdfsf2.o)
 .ARM.attributes
                0x00000000000006ac       0x1d /opt/gcc-arm-none-eabi-9-2020-q2-update/bin/../lib/gcc/arm-none-eabi/9.3.1/thumb/v7-m/nofp/libgcc.a(_arm_addsubsf3.o)
 .ARM.attributes
                0x00000000000006c9       0x1d /opt/gcc-arm-none-eabi-9-2020-q2-update/bin/../lib/gcc/arm-none-eabi/9.3.1/thumb/v7-m/nofp/libgcc.a(_arm_cmpsf2.o)
 .ARM.attributes
                0x00000000000006e6       0x1d /opt/gcc-arm-none-eabi-9-2020-q2-update/bin/../lib/gcc/arm-none-eabi/9.3.1/thumb/v7-m/nofp/libgcc.a(_arm_fixsfsi.o)
 .ARM.attributes
                0x0000000000000703       0x1d /opt/gcc-arm-none-eabi-9-2020-q2-update/bin/../lib/gcc/arm-none-eabi/9.3.1/thumb/v7-m/nofp/libgcc.a(_arm_fixunssfsi.o)
 .ARM.attributes
                0x0000000000000720       0x1d /opt/gcc-arm-none-eabi-9-2020-q2-update/bin/../lib/gcc/arm-none-eabi/9.3.1/thumb/v7-m/nofp/libgcc.a(_aeabi_uldivmod.o)
 .ARM.attributes
                0x000000000000073d       0x2d /opt/gcc-arm-none-eabi-9-2020-q2-update/bin/../lib/gcc/arm-none-eabi/9.3.1/thumb/v7-m/nofp/libgcc.a(_udivmoddi4.o)
 .ARM.attributes
                0x000000000000076a       0x1d /opt/gcc-arm-none-eabi-9-2020-q2-update/bin/../lib/gcc/arm-none-eabi/9.3.1/thumb/v7-m/nofp/libgcc.a(_dvmd_tls.o)
 .ARM.attributes
                0x0000000000000787       0x1d /opt/gcc-arm-none-eabi-9-2020-q2-update/bin/../lib/gcc/arm-none-eabi/9.3.1/thumb/v7-m/nofp/crtn.o
OUTPUT(build/underwater_comm.elf elf32-littlearm)
LOAD linker stubs
LOAD /opt/gcc-arm-none-eabi-9-2020-q2-update/bin/../lib/gcc/arm-none-eabi/9.3.1/../../../../arm-none-eabi/lib/thumb/v7-m/nofp/libc.a
LOAD /opt/gcc-arm-none-eabi-9-2020-q2-update/bin/../lib/gcc/arm-none-eabi/9.3.1/../../../../arm-none-eabi/lib/thumb/v7-m/nofp/libm.a
LOAD /opt/gcc-arm-none-eabi-9-2020-q2-update/bin/../lib/gcc/arm-none-eabi/9.3.1/thumb/v7-m/nofp/libgcc.a

.debug_info     0x0000000000000000    0x20f80
 .debug_info    0x0000000000000000     0x2365 build/main.o
 .debug_info    0x0000000000002365      0x524 build/gpio.o
 .debug_info    0x0000000000002889      0xa20 build/spi.o
 .debug_info    0x00000000000032a9     0x1159 build/tim.o
 .debug_info    0x0000000000004402     0x19e3 build/uart3_drv.o
 .debug_info    0x0000000000005de5      0xc2f build/battery_adc.o
 .debug_info    0x0000000000006a14      0xc66 build/stm32f1xx_it.o
 .debug_info    0x000000000000767a      0x293 build/stm32f1xx_hal_msp.o
 .debug_info    0x000000000000790d     0x1ef4 build/stm32f1xx_hal_uart.o
 .debug_info    0x0000000000009801     0x1fc2 build/stm32f1xx_hal_spi.o
 .debug_info    0x000000000000b7c3     0x10f9 build/stm32f1xx_hal_adc.o
 .debug_info    0x000000000000c8bc      0x94a build/stm32f1xx_hal.o
 .debug_info    0x000000000000d206      0xb67 build/stm32f1xx_hal_rcc.o
 .debug_info    0x000000000000dd6d      0x582 build/stm32f1xx_hal_rcc_ex.o
 .debug_info    0x000000000000e2ef      0x7d1 build/stm32f1xx_hal_gpio.o
 .debug_info    0x000000000000eac0      0xf5d build/stm32f1xx_hal_cortex.o
 .debug_info    0x000000000000fa1d     0x3ee7 build/stm32f1xx_hal_tim.o
 .debug_info    0x0000000000013904     0x1c60 build/stm32f1xx_hal_tim_ex.o
 .debug_info    0x0000000000015564      0x2f7 build/system_stm32f1xx.o
 .debug_info    0x000000000001585b     0x1ec6 build/SEGGER_RTT.o
 .debug_info    0x0000000000017721     0x1146 build/SEGGER_RTT_printf.o
 .debug_info    0x0000000000018867     0x1963 build/diff_signal.o
 .debug_info    0x000000000001a1ca     0x10fa build/diff_signal_rx.o
 .debug_info    0x000000000001b2c4     0x15d9 build/ADXL345.o
 .debug_info    0x000000000001c89d      0x7e0 build/DHT22.o
 .debug_info    0x000000000001d07d      0xdd0 build/eeprom.o
 .debug_info    0x000000000001de4d      0x29a build/soft_timer.o
 .debug_info    0x000000000001e0e7      0xc0b build/data_collect.o
 .debug_info    0x000000000001ecf2     0x1ad5 build/RTUmodbus_slave.o
 .debug_info    0x00000000000207c7      0x797 build/RTUmodbus_CRC.o
 .debug_info    0x0000000000020f5e       0x22 build/startup_stm32f103xe.o

.debug_abbrev   0x0000000000000000     0x4c1e
 .debug_abbrev  0x0000000000000000      0x362 build/main.o
 .debug_abbrev  0x0000000000000362      0x17e build/gpio.o
 .debug_abbrev  0x00000000000004e0      0x1f1 build/spi.o
 .debug_abbrev  0x00000000000006d1      0x255 build/tim.o
 .debug_abbrev  0x0000000000000926      0x39e build/uart3_drv.o
 .debug_abbrev  0x0000000000000cc4      0x27e build/battery_adc.o
 .debug_abbrev  0x0000000000000f42      0x1e6 build/stm32f1xx_it.o
 .debug_abbrev  0x0000000000001128      0x11c build/stm32f1xx_hal_msp.o
 .debug_abbrev  0x0000000000001244      0x2ea build/stm32f1xx_hal_uart.o
 .debug_abbrev  0x000000000000152e      0x2be build/stm32f1xx_hal_spi.o
 .debug_abbrev  0x00000000000017ec      0x265 build/stm32f1xx_hal_adc.o
 .debug_abbrev  0x0000000000001a51      0x21c build/stm32f1xx_hal.o
 .debug_abbrev  0x0000000000001c6d      0x2ad build/stm32f1xx_hal_rcc.o
 .debug_abbrev  0x0000000000001f1a      0x1fb build/stm32f1xx_hal_rcc_ex.o
 .debug_abbrev  0x0000000000002115      0x24f build/stm32f1xx_hal_gpio.o
 .debug_abbrev  0x0000000000002364      0x37f build/stm32f1xx_hal_cortex.o
 .debug_abbrev  0x00000000000026e3      0x2c3 build/stm32f1xx_hal_tim.o
 .debug_abbrev  0x00000000000029a6      0x2ab build/stm32f1xx_hal_tim_ex.o
 .debug_abbrev  0x0000000000002c51      0x153 build/system_stm32f1xx.o
 .debug_abbrev  0x0000000000002da4      0x363 build/SEGGER_RTT.o
 .debug_abbrev  0x0000000000003107      0x350 build/SEGGER_RTT_printf.o
 .debug_abbrev  0x0000000000003457      0x2f0 build/diff_signal.o
 .debug_abbrev  0x0000000000003747      0x270 build/diff_signal_rx.o
 .debug_abbrev  0x00000000000039b7      0x30c build/ADXL345.o
 .debug_abbrev  0x0000000000003cc3      0x23d build/DHT22.o
 .debug_abbrev  0x0000000000003f00      0x25a build/eeprom.o
 .debug_abbrev  0x000000000000415a      0x1aa build/soft_timer.o
 .debug_abbrev  0x0000000000004304      0x22c build/data_collect.o
 .debug_abbrev  0x0000000000004530      0x433 build/RTUmodbus_slave.o
 .debug_abbrev  0x0000000000004963      0x2a9 build/RTUmodbus_CRC.o
 .debug_abbrev  0x0000000000004c0c       0x12 build/startup_stm32f103xe.o

.debug_loc      0x0000000000000000    0x14196
 .debug_loc     0x0000000000000000      0x1a1 build/main.o
 .debug_loc     0x00000000000001a1       0x39 build/gpio.o
 .debug_loc     0x00000000000001da      0x108 build/spi.o
 .debug_loc     0x00000000000002e2      0x1ab build/tim.o
 .debug_loc     0x000000000000048d      0x45e build/uart3_drv.o
 .debug_loc     0x00000000000008eb      0x287 build/battery_adc.o
 .debug_loc     0x0000000000000b72       0xfc build/stm32f1xx_it.o
 .debug_loc     0x0000000000000c6e       0x2c build/stm32f1xx_hal_msp.o
 .debug_loc     0x0000000000000c9a     0x267b build/stm32f1xx_hal_uart.o
 .debug_loc     0x0000000000003315     0x2452 build/stm32f1xx_hal_spi.o
 .debug_loc     0x0000000000005767      0xdf1 build/stm32f1xx_hal_adc.o
 .debug_loc     0x0000000000006558      0x1e1 build/stm32f1xx_hal.o
 .debug_loc     0x0000000000006739      0x7c0 build/stm32f1xx_hal_rcc.o
 .debug_loc     0x0000000000006ef9      0x432 build/stm32f1xx_hal_rcc_ex.o
 .debug_loc     0x000000000000732b      0x53b build/stm32f1xx_hal_gpio.o
 .debug_loc     0x0000000000007866      0x7af build/stm32f1xx_hal_cortex.o
 .debug_loc     0x0000000000008015     0x51da build/stm32f1xx_hal_tim.o
 .debug_loc     0x000000000000d1ef     0x1f4b build/stm32f1xx_hal_tim_ex.o
 .debug_loc     0x000000000000f13a       0xff build/system_stm32f1xx.o
 .debug_loc     0x000000000000f239     0x1f6d build/SEGGER_RTT.o
 .debug_loc     0x00000000000111a6      0x78e build/SEGGER_RTT_printf.o
 .debug_loc     0x0000000000011934      0x1d9 build/diff_signal.o
 .debug_loc     0x0000000000011b0d       0xed build/diff_signal_rx.o
 .debug_loc     0x0000000000011bfa      0x315 build/ADXL345.o
 .debug_loc     0x0000000000011f0f      0x361 build/DHT22.o
 .debug_loc     0x0000000000012270      0x609 build/eeprom.o
 .debug_loc     0x0000000000012879      0x1a8 build/soft_timer.o
 .debug_loc     0x0000000000012a21       0x51 build/data_collect.o
 .debug_loc     0x0000000000012a72      0xcb2 build/RTUmodbus_slave.o
 .debug_loc     0x0000000000013724      0xa72 build/RTUmodbus_CRC.o

.debug_aranges  0x0000000000000000     0x13b8
 .debug_aranges
                0x0000000000000000       0x48 build/main.o
 .debug_aranges
                0x0000000000000048       0x20 build/gpio.o
 .debug_aranges
                0x0000000000000068       0x30 build/spi.o
 .debug_aranges
                0x0000000000000098       0x48 build/tim.o
 .debug_aranges
                0x00000000000000e0       0x70 build/uart3_drv.o
 .debug_aranges
                0x0000000000000150       0x60 build/battery_adc.o
 .debug_aranges
                0x00000000000001b0       0x88 build/stm32f1xx_it.o
 .debug_aranges
                0x0000000000000238       0x20 build/stm32f1xx_hal_msp.o
 .debug_aranges
                0x0000000000000258      0x200 build/stm32f1xx_hal_uart.o
 .debug_aranges
                0x0000000000000458      0x1d0 build/stm32f1xx_hal_spi.o
 .debug_aranges
                0x0000000000000628       0xf0 build/stm32f1xx_hal_adc.o
 .debug_aranges
                0x0000000000000718       0xe0 build/stm32f1xx_hal.o
 .debug_aranges
                0x00000000000007f8       0x90 build/stm32f1xx_hal_rcc.o
 .debug_aranges
                0x0000000000000888       0x30 build/stm32f1xx_hal_rcc_ex.o
 .debug_aranges
                0x00000000000008b8       0x58 build/stm32f1xx_hal_gpio.o
 .debug_aranges
                0x0000000000000910       0x90 build/stm32f1xx_hal_cortex.o
 .debug_aranges
                0x00000000000009a0      0x3d0 build/stm32f1xx_hal_tim.o
 .debug_aranges
                0x0000000000000d70      0x168 build/stm32f1xx_hal_tim_ex.o
 .debug_aranges
                0x0000000000000ed8       0x28 build/system_stm32f1xx.o
 .debug_aranges
                0x0000000000000f00       0xf0 build/SEGGER_RTT.o
 .debug_aranges
                0x0000000000000ff0       0x40 build/SEGGER_RTT_printf.o
 .debug_aranges
                0x0000000000001030       0x48 build/diff_signal.o
 .debug_aranges
                0x0000000000001078       0x40 build/diff_signal_rx.o
 .debug_aranges
                0x00000000000010b8       0x48 build/ADXL345.o
 .debug_aranges
                0x0000000000001100       0x60 build/DHT22.o
 .debug_aranges
                0x0000000000001160       0x70 build/eeprom.o
 .debug_aranges
                0x00000000000011d0       0x38 build/soft_timer.o
 .debug_aranges
                0x0000000000001208       0x48 build/data_collect.o
 .debug_aranges
                0x0000000000001250       0xa0 build/RTUmodbus_slave.o
 .debug_aranges
                0x00000000000012f0       0xa0 build/RTUmodbus_CRC.o
 .debug_aranges
                0x0000000000001390       0x28 build/startup_stm32f103xe.o

.debug_ranges   0x0000000000000000     0x1448
 .debug_ranges  0x0000000000000000       0x38 build/main.o
 .debug_ranges  0x0000000000000038       0x10 build/gpio.o
 .debug_ranges  0x0000000000000048       0x20 build/spi.o
 .debug_ranges  0x0000000000000068       0x38 build/tim.o
 .debug_ranges  0x00000000000000a0       0x90 build/uart3_drv.o
 .debug_ranges  0x0000000000000130       0x68 build/battery_adc.o
 .debug_ranges  0x0000000000000198       0x78 build/stm32f1xx_it.o
 .debug_ranges  0x0000000000000210       0x10 build/stm32f1xx_hal_msp.o
 .debug_ranges  0x0000000000000220      0x1f0 build/stm32f1xx_hal_uart.o
 .debug_ranges  0x0000000000000410      0x1c0 build/stm32f1xx_hal_spi.o
 .debug_ranges  0x00000000000005d0       0xe0 build/stm32f1xx_hal_adc.o
 .debug_ranges  0x00000000000006b0       0xd0 build/stm32f1xx_hal.o
 .debug_ranges  0x0000000000000780       0xa0 build/stm32f1xx_hal_rcc.o
 .debug_ranges  0x0000000000000820       0x38 build/stm32f1xx_hal_rcc_ex.o
 .debug_ranges  0x0000000000000858       0x48 build/stm32f1xx_hal_gpio.o
 .debug_ranges  0x00000000000008a0       0xe0 build/stm32f1xx_hal_cortex.o
 .debug_ranges  0x0000000000000980      0x3c0 build/stm32f1xx_hal_tim.o
 .debug_ranges  0x0000000000000d40      0x158 build/stm32f1xx_hal_tim_ex.o
 .debug_ranges  0x0000000000000e98       0x18 build/system_stm32f1xx.o
 .debug_ranges  0x0000000000000eb0      0x150 build/SEGGER_RTT.o
 .debug_ranges  0x0000000000001000       0x48 build/SEGGER_RTT_printf.o
 .debug_ranges  0x0000000000001048       0x68 build/diff_signal.o
 .debug_ranges  0x00000000000010b0       0x30 build/diff_signal_rx.o
 .debug_ranges  0x00000000000010e0       0x38 build/ADXL345.o
 .debug_ranges  0x0000000000001118       0x68 build/DHT22.o
 .debug_ranges  0x0000000000001180       0xf0 build/eeprom.o
 .debug_ranges  0x0000000000001270       0x60 build/soft_timer.o
 .debug_ranges  0x00000000000012d0       0x38 build/data_collect.o
 .debug_ranges  0x0000000000001308       0x90 build/RTUmodbus_slave.o
 .debug_ranges  0x0000000000001398       0x90 build/RTUmodbus_CRC.o
 .debug_ranges  0x0000000000001428       0x20 build/startup_stm32f103xe.o

.debug_line     0x0000000000000000    0x14936
 .debug_line    0x0000000000000000      0x5f3 build/main.o
 .debug_line    0x00000000000005f3      0x287 build/gpio.o
 .debug_line    0x000000000000087a      0x325 build/spi.o
 .debug_line    0x0000000000000b9f      0x5e4 build/tim.o
 .debug_line    0x0000000000001183      0x5d2 build/uart3_drv.o
 .debug_line    0x0000000000001755      0x43b build/battery_adc.o
 .debug_line    0x0000000000001b90      0x407 build/stm32f1xx_it.o
 .debug_line    0x0000000000001f97      0x1b5 build/stm32f1xx_hal_msp.o
 .debug_line    0x000000000000214c     0x20c1 build/stm32f1xx_hal_uart.o
 .debug_line    0x000000000000420d     0x244a build/stm32f1xx_hal_spi.o
 .debug_line    0x0000000000006657      0xeee build/stm32f1xx_hal_adc.o
 .debug_line    0x0000000000007545      0x4fc build/stm32f1xx_hal.o
 .debug_line    0x0000000000007a41      0xc19 build/stm32f1xx_hal_rcc.o
 .debug_line    0x000000000000865a      0x4ce build/stm32f1xx_hal_rcc_ex.o
 .debug_line    0x0000000000008b28      0x60f build/stm32f1xx_hal_gpio.o
 .debug_line    0x0000000000009137      0x652 build/stm32f1xx_hal_cortex.o
 .debug_line    0x0000000000009789     0x476a build/stm32f1xx_hal_tim.o
 .debug_line    0x000000000000def3     0x1be8 build/stm32f1xx_hal_tim_ex.o
 .debug_line    0x000000000000fadb      0x26c build/system_stm32f1xx.o
 .debug_line    0x000000000000fd47      0xfac build/SEGGER_RTT.o
 .debug_line    0x0000000000010cf3      0x70b build/SEGGER_RTT_printf.o
 .debug_line    0x00000000000113fe      0x49f build/diff_signal.o
 .debug_line    0x000000000001189d      0x3ce build/diff_signal_rx.o
 .debug_line    0x0000000000011c6b      0x450 build/ADXL345.o
 .debug_line    0x00000000000120bb      0x4c8 build/DHT22.o
 .debug_line    0x0000000000012583      0x6ed build/eeprom.o
 .debug_line    0x0000000000012c70      0x2ff build/soft_timer.o
 .debug_line    0x0000000000012f6f      0x2a2 build/data_collect.o
 .debug_line    0x0000000000013211      0xe18 build/RTUmodbus_slave.o
 .debug_line    0x0000000000014029      0x898 build/RTUmodbus_CRC.o
 .debug_line    0x00000000000148c1       0x75 build/startup_stm32f103xe.o

.debug_str      0x0000000000000000     0x58ac
 .debug_str     0x0000000000000000     0x144d build/main.o
                                       0x1564 (size before relaxing)
 .debug_str     0x000000000000144d       0xc9 build/gpio.o
                                        0x331 (size before relaxing)
 .debug_str     0x0000000000001516       0x58 build/spi.o
                                        0x733 (size before relaxing)
 .debug_str     0x000000000000156e      0x61b build/tim.o
                                        0xe39 (size before relaxing)
 .debug_str     0x0000000000001b89      0x2c0 build/uart3_drv.o
                                       0x10c0 (size before relaxing)
 .debug_str     0x0000000000001e49      0x2ac build/battery_adc.o
                                        0x7da (size before relaxing)
 .debug_str     0x00000000000020f5      0x179 build/stm32f1xx_it.o
                                        0x9d3 (size before relaxing)
 .debug_str     0x000000000000226e       0x29 build/stm32f1xx_hal_msp.o
                                        0x2a5 (size before relaxing)
 .debug_str     0x0000000000002297      0x677 build/stm32f1xx_hal_uart.o
                                        0xd30 (size before relaxing)
 .debug_str     0x000000000000290e      0x510 build/stm32f1xx_hal_spi.o
                                        0xbff (size before relaxing)
 .debug_str     0x0000000000002e1e      0x2c8 build/stm32f1xx_hal_adc.o
                                        0x965 (size before relaxing)
 .debug_str     0x00000000000030e6      0x258 build/stm32f1xx_hal.o
                                        0x92b (size before relaxing)
 .debug_str     0x000000000000333e      0x1ad build/stm32f1xx_hal_rcc.o
                                        0x696 (size before relaxing)
 .debug_str     0x00000000000034eb       0x81 build/stm32f1xx_hal_rcc_ex.o
                                        0x4b3 (size before relaxing)
 .debug_str     0x000000000000356c       0xf9 build/stm32f1xx_hal_gpio.o
                                        0x4b4 (size before relaxing)
 .debug_str     0x0000000000003665      0x37d build/stm32f1xx_hal_cortex.o
                                        0xa47 (size before relaxing)
 .debug_str     0x00000000000039e2      0xdeb build/stm32f1xx_hal_tim.o
                                       0x16ec (size before relaxing)
 .debug_str     0x00000000000047cd      0x46f build/stm32f1xx_hal_tim_ex.o
                                        0xeed (size before relaxing)
 .debug_str     0x0000000000004c3c       0x4f build/system_stm32f1xx.o
                                        0x2ca (size before relaxing)
 .debug_str     0x0000000000004c8b      0x3d1 build/SEGGER_RTT.o
                                        0x92f (size before relaxing)
 .debug_str     0x000000000000505c      0x104 build/SEGGER_RTT_printf.o
                                        0x6a5 (size before relaxing)
 .debug_str     0x0000000000005160      0x143 build/diff_signal.o
                                        0xe58 (size before relaxing)
 .debug_str     0x00000000000052a3       0x5b build/diff_signal_rx.o
                                        0xdfa (size before relaxing)
 .debug_str     0x00000000000052fe       0x80 build/ADXL345.o
                                        0xb46 (size before relaxing)
 .debug_str     0x000000000000537e       0x84 build/DHT22.o
                                        0x41f (size before relaxing)
 .debug_str     0x0000000000005402       0xa5 build/eeprom.o
                                        0x433 (size before relaxing)
 .debug_str     0x00000000000054a7       0x6f build/soft_timer.o
                                        0x262 (size before relaxing)
 .debug_str     0x0000000000005516       0x5f build/data_collect.o
                                        0x644 (size before relaxing)
 .debug_str     0x0000000000005575      0x197 build/RTUmodbus_slave.o
                                        0x990 (size before relaxing)
 .debug_str     0x000000000000570c      0x17c build/RTUmodbus_CRC.o
                                        0x356 (size before relaxing)
 .debug_str     0x0000000000005888       0x24 build/startup_stm32f103xe.o
                                         0x4a (size before relaxing)

.comment        0x0000000000000000       0x4c
 .comment       0x0000000000000000       0x4c build/main.o
                                         0x4d (size before relaxing)
 .comment       0x000000000000004c       0x4d build/gpio.o
 .comment       0x000000000000004c       0x4d build/spi.o
 .comment       0x000000000000004c       0x4d build/tim.o
 .comment       0x000000000000004c       0x4d build/uart3_drv.o
 .comment       0x000000000000004c       0x4d build/battery_adc.o
 .comment       0x000000000000004c       0x4d build/stm32f1xx_it.o
 .comment       0x000000000000004c       0x4d build/stm32f1xx_hal_msp.o
 .comment       0x000000000000004c       0x4d build/stm32f1xx_hal_uart.o
 .comment       0x000000000000004c       0x4d build/stm32f1xx_hal_spi.o
 .comment       0x000000000000004c       0x4d build/stm32f1xx_hal_adc.o
 .comment       0x000000000000004c       0x4d build/stm32f1xx_hal.o
 .comment       0x000000000000004c       0x4d build/stm32f1xx_hal_rcc.o
 .comment       0x000000000000004c       0x4d build/stm32f1xx_hal_rcc_ex.o
 .comment       0x000000000000004c       0x4d build/stm32f1xx_hal_gpio.o
 .comment       0x000000000000004c       0x4d build/stm32f1xx_hal_cortex.o
 .comment       0x000000000000004c       0x4d build/stm32f1xx_hal_tim.o
 .comment       0x000000000000004c       0x4d build/stm32f1xx_hal_tim_ex.o
 .comment       0x000000000000004c       0x4d build/system_stm32f1xx.o
 .comment       0x000000000000004c       0x4d build/SEGGER_RTT.o
 .comment       0x000000000000004c       0x4d build/SEGGER_RTT_printf.o
 .comment       0x000000000000004c       0x4d build/diff_signal.o
 .comment       0x000000000000004c       0x4d build/diff_signal_rx.o
 .comment       0x000000000000004c       0x4d build/ADXL345.o
 .comment       0x000000000000004c       0x4d build/DHT22.o
 .comment       0x000000000000004c       0x4d build/eeprom.o
 .comment       0x000000000000004c       0x4d build/soft_timer.o
 .comment       0x000000000000004c       0x4d build/data_collect.o
 .comment       0x000000000000004c       0x4d build/RTUmodbus_slave.o
 .comment       0x000000000000004c       0x4d build/RTUmodbus_CRC.o

.debug_frame    0x0000000000000000     0x38f0
 .debug_frame   0x0000000000000000       0xac build/main.o
 .debug_frame   0x00000000000000ac       0x3c build/gpio.o
 .debug_frame   0x00000000000000e8       0x60 build/spi.o
 .debug_frame   0x0000000000000148       0xc8 build/tim.o
 .debug_frame   0x0000000000000210      0x124 build/uart3_drv.o
 .debug_frame   0x0000000000000334      0x104 build/battery_adc.o
 .debug_frame   0x0000000000000438      0x120 build/stm32f1xx_it.o
 .debug_frame   0x0000000000000558       0x28 build/stm32f1xx_hal_msp.o
 .debug_frame   0x0000000000000580      0x5c4 build/stm32f1xx_hal_uart.o
 .debug_frame   0x0000000000000b44      0x5a0 build/stm32f1xx_hal_spi.o
 .debug_frame   0x00000000000010e4      0x2cc build/stm32f1xx_hal_adc.o
 .debug_frame   0x00000000000013b0      0x1cc build/stm32f1xx_hal.o
 .debug_frame   0x000000000000157c      0x190 build/stm32f1xx_hal_rcc.o
 .debug_frame   0x000000000000170c       0x68 build/stm32f1xx_hal_rcc_ex.o
 .debug_frame   0x0000000000001774       0xe8 build/stm32f1xx_hal_gpio.o
 .debug_frame   0x000000000000185c      0x12c build/stm32f1xx_hal_cortex.o
 .debug_frame   0x0000000000001988      0xb18 build/stm32f1xx_hal_tim.o
 .debug_frame   0x00000000000024a0      0x420 build/stm32f1xx_hal_tim_ex.o
 .debug_frame   0x00000000000028c0       0x30 build/system_stm32f1xx.o
 .debug_frame   0x00000000000028f0      0x330 build/SEGGER_RTT.o
 .debug_frame   0x0000000000002c20       0xe0 build/SEGGER_RTT_printf.o
 .debug_frame   0x0000000000002d00       0x90 build/diff_signal.o
 .debug_frame   0x0000000000002d90       0x84 build/diff_signal_rx.o
 .debug_frame   0x0000000000002e14       0xc0 build/ADXL345.o
 .debug_frame   0x0000000000002ed4      0x108 build/DHT22.o
 .debug_frame   0x0000000000002fdc      0x140 build/eeprom.o
 .debug_frame   0x000000000000311c       0x88 build/soft_timer.o
 .debug_frame   0x00000000000031a4       0x7c build/data_collect.o
 .debug_frame   0x0000000000003220      0x1f0 build/RTUmodbus_slave.o
 .debug_frame   0x0000000000003410      0x18c build/RTUmodbus_CRC.o
 .debug_frame   0x000000000000359c       0x2c /opt/gcc-arm-none-eabi-9-2020-q2-update/bin/../lib/gcc/arm-none-eabi/9.3.1/../../../../arm-none-eabi/lib/thumb/v7-m/nofp/libc_nano.a(lib_a-init.o)
 .debug_frame   0x00000000000035c8       0x28 /opt/gcc-arm-none-eabi-9-2020-q2-update/bin/../lib/gcc/arm-none-eabi/9.3.1/../../../../arm-none-eabi/lib/thumb/v7-m/nofp/libc_nano.a(lib_a-memcpy-stub.o)
 .debug_frame   0x00000000000035f0       0x20 /opt/gcc-arm-none-eabi-9-2020-q2-update/bin/../lib/gcc/arm-none-eabi/9.3.1/../../../../arm-none-eabi/lib/thumb/v7-m/nofp/libc_nano.a(lib_a-memset.o)
 .debug_frame   0x0000000000003610       0x30 /opt/gcc-arm-none-eabi-9-2020-q2-update/bin/../lib/gcc/arm-none-eabi/9.3.1/thumb/v7-m/nofp/libgcc.a(_arm_muldf3.o)
 .debug_frame   0x0000000000003640       0x24 /opt/gcc-arm-none-eabi-9-2020-q2-update/bin/../lib/gcc/arm-none-eabi/9.3.1/thumb/v7-m/nofp/libgcc.a(_arm_mulsf3.o)
 .debug_frame   0x0000000000003664       0xac /opt/gcc-arm-none-eabi-9-2020-q2-update/bin/../lib/gcc/arm-none-eabi/9.3.1/thumb/v7-m/nofp/libgcc.a(_arm_addsubdf3.o)
 .debug_frame   0x0000000000003710       0x24 /opt/gcc-arm-none-eabi-9-2020-q2-update/bin/../lib/gcc/arm-none-eabi/9.3.1/thumb/v7-m/nofp/libgcc.a(_arm_truncdfsf2.o)
 .debug_frame   0x0000000000003734       0x4c /opt/gcc-arm-none-eabi-9-2020-q2-update/bin/../lib/gcc/arm-none-eabi/9.3.1/thumb/v7-m/nofp/libgcc.a(_arm_addsubsf3.o)
 .debug_frame   0x0000000000003780       0xc8 /opt/gcc-arm-none-eabi-9-2020-q2-update/bin/../lib/gcc/arm-none-eabi/9.3.1/thumb/v7-m/nofp/libgcc.a(_arm_cmpsf2.o)
 .debug_frame   0x0000000000003848       0x24 /opt/gcc-arm-none-eabi-9-2020-q2-update/bin/../lib/gcc/arm-none-eabi/9.3.1/thumb/v7-m/nofp/libgcc.a(_arm_fixsfsi.o)
 .debug_frame   0x000000000000386c       0x24 /opt/gcc-arm-none-eabi-9-2020-q2-update/bin/../lib/gcc/arm-none-eabi/9.3.1/thumb/v7-m/nofp/libgcc.a(_arm_fixunssfsi.o)
 .debug_frame   0x0000000000003890       0x2c /opt/gcc-arm-none-eabi-9-2020-q2-update/bin/../lib/gcc/arm-none-eabi/9.3.1/thumb/v7-m/nofp/libgcc.a(_aeabi_uldivmod.o)
 .debug_frame   0x00000000000038bc       0x34 /opt/gcc-arm-none-eabi-9-2020-q2-update/bin/../lib/gcc/arm-none-eabi/9.3.1/thumb/v7-m/nofp/libgcc.a(_udivmoddi4.o)

Cross Reference Table

Symbol                                            File
ADC1_2_IRQHandler                                 build/stm32f1xx_it.o
ADC3_IRQHandler                                   build/startup_stm32f103xe.o
ADC_ConversionStop_Disable                        build/stm32f1xx_hal_adc.o
ADC_DMAConvCplt                                   build/stm32f1xx_hal_adc.o
ADC_DMAError                                      build/stm32f1xx_hal_adc.o
ADC_DMAHalfConvCplt                               build/stm32f1xx_hal_adc.o
ADC_Enable                                        build/stm32f1xx_hal_adc.o
ADXL345_ConvertToG                                build/ADXL345.o
ADXL345_Init                                      build/ADXL345.o
                                                  build/main.o
ADXL345_ReadID                                    build/ADXL345.o
ADXL345_ReadXYZ                                   build/ADXL345.o
                                                  build/main.o
ADXL345_data_read_call_back                       build/main.o
AHBPrescTable                                     build/system_stm32f1xx.o
                                                  build/stm32f1xx_hal_rcc.o
APBPrescTable                                     build/system_stm32f1xx.o
                                                  build/stm32f1xx_hal_rcc.o
AsciiToUint32                                     build/RTUmodbus_CRC.o
BEBufToUint16                                     build/RTUmodbus_CRC.o
                                                  build/RTUmodbus_slave.o
BEBufToUint32                                     build/RTUmodbus_CRC.o
BatteryADC_Init                                   build/battery_adc.o
                                                  build/main.o
BatteryADC_ReadBattery_mV                         build/battery_adc.o
BatteryADC_ReadPA0_mV                             build/battery_adc.o
BatteryADC_ReadPercent                            build/battery_adc.o
                                                  build/main.o
BatteryADC_ReadRawAverage                         build/battery_adc.o
BatteryADC_ReadRawOnce                            build/battery_adc.o
BcdToChar                                         build/RTUmodbus_CRC.o
BusFault_Handler                                  build/stm32f1xx_it.o
CAN1_RX1_IRQHandler                               build/startup_stm32f103xe.o
CAN1_SCE_IRQHandler                               build/startup_stm32f103xe.o
CRC16_Modbus                                      build/RTUmodbus_CRC.o
                                                  build/RTUmodbus_slave.o
CaculTwoPoint                                     build/RTUmodbus_CRC.o
DHT22_Init                                        build/DHT22.o
                                                  build/main.o
DHT22_ReadData                                    build/DHT22.o
                                                  build/main.o
DMA1_Channel1_IRQHandler                          build/startup_stm32f103xe.o
DMA1_Channel2_IRQHandler                          build/startup_stm32f103xe.o
DMA1_Channel3_IRQHandler                          build/startup_stm32f103xe.o
DMA1_Channel4_IRQHandler                          build/startup_stm32f103xe.o
DMA1_Channel5_IRQHandler                          build/startup_stm32f103xe.o
DMA1_Channel6_IRQHandler                          build/startup_stm32f103xe.o
DMA1_Channel7_IRQHandler                          build/startup_stm32f103xe.o
DMA2_Channel1_IRQHandler                          build/startup_stm32f103xe.o
DMA2_Channel2_IRQHandler                          build/startup_stm32f103xe.o
DMA2_Channel3_IRQHandler                          build/startup_stm32f103xe.o
DMA2_Channel4_5_IRQHandler                        build/startup_stm32f103xe.o
DWT_Delay_Init                                    build/diff_signal.o
DWT_Delay_us                                      build/diff_signal.o
                                                  build/eeprom.o
                                                  build/DHT22.o
DebugMon_Handler                                  build/stm32f1xx_it.o
Default_Handler                                   build/startup_stm32f103xe.o
DiffSignal_Frame_Handler                          build/diff_signal_rx.o
DiffSignal_Init                                   build/diff_signal.o
                                                  build/main.o
DiffSignal_RX_Init                                build/diff_signal_rx.o
DiffSignal_Send                                   build/diff_signal.o
DiffSignal_Senddata                               build/diff_signal.o
DiffSignal_Stop                                   build/diff_signal.o
EEPROM_Init                                       build/eeprom.o
                                                  build/main.o
EEPROM_ReadBuffer                                 build/eeprom.o
EEPROM_ReadByte                                   build/eeprom.o
EEPROM_WriteBuffer                                build/eeprom.o
EEPROM_WriteByte                                  build/eeprom.o
EEPROM_WriteDisable                               build/eeprom.o
EEPROM_WriteEnable                                build/eeprom.o
EXTI0_IRQHandler                                  build/startup_stm32f103xe.o
EXTI15_10_IRQHandler                              build/startup_stm32f103xe.o
EXTI1_IRQHandler                                  build/stm32f1xx_it.o
EXTI2_IRQHandler                                  build/startup_stm32f103xe.o
EXTI3_IRQHandler                                  build/startup_stm32f103xe.o
EXTI4_IRQHandler                                  build/startup_stm32f103xe.o
EXTI9_5_IRQHandler                                build/startup_stm32f103xe.o
Error_Handler                                     build/main.o
                                                  build/usb.o
                                                  build/tim.o
                                                  build/spi.o
FLASH_IRQHandler                                  build/startup_stm32f103xe.o
FLASH_PageErase                                   build/stm32f1xx_hal_flash_ex.o
                                                  build/stm32f1xx_hal_flash.o
FLASH_WaitForLastOperation                        build/stm32f1xx_hal_flash.o
                                                  build/stm32f1xx_hal_flash_ex.o
FSMC_IRQHandler                                   build/startup_stm32f103xe.o
HAL_ADCEx_InjectedConvCpltCallback                build/diff_signal_rx.o
                                                  build/stm32f1xx_hal_adc.o
HAL_ADC_AnalogWDGConfig                           build/stm32f1xx_hal_adc.o
HAL_ADC_ConfigChannel                             build/stm32f1xx_hal_adc.o
                                                  build/diff_signal_rx.o
                                                  build/battery_adc.o
HAL_ADC_ConvCpltCallback                          build/diff_signal_rx.o
                                                  build/stm32f1xx_hal_adc.o
HAL_ADC_ConvHalfCpltCallback                      build/stm32f1xx_hal_adc.o
HAL_ADC_DeInit                                    build/stm32f1xx_hal_adc.o
HAL_ADC_ErrorCallback                             build/stm32f1xx_hal_adc.o
HAL_ADC_GetError                                  build/stm32f1xx_hal_adc.o
HAL_ADC_GetState                                  build/stm32f1xx_hal_adc.o
HAL_ADC_GetValue                                  build/stm32f1xx_hal_adc.o
                                                  build/diff_signal_rx.o
                                                  build/battery_adc.o
HAL_ADC_IRQHandler                                build/stm32f1xx_hal_adc.o
                                                  build/stm32f1xx_it.o
HAL_ADC_Init                                      build/stm32f1xx_hal_adc.o
                                                  build/diff_signal_rx.o
                                                  build/battery_adc.o
HAL_ADC_LevelOutOfWindowCallback                  build/stm32f1xx_hal_adc.o
HAL_ADC_MspDeInit                                 build/stm32f1xx_hal_adc.o
HAL_ADC_MspInit                                   build/stm32f1xx_hal_adc.o
HAL_ADC_PollForConversion                         build/stm32f1xx_hal_adc.o
                                                  build/battery_adc.o
HAL_ADC_PollForEvent                              build/stm32f1xx_hal_adc.o
HAL_ADC_Start                                     build/stm32f1xx_hal_adc.o
                                                  build/battery_adc.o
HAL_ADC_Start_DMA                                 build/stm32f1xx_hal_adc.o
HAL_ADC_Start_IT                                  build/stm32f1xx_hal_adc.o
                                                  build/stm32f1xx_it.o
HAL_ADC_Stop                                      build/stm32f1xx_hal_adc.o
                                                  build/battery_adc.o
HAL_ADC_Stop_DMA                                  build/stm32f1xx_hal_adc.o
HAL_ADC_Stop_IT                                   build/stm32f1xx_hal_adc.o
HAL_DBGMCU_DisableDBGSleepMode                    build/stm32f1xx_hal.o
HAL_DBGMCU_DisableDBGStandbyMode                  build/stm32f1xx_hal.o
HAL_DBGMCU_DisableDBGStopMode                     build/stm32f1xx_hal.o
HAL_DBGMCU_EnableDBGSleepMode                     build/stm32f1xx_hal.o
HAL_DBGMCU_EnableDBGStandbyMode                   build/stm32f1xx_hal.o
HAL_DBGMCU_EnableDBGStopMode                      build/stm32f1xx_hal.o
HAL_DMA_Abort                                     build/stm32f1xx_hal_dma.o
                                                  build/stm32f1xx_hal_adc.o
                                                  build/stm32f1xx_hal_spi.o
                                                  build/stm32f1xx_hal_uart.o
HAL_DMA_Abort_IT                                  build/stm32f1xx_hal_dma.o
                                                  build/stm32f1xx_hal_tim_ex.o
                                                  build/stm32f1xx_hal_tim.o
                                                  build/stm32f1xx_hal_spi.o
                                                  build/stm32f1xx_hal_uart.o
HAL_DMA_DeInit                                    build/stm32f1xx_hal_dma.o
HAL_DMA_GetError                                  build/stm32f1xx_hal_dma.o
                                                  build/stm32f1xx_hal_uart.o
HAL_DMA_GetState                                  build/stm32f1xx_hal_dma.o
HAL_DMA_IRQHandler                                build/stm32f1xx_hal_dma.o
HAL_DMA_Init                                      build/stm32f1xx_hal_dma.o
HAL_DMA_PollForTransfer                           build/stm32f1xx_hal_dma.o
HAL_DMA_RegisterCallback                          build/stm32f1xx_hal_dma.o
HAL_DMA_Start                                     build/stm32f1xx_hal_dma.o
HAL_DMA_Start_IT                                  build/stm32f1xx_hal_dma.o
                                                  build/stm32f1xx_hal_tim_ex.o
                                                  build/stm32f1xx_hal_tim.o
                                                  build/stm32f1xx_hal_adc.o
                                                  build/stm32f1xx_hal_spi.o
                                                  build/stm32f1xx_hal_uart.o
HAL_DMA_UnRegisterCallback                        build/stm32f1xx_hal_dma.o
HAL_DeInit                                        build/stm32f1xx_hal.o
HAL_Delay                                         build/stm32f1xx_hal.o
                                                  build/RTUmodbus_slave.o
                                                  build/eeprom.o
                                                  build/ADXL345.o
                                                  build/main.o
HAL_EXTI_ClearConfigLine                          build/stm32f1xx_hal_exti.o
HAL_EXTI_ClearPending                             build/stm32f1xx_hal_exti.o
HAL_EXTI_GenerateSWI                              build/stm32f1xx_hal_exti.o
HAL_EXTI_GetConfigLine                            build/stm32f1xx_hal_exti.o
HAL_EXTI_GetHandle                                build/stm32f1xx_hal_exti.o
HAL_EXTI_GetPending                               build/stm32f1xx_hal_exti.o
HAL_EXTI_IRQHandler                               build/stm32f1xx_hal_exti.o
HAL_EXTI_RegisterCallback                         build/stm32f1xx_hal_exti.o
HAL_EXTI_SetConfigLine                            build/stm32f1xx_hal_exti.o
HAL_FLASHEx_Erase                                 build/stm32f1xx_hal_flash_ex.o
HAL_FLASHEx_Erase_IT                              build/stm32f1xx_hal_flash_ex.o
HAL_FLASHEx_OBErase                               build/stm32f1xx_hal_flash_ex.o
HAL_FLASHEx_OBGetConfig                           build/stm32f1xx_hal_flash_ex.o
HAL_FLASHEx_OBGetUserData                         build/stm32f1xx_hal_flash_ex.o
HAL_FLASHEx_OBProgram                             build/stm32f1xx_hal_flash_ex.o
HAL_FLASH_EndOfOperationCallback                  build/stm32f1xx_hal_flash.o
HAL_FLASH_GetError                                build/stm32f1xx_hal_flash.o
HAL_FLASH_IRQHandler                              build/stm32f1xx_hal_flash.o
HAL_FLASH_Lock                                    build/stm32f1xx_hal_flash.o
HAL_FLASH_OB_Launch                               build/stm32f1xx_hal_flash.o
HAL_FLASH_OB_Lock                                 build/stm32f1xx_hal_flash.o
HAL_FLASH_OB_Unlock                               build/stm32f1xx_hal_flash.o
HAL_FLASH_OperationErrorCallback                  build/stm32f1xx_hal_flash.o
HAL_FLASH_Program                                 build/stm32f1xx_hal_flash.o
HAL_FLASH_Program_IT                              build/stm32f1xx_hal_flash.o
HAL_FLASH_Unlock                                  build/stm32f1xx_hal_flash.o
HAL_GPIOEx_ConfigEventout                         build/stm32f1xx_hal_gpio_ex.o
HAL_GPIOEx_DisableEventout                        build/stm32f1xx_hal_gpio_ex.o
HAL_GPIOEx_EnableEventout                         build/stm32f1xx_hal_gpio_ex.o
HAL_GPIO_DeInit                                   build/stm32f1xx_hal_gpio.o
                                                  build/spi.o
HAL_GPIO_EXTI_Callback                            build/diff_signal_rx.o
                                                  build/stm32f1xx_hal_gpio.o
HAL_GPIO_EXTI_IRQHandler                          build/stm32f1xx_hal_gpio.o
                                                  build/stm32f1xx_it.o
HAL_GPIO_Init                                     build/stm32f1xx_hal_gpio.o
                                                  build/eeprom.o