Archive member included to satisfy reference by file (symbol)

/opt/gcc-arm-none-eabi-9-2020-q2-update/bin/../lib/gcc/arm-none-eabi/9.3.1/../../../../arm-none-eabi/lib/thumb/v7-m/nofp/libc_nano.a(lib_a-exit.o)
                              /opt/gcc-arm-none-eabi-9-2020-q2-update/bin/../lib/gcc/arm-none-eabi/9.3.1/../../../../arm-none-eabi/lib/thumb/v7-m/nofp/crt0.o (exit)
/opt/gcc-arm-none-eabi-9-2020-q2-update/bin/../lib/gcc/arm-none-eabi/9.3.1/../../../../arm-none-eabi/lib/thumb/v7-m/nofp/libc_nano.a(lib_a-impure.o)
                              /opt/gcc-arm-none-eabi-9-2020-q2-update/bin/../lib/gcc/arm-none-eabi/9.3.1/../../../../arm-none-eabi/lib/thumb/v7-m/nofp/libc_nano.a(lib_a-exit.o) (_global_impure_ptr)
/opt/gcc-arm-none-eabi-9-2020-q2-update/bin/../lib/gcc/arm-none-eabi/9.3.1/../../../../arm-none-eabi/lib/thumb/v7-m/nofp/libc_nano.a(lib_a-init.o)
                              /opt/gcc-arm-none-eabi-9-2020-q2-update/bin/../lib/gcc/arm-none-eabi/9.3.1/../../../../arm-none-eabi/lib/thumb/v7-m/nofp/crt0.o (__libc_init_array)
/opt/gcc-arm-none-eabi-9-2020-q2-update/bin/../lib/gcc/arm-none-eabi/9.3.1/../../../../arm-none-eabi/lib/thumb/v7-m/nofp/libc_nano.a(lib_a-memcpy-stub.o)
                              build/SEGGER_RTT.o (memcpy)
/opt/gcc-arm-none-eabi-9-2020-q2-update/bin/../lib/gcc/arm-none-eabi/9.3.1/../../../../arm-none-eabi/lib/thumb/v7-m/nofp/libc_nano.a(lib_a-memset.o)
                              /opt/gcc-arm-none-eabi-9-2020-q2-update/bin/../lib/gcc/arm-none-eabi/9.3.1/../../../../arm-none-eabi/lib/thumb/v7-m/nofp/crt0.o (memset)
/opt/gcc-arm-none-eabi-9-2020-q2-update/bin/../lib/gcc/arm-none-eabi/9.3.1/../../../../arm-none-eabi/lib/thumb/v7-m/nofp/libc_nano.a(lib_a-strlen.o)
                              build/SEGGER_RTT.o (strlen)
/opt/gcc-arm-none-eabi-9-2020-q2-update/bin/../lib/gcc/arm-none-eabi/9.3.1/../../../../arm-none-eabi/lib/thumb/v7-m/nofp/libnosys.a(_exit.o)
                              /opt/gcc-arm-none-eabi-9-2020-q2-update/bin/../lib/gcc/arm-none-eabi/9.3.1/../../../../arm-none-eabi/lib/thumb/v7-m/nofp/libc_nano.a(lib_a-exit.o) (_exit)
/opt/gcc-arm-none-eabi-9-2020-q2-update/bin/../lib/gcc/arm-none-eabi/9.3.1/thumb/v7-m/nofp/libgcc.a(_arm_muldf3.o)
                              build/battery_adc.o (__aeabi_dmul)
/opt/gcc-arm-none-eabi-9-2020-q2-update/bin/../lib/gcc/arm-none-eabi/9.3.1/thumb/v7-m/nofp/libgcc.a(_arm_mulsf3.o)
                              build/SEGGER_RTT_printf.o (__aeabi_fmul)
/opt/gcc-arm-none-eabi-9-2020-q2-update/bin/../lib/gcc/arm-none-eabi/9.3.1/thumb/v7-m/nofp/libgcc.a(_arm_addsubdf3.o)
                              build/battery_adc.o (__aeabi_ui2d)
/opt/gcc-arm-none-eabi-9-2020-q2-update/bin/../lib/gcc/arm-none-eabi/9.3.1/thumb/v7-m/nofp/libgcc.a(_arm_truncdfsf2.o)
                              build/battery_adc.o (__aeabi_d2f)
/opt/gcc-arm-none-eabi-9-2020-q2-update/bin/../lib/gcc/arm-none-eabi/9.3.1/thumb/v7-m/nofp/libgcc.a(_arm_addsubsf3.o)
                              build/ADXL345.o (__aeabi_i2f)
/opt/gcc-arm-none-eabi-9-2020-q2-update/bin/../lib/gcc/arm-none-eabi/9.3.1/thumb/v7-m/nofp/libgcc.a(_arm_cmpsf2.o)
                              build/SEGGER_RTT_printf.o (__aeabi_fcmplt)
/opt/gcc-arm-none-eabi-9-2020-q2-update/bin/../lib/gcc/arm-none-eabi/9.3.1/thumb/v7-m/nofp/libgcc.a(_arm_fixsfsi.o)
                              build/SEGGER_RTT_printf.o (__aeabi_f2iz)
/opt/gcc-arm-none-eabi-9-2020-q2-update/bin/../lib/gcc/arm-none-eabi/9.3.1/thumb/v7-m/nofp/libgcc.a(_arm_fixunssfsi.o)
                              build/battery_adc.o (__aeabi_f2uiz)
/opt/gcc-arm-none-eabi-9-2020-q2-update/bin/../lib/gcc/arm-none-eabi/9.3.1/thumb/v7-m/nofp/libgcc.a(_aeabi_uldivmod.o)
                              build/battery_adc.o (__aeabi_uldivmod)
/opt/gcc-arm-none-eabi-9-2020-q2-update/bin/../lib/gcc/arm-none-eabi/9.3.1/thumb/v7-m/nofp/libgcc.a(_udivmoddi4.o)
                              /opt/gcc-arm-none-eabi-9-2020-q2-update/bin/../lib/gcc/arm-none-eabi/9.3.1/thumb/v7-m/nofp/libgcc.a(_aeabi_uldivmod.o) (__udivmoddi4)
/opt/gcc-arm-none-eabi-9-2020-q2-update/bin/../lib/gcc/arm-none-eabi/9.3.1/thumb/v7-m/nofp/libgcc.a(_dvmd_tls.o)
                              /opt/gcc-arm-none-eabi-9-2020-q2-update/bin/../lib/gcc/arm-none-eabi/9.3.1/thumb/v7-m/nofp/libgcc.a(_aeabi_uldivmod.o) (__aeabi_ldiv0)

Allocating common symbols
Common symbol       size              file

hspi2               0x58              build/spi.o
htim8               0x48              build/tim.o
htim4               0x48              build/tim.o
huart3              0x44              build/uart3_drv.o
uwTick              0x4               build/stm32f1xx_hal.o
pFlash              0x20              build/stm32f1xx_hal_flash.o
htim6               0x48              build/tim.o
htim1               0x48              build/tim.o
htim2               0x48              build/tim.o
hpcd_USB_FS         0x2ec             build/usb.o
_SEGGER_RTT         0xa8              build/SEGGER_RTT.o

[...]
Memory Configuration

Name             Origin             Length             Attributes
RAM              0x0000000020000000 0x000000000000c000 xrw
FLASH            0x0000000008000000 0x0000000000040000 xr
*default*        0x0000000000000000 0xffffffffffffffff

Linker script and memory map

LOAD /opt/gcc-arm-none-eabi-9-2020-q2-update/bin/../lib/gcc/arm-none-eabi/9.3.1/thumb/v7-m/nofp/crti.o
LOAD /opt/gcc-arm-none-eabi-9-2020-q2-update/bin/../lib/gcc/arm-none-eabi/9.3.1/thumb/v7-m/nofp/crtbegin.o
LOAD /opt/gcc-arm-none-eabi-9-2020-q2-update/bin/../lib/gcc/arm-none-eabi/9.3.1/../../../../arm-none-eabi/lib/thumb/v7-m/nofp/crt0.o
LOAD build/main.o
LOAD build/gpio.o
LOAD build/spi.o
LOAD build/tim.o
LOAD build/usb.o
LOAD build/uart3_drv.o
LOAD build/battery_adc.o
LOAD build/stm32f1xx_it.o
LOAD build/stm32f1xx_hal_msp.o
LOAD build/stm32f1xx_hal_uart.o
LOAD build/stm32f1xx_hal_usart.o
LOAD build/stm32f1xx_hal_gpio_ex.o
LOAD build/stm32f1xx_hal_spi.o
LOAD build/stm32f1xx_hal_adc.o
LOAD build/stm32f1xx_hal.o
LOAD build/stm32f1xx_hal_rcc.o
LOAD build/stm32f1xx_hal_rcc_ex.o
LOAD build/stm32f1xx_hal_gpio.o
LOAD build/stm32f1xx_hal_dma.o
LOAD build/stm32f1xx_hal_cortex.o
LOAD build/stm32f1xx_hal_pwr.o
LOAD build/stm32f1xx_hal_flash.o
LOAD build/stm32f1xx_hal_flash_ex.o
LOAD build/stm32f1xx_hal_exti.o
LOAD build/stm32f1xx_hal_tim.o
LOAD build/stm32f1xx_hal_tim_ex.o
LOAD build/stm32f1xx_hal_pcd.o
LOAD build/stm32f1xx_hal_pcd_ex.o
LOAD build/stm32f1xx_ll_usb.o
LOAD build/system_stm32f1xx.o
LOAD build/SEGGER_RTT.o
LOAD build/SEGGER_RTT_printf.o
LOAD build/diff_signal.o
LOAD build/channel_change.o
LOAD build/uw_link_tx.o
LOAD build/uw_link_rx.o
LOAD build/ADXL345.o
LOAD build/DHT22.o
LOAD build/eeprom.o
LOAD build/soft_timer.o
LOAD build/data_collect.o
LOAD build/bridge_app.o
LOAD build/bridge_proto.o
LOAD build/bridge_user_hooks.o
LOAD build/uw_link_proto.o
LOAD build/ring_fifo.o
LOAD build/rs485_port.o
LOAD build/startup_stm32f103xe.o
LOAD /opt/gcc-arm-none-eabi-9-2020-q2-update/bin/../lib/gcc/arm-none-eabi/9.3.1/../../../../arm-none-eabi/lib/thumb/v7-m/nofp/libc_nano.a
LOAD /opt/gcc-arm-none-eabi-9-2020-q2-update/bin/../lib/gcc/arm-none-eabi/9.3.1/../../../../arm-none-eabi/lib/thumb/v7-m/nofp/libm.a
LOAD /opt/gcc-arm-none-eabi-9-2020-q2-update/bin/../lib/gcc/arm-none-eabi/9.3.1/../../../../arm-none-eabi/lib/thumb/v7-m/nofp/libnosys.a
START GROUP
LOAD /opt/gcc-arm-none-eabi-9-2020-q2-update/bin/../lib/gcc/arm-none-eabi/9.3.1/thumb/v7-m/nofp/libgcc.a
LOAD /opt/gcc-arm-none-eabi-9-2020-q2-update/bin/../lib/gcc/arm-none-eabi/9.3.1/../../../../arm-none-eabi/lib/thumb/v7-m/nofp/libc_nano.a
END GROUP
START GROUP
LOAD /opt/gcc-arm-none-eabi-9-2020-q2-update/bin/../lib/gcc/arm-none-eabi/9.3.1/thumb/v7-m/nofp/libgcc.a
LOAD /opt/gcc-arm-none-eabi-9-2020-q2-update/bin/../lib/gcc/arm-none-eabi/9.3.1/../../../../arm-none-eabi/lib/thumb/v7-m/nofp/libc_nano.a
END GROUP
LOAD /opt/gcc-arm-none-eabi-9-2020-q2-update/bin/../lib/gcc/arm-none-eabi/9.3.1/thumb/v7-m/nofp/crtend.o
LOAD /opt/gcc-arm-none-eabi-9-2020-q2-update/bin/../lib/gcc/arm-none-eabi/9.3.1/thumb/v7-m/nofp/crtn.o
                0x000000002000c000                _estack = (ORIGIN (RAM) + LENGTH (RAM))
                0x0000000000000200                _Min_Heap_Size = 0x200
                0x0000000000000400                _Min_Stack_Size = 0x400

.isr_vector     0x0000000008000000      0x1e4
                0x0000000008000000                . = ALIGN (0x4)
 *(.isr_vector)
 .isr_vector    0x0000000008000000      0x1e4 build/startup_stm32f103xe.o
                0x0000000008000000                g_pfnVectors
                0x00000000080001e4                . = ALIGN (0x4)

.text           0x00000000080001e4     0x46d8
                0x00000000080001e4                . = ALIGN (0x4)
 *(.text)
 .text          0x00000000080001e4       0x40 /opt/gcc-arm-none-eabi-9-2020-q2-update/bin/../lib/gcc/arm-none-eabi/9.3.1/thumb/v7-m/nofp/crtbegin.o
 .text          0x0000000008000224      0x168 /opt/gcc-arm-none-eabi-9-2020-q2-update/bin/../lib/gcc/arm-none-eabi/9.3.1/thumb/v7-m/nofp/libgcc.a(_arm_mulsf3.o)
                0x0000000008000224                __mulsf3
                0x0000000008000224                __aeabi_fmul
 .text          0x000000000800038c       0xa0 /opt/gcc-arm-none-eabi-9-2020-q2-update/bin/../lib/gcc/arm-none-eabi/9.3.1/thumb/v7-m/nofp/libgcc.a(_arm_truncdfsf2.o)
                0x000000000800038c                __aeabi_d2f
                0x000000000800038c                __truncdfsf2
 .text          0x000000000800042c       0xec /opt/gcc-arm-none-eabi-9-2020-q2-update/bin/../lib/gcc/arm-none-eabi/9.3.1/thumb/v7-m/nofp/libgcc.a(_arm_cmpsf2.o)
                0x000000000800042c                __gtsf2
                0x000000000800042c                __gesf2
                0x0000000008000434                __lesf2
                0x0000000008000434                __ltsf2
                0x000000000800043c                __nesf2
                0x000000000800043c                __eqsf2
                0x000000000800043c                __cmpsf2
                0x000000000800049c                __aeabi_cfrcmple
                0x00000000080004a4                __aeabi_cfcmple
                0x00000000080004a4                __aeabi_cfcmpeq
                0x00000000080004b4                __aeabi_fcmpeq
                0x00000000080004c8                __aeabi_fcmplt
                0x00000000080004dc                __aeabi_fcmple
                0x00000000080004f0                __aeabi_fcmpge
                0x0000000008000504                __aeabi_fcmpgt
 .text          0x0000000008000518       0x4c /opt/gcc-arm-none-eabi-9-2020-q2-update/bin/../lib/gcc/arm-none-eabi/9.3.1/thumb/v7-m/nofp/libgcc.a(_arm_fixsfsi.o)
                0x0000000008000518                __fixsfsi
                0x0000000008000518                __aeabi_f2iz
 *(.text*)
 .text.Error_Handler
                0x0000000008000564        0x4 build/main.o
                0x0000000008000564                Error_Handler
 .text.SystemClock_Config
                0x0000000008000568       0xa8 build/main.o
                0x0000000008000568                SystemClock_Config
 .text.main     0x0000000008000610       0x8c build/main.o
                0x0000000008000610                main
 .text.MX_GPIO_Init
                0x000000000800069c      0x154 build/gpio.o
                0x000000000800069c                MX_GPIO_Init
 .text.MX_SPI2_Init
                0x00000000080007f0       0x48 build/spi.o
                0x00000000080007f0                MX_SPI2_Init
 .text.HAL_SPI_MspInit
                0x0000000008000838       0x78 build/spi.o
                0x0000000008000838                HAL_SPI_MspInit
 .text.MX_TIM4_Init
                0x00000000080008b0       0x30 build/tim.o
                0x00000000080008b0                MX_TIM4_Init
 .text.HAL_TIM_Base_MspInit
                0x00000000080008e0       0x40 build/tim.o
                0x00000000080008e0                HAL_TIM_Base_MspInit
 .text.MX_TIM6_Init
                0x0000000008000920       0x5c build/tim.o
                0x0000000008000920                MX_TIM6_Init
 .text.HAL_TIM_PWM_MspInit
                0x000000000800097c       0x4c build/tim.o
                0x000000000800097c                HAL_TIM_PWM_MspInit
 .text.HAL_TIM_MspPostInit
                0x00000000080009c8       0x98 build/tim.o
                0x00000000080009c8                HAL_TIM_MspPostInit
 .text.MX_TIM1_Init
                0x0000000008000a60       0xc0 build/tim.o
                0x0000000008000a60                MX_TIM1_Init
 .text.MX_TIM8_Init
                0x0000000008000b20       0xc0 build/tim.o
                0x0000000008000b20                MX_TIM8_Init
 .text.UART3_GPIO_Clock_NVIC_Init
                0x0000000008000be0       0x88 build/uart3_drv.o
 .text.USART3_Driver_Init
                0x0000000008000c68       0x54 build/uart3_drv.o
                0x0000000008000c68                USART3_Driver_Init
 .text.BatteryADC_EnableClocks
                0x0000000008000cbc       0x3c build/battery_adc.o
 .text.BatteryADC_GPIO_Init
                0x0000000008000cf8       0x24 build/battery_adc.o
 .text.BatteryADC_ADC1_CoreInit
                0x0000000008000d1c       0x40 build/battery_adc.o
 .text.BatteryADC_Init
                0x0000000008000d5c       0x10 build/battery_adc.o
                0x0000000008000d5c                BatteryADC_Init
 .text.NMI_Handler
                0x0000000008000d6c        0x2 build/stm32f1xx_it.o
                0x0000000008000d6c                NMI_Handler
 .text.HardFault_Handler
                0x0000000008000d6e        0x2 build/stm32f1xx_it.o
                0x0000000008000d6e                HardFault_Handler
 .text.MemManage_Handler
                0x0000000008000d70        0x2 build/stm32f1xx_it.o
                0x0000000008000d70                MemManage_Handler
 .text.BusFault_Handler
                0x0000000008000d72        0x2 build/stm32f1xx_it.o
                0x0000000008000d72                BusFault_Handler
 .text.UsageFault_Handler
                0x0000000008000d74        0x2 build/stm32f1xx_it.o
                0x0000000008000d74                UsageFault_Handler
 .text.SVC_Handler
                0x0000000008000d76        0x2 build/stm32f1xx_it.o
                0x0000000008000d76                SVC_Handler
 .text.DebugMon_Handler
                0x0000000008000d78        0x2 build/stm32f1xx_it.o
                0x0000000008000d78                DebugMon_Handler
 .text.PendSV_Handler
                0x0000000008000d7a        0x2 build/stm32f1xx_it.o
                0x0000000008000d7a                PendSV_Handler
 .text.SysTick_Handler
                0x0000000008000d7c        0xc build/stm32f1xx_it.o
                0x0000000008000d7c                SysTick_Handler
 .text.USART3_IRQHandler
                0x0000000008000d88       0x10 build/stm32f1xx_it.o
                0x0000000008000d88                USART3_IRQHandler
 .text.HAL_UART_RxCpltCallback
                0x0000000008000d98       0x18 build/stm32f1xx_it.o
                0x0000000008000d98                HAL_UART_RxCpltCallback
 .text.HAL_UART_ErrorCallback
                0x0000000008000db0       0x18 build/stm32f1xx_it.o
                0x0000000008000db0                HAL_UART_ErrorCallback
 .text.TIM4_IRQHandler
                0x0000000008000dc8       0x10 build/stm32f1xx_it.o
                0x0000000008000dc8                TIM4_IRQHandler
 .text.HAL_TIM_PeriodElapsedCallback
                0x0000000008000dd8       0x2c build/stm32f1xx_it.o
                0x0000000008000dd8                HAL_TIM_PeriodElapsedCallback
 .text.TIM6_IRQHandler
                0x0000000008000e04       0x10 build/stm32f1xx_it.o
                0x0000000008000e04                TIM6_IRQHandler
 .text.HAL_MspInit
                0x0000000008000e14       0x30 build/stm32f1xx_hal_msp.o
                0x0000000008000e14                HAL_MspInit
 .text.UART_EndRxTransfer
                0x0000000008000e44       0x32 build/stm32f1xx_hal_uart.o
 .text.UART_Transmit_IT
                0x0000000008000e76       0x60 build/stm32f1xx_hal_uart.o
 *fill*         0x0000000008000ed6        0x2 
 .text.UART_SetConfig
                0x0000000008000ed8       0x90 build/stm32f1xx_hal_uart.o
 .text.UART_WaitOnFlagUntilTimeout
                0x0000000008000f68       0x68 build/stm32f1xx_hal_uart.o
 .text.HAL_UART_MspInit
                0x0000000008000fd0        0x2 build/stm32f1xx_hal_uart.o
                0x0000000008000fd0                HAL_UART_MspInit
 .text.HAL_UART_Init
                0x0000000008000fd2       0x5e build/stm32f1xx_hal_uart.o
                0x0000000008000fd2                HAL_UART_Init
 .text.HAL_UART_Transmit
                0x0000000008001030       0xd8 build/stm32f1xx_hal_uart.o
                0x0000000008001030                HAL_UART_Transmit
 .text.HAL_UART_AbortReceive
                0x0000000008001108       0x6c build/stm32f1xx_hal_uart.o
                0x0000000008001108                HAL_UART_AbortReceive
 .text.HAL_UART_TxCpltCallback
                0x0000000008001174        0x2 build/stm32f1xx_hal_uart.o
                0x0000000008001174                HAL_UART_TxCpltCallback
 .text.UART_EndTransmit_IT
                0x0000000008001176       0x1a build/stm32f1xx_hal_uart.o
 .text.UART_DMAAbortOnError
                0x0000000008001190       0x10 build/stm32f1xx_hal_uart.o
 .text.HAL_UARTEx_RxEventCallback
                0x00000000080011a0        0x2 build/stm32f1xx_hal_uart.o
                0x00000000080011a0                HAL_UARTEx_RxEventCallback
 .text.UART_Receive_IT
                0x00000000080011a2       0xd4 build/stm32f1xx_hal_uart.o
 *fill*         0x0000000008001276        0x2 
 .text.HAL_UART_IRQHandler
                0x0000000008001278      0x204 build/stm32f1xx_hal_uart.o
                0x0000000008001278                HAL_UART_IRQHandler
 .text.UART_Start_Receive_IT
                0x000000000800147c       0x36 build/stm32f1xx_hal_uart.o
                0x000000000800147c                UART_Start_Receive_IT
 .text.HAL_UART_Receive_IT
                0x00000000080014b2       0x38 build/stm32f1xx_hal_uart.o
                0x00000000080014b2                HAL_UART_Receive_IT
 .text.HAL_SPI_Init
                0x00000000080014ea       0xb6 build/stm32f1xx_hal_spi.o
                0x00000000080014ea                HAL_SPI_Init
 .text.HAL_ADC_MspInit
                0x00000000080015a0        0x2 build/stm32f1xx_hal_adc.o
                0x00000000080015a0                HAL_ADC_MspInit
 *fill*         0x00000000080015a2        0x2 
 .text.HAL_ADC_ConfigChannel
                0x00000000080015a4      0x138 build/stm32f1xx_hal_adc.o
                0x00000000080015a4                HAL_ADC_ConfigChannel
 .text.ADC_ConversionStop_Disable
                0x00000000080016dc       0x56 build/stm32f1xx_hal_adc.o
                0x00000000080016dc                ADC_ConversionStop_Disable
 *fill*         0x0000000008001732        0x2 
 .text.HAL_ADC_Init
                0x0000000008001734      0x124 build/stm32f1xx_hal_adc.o
                0x0000000008001734                HAL_ADC_Init
 .text.HAL_InitTick
                0x0000000008001858       0x4c build/stm32f1xx_hal.o
                0x0000000008001858                HAL_InitTick
 .text.HAL_Init
                0x00000000080018a4       0x24 build/stm32f1xx_hal.o
                0x00000000080018a4                HAL_Init
 .text.HAL_IncTick
                0x00000000080018c8       0x18 build/stm32f1xx_hal.o
                0x00000000080018c8                HAL_IncTick
 .text.HAL_GetTick
                0x00000000080018e0        0xc build/stm32f1xx_hal.o
                0x00000000080018e0                HAL_GetTick
 .text.HAL_Delay
                0x00000000080018ec       0x28 build/stm32f1xx_hal.o
                0x00000000080018ec                HAL_Delay
 .text.RCC_Delay
                0x0000000008001914       0x2c build/stm32f1xx_hal_rcc.o
 .text.HAL_RCC_OscConfig
                0x0000000008001940      0x410 build/stm32f1xx_hal_rcc.o
                0x0000000008001940                HAL_RCC_OscConfig
 .text.HAL_RCC_GetSysClockFreq
                0x0000000008001d50       0x6c build/stm32f1xx_hal_rcc.o
                0x0000000008001d50                HAL_RCC_GetSysClockFreq
 .text.HAL_RCC_ClockConfig
                0x0000000008001dbc      0x16c build/stm32f1xx_hal_rcc.o
                0x0000000008001dbc                HAL_RCC_ClockConfig
 .text.HAL_RCC_GetHCLKFreq
                0x0000000008001f28        0xc build/stm32f1xx_hal_rcc.o
                0x0000000008001f28                HAL_RCC_GetHCLKFreq
 .text.HAL_RCC_GetPCLK1Freq
                0x0000000008001f34       0x20 build/stm32f1xx_hal_rcc.o
                0x0000000008001f34                HAL_RCC_GetPCLK1Freq
 .text.HAL_RCC_GetPCLK2Freq
                0x0000000008001f54       0x20 build/stm32f1xx_hal_rcc.o
                0x0000000008001f54                HAL_RCC_GetPCLK2Freq
 .text.HAL_RCCEx_PeriphCLKConfig
                0x0000000008001f74      0x114 build/stm32f1xx_hal_rcc_ex.o
                0x0000000008001f74                HAL_RCCEx_PeriphCLKConfig
 .text.HAL_GPIO_Init
                0x0000000008002088      0x238 build/stm32f1xx_hal_gpio.o
                0x0000000008002088                HAL_GPIO_Init
 .text.HAL_GPIO_ReadPin
                0x00000000080022c0        0xe build/stm32f1xx_hal_gpio.o
                0x00000000080022c0                HAL_GPIO_ReadPin
 .text.HAL_GPIO_WritePin
                0x00000000080022ce        0xc build/stm32f1xx_hal_gpio.o
                0x00000000080022ce                HAL_GPIO_WritePin
 .text.HAL_DMA_Abort
                0x00000000080022da       0x44 build/stm32f1xx_hal_dma.o
                0x00000000080022da                HAL_DMA_Abort
 *fill*         0x000000000800231e        0x2 
 .text.HAL_DMA_Abort_IT
                0x0000000008002320      0x168 build/stm32f1xx_hal_dma.o
                0x0000000008002320                HAL_DMA_Abort_IT
 .text.HAL_DMA_GetError
                0x0000000008002488        0x4 build/stm32f1xx_hal_dma.o
                0x0000000008002488                HAL_DMA_GetError
 .text.HAL_NVIC_SetPriorityGrouping
                0x000000000800248c       0x24 build/stm32f1xx_hal_cortex.o
                0x000000000800248c                HAL_NVIC_SetPriorityGrouping
 .text.HAL_NVIC_SetPriority
                0x00000000080024b0       0x68 build/stm32f1xx_hal_cortex.o
                0x00000000080024b0                HAL_NVIC_SetPriority
 .text.HAL_NVIC_EnableIRQ
                0x0000000008002518       0x1c build/stm32f1xx_hal_cortex.o
                0x0000000008002518                HAL_NVIC_EnableIRQ
 .text.HAL_SYSTICK_Config
                0x0000000008002534       0x2c build/stm32f1xx_hal_cortex.o
                0x0000000008002534                HAL_SYSTICK_Config
 .text.HAL_SYSTICK_Callback
                0x0000000008002560        0x2 build/stm32f1xx_hal_cortex.o
                0x0000000008002560                HAL_SYSTICK_Callback
 .text.HAL_SYSTICK_IRQHandler
                0x0000000008002562        0x8 build/stm32f1xx_hal_cortex.o
                0x0000000008002562                HAL_SYSTICK_IRQHandler
 *fill*         0x000000000800256a        0x2 
 .text.TIM_OC1_SetConfig
                0x000000000800256c       0x68 build/stm32f1xx_hal_tim.o
 .text.TIM_OC3_SetConfig
                0x00000000080025d4       0x70 build/stm32f1xx_hal_tim.o
 .text.TIM_OC4_SetConfig
                0x0000000008002644       0x50 build/stm32f1xx_hal_tim.o
 .text.HAL_TIM_Base_Start_IT
                0x0000000008002694       0x78 build/stm32f1xx_hal_tim.o
                0x0000000008002694                HAL_TIM_Base_Start_IT
 .text.HAL_TIM_Base_Stop_IT
                0x000000000800270c       0x32 build/stm32f1xx_hal_tim.o
                0x000000000800270c                HAL_TIM_Base_Stop_IT
 .text.HAL_TIM_OC_DelayElapsedCallback
                0x000000000800273e        0x2 build/stm32f1xx_hal_tim.o
                0x000000000800273e                HAL_TIM_OC_DelayElapsedCallback
 .text.HAL_TIM_IC_CaptureCallback
                0x0000000008002740        0x2 build/stm32f1xx_hal_tim.o
                0x0000000008002740                HAL_TIM_IC_CaptureCallback
 .text.HAL_TIM_PWM_PulseFinishedCallback
                0x0000000008002742        0x2 build/stm32f1xx_hal_tim.o
                0x0000000008002742                HAL_TIM_PWM_PulseFinishedCallback
 .text.HAL_TIM_TriggerCallback
                0x0000000008002744        0x2 build/stm32f1xx_hal_tim.o
                0x0000000008002744                HAL_TIM_TriggerCallback
 .text.HAL_TIM_IRQHandler
                0x0000000008002746      0x17a build/stm32f1xx_hal_tim.o
                0x0000000008002746                HAL_TIM_IRQHandler
 .text.TIM_Base_SetConfig
                0x00000000080028c0       0x98 build/stm32f1xx_hal_tim.o
                0x00000000080028c0                TIM_Base_SetConfig
 .text.HAL_TIM_Base_Init
                0x0000000008002958       0x58 build/stm32f1xx_hal_tim.o
                0x0000000008002958                HAL_TIM_Base_Init
 .text.HAL_TIM_PWM_Init
                0x00000000080029b0       0x58 build/stm32f1xx_hal_tim.o
                0x00000000080029b0                HAL_TIM_PWM_Init
 .text.TIM_OC2_SetConfig
                0x0000000008002a08       0x70 build/stm32f1xx_hal_tim.o
                0x0000000008002a08                TIM_OC2_SetConfig
 .text.HAL_TIM_PWM_ConfigChannel
                0x0000000008002a78       0xd0 build/stm32f1xx_hal_tim.o
                0x0000000008002a78                HAL_TIM_PWM_ConfigChannel
 .text.TIM_CCxChannelCmd
                0x0000000008002b48       0x22 build/stm32f1xx_hal_tim.o
                0x0000000008002b48                TIM_CCxChannelCmd
 *fill*         0x0000000008002b6a        0x2 
 .text.HAL_TIM_PWM_Start
                0x0000000008002b6c       0xf4 build/stm32f1xx_hal_tim.o
                0x0000000008002b6c                HAL_TIM_PWM_Start
 .text.HAL_TIM_PWM_Stop
                0x0000000008002c60       0x8c build/stm32f1xx_hal_tim.o
                0x0000000008002c60                HAL_TIM_PWM_Stop
 .text.TIM_CCxNChannelCmd
                0x0000000008002cec       0x22 build/stm32f1xx_hal_tim_ex.o
 *fill*         0x0000000008002d0e        0x2 
 .text.HAL_TIMEx_PWMN_Start
                0x0000000008002d10       0xe8 build/stm32f1xx_hal_tim_ex.o
                0x0000000008002d10                HAL_TIMEx_PWMN_Start
 .text.HAL_TIMEx_PWMN_Stop
                0x0000000008002df8       0x76 build/stm32f1xx_hal_tim_ex.o
                0x0000000008002df8                HAL_TIMEx_PWMN_Stop
 *fill*         0x0000000008002e6e        0x2 
 .text.HAL_TIMEx_MasterConfigSynchronization
                0x0000000008002e70       0x78 build/stm32f1xx_hal_tim_ex.o
                0x0000000008002e70                HAL_TIMEx_MasterConfigSynchronization
 .text.HAL_TIMEx_ConfigBreakDeadTime
                0x0000000008002ee8       0x52 build/stm32f1xx_hal_tim_ex.o
                0x0000000008002ee8                HAL_TIMEx_ConfigBreakDeadTime
 .text.HAL_TIMEx_CommutCallback
                0x0000000008002f3a        0x2 build/stm32f1xx_hal_tim_ex.o
                0x0000000008002f3a                HAL_TIMEx_CommutCallback
 .text.HAL_TIMEx_BreakCallback
                0x0000000008002f3c        0x2 build/stm32f1xx_hal_tim_ex.o
                0x0000000008002f3c                HAL_TIMEx_BreakCallback
 .text.SystemInit
                0x0000000008002f3e        0x2 build/system_stm32f1xx.o
                0x0000000008002f3e                SystemInit
 .text._GetAvailWriteSpace
                0x0000000008002f40       0x18 build/SEGGER_RTT.o
 .text._WriteNoCheck
                0x0000000008002f58       0x44 build/SEGGER_RTT.o
 .text._WriteBlocking
                0x0000000008002f9c       0x5e build/SEGGER_RTT.o
 *fill*         0x0000000008002ffa        0x2 
 .text._DoInit  0x0000000008002ffc       0x60 build/SEGGER_RTT.o
 .text.SEGGER_RTT_WriteNoLock
                0x000000000800305c       0x6c build/SEGGER_RTT.o
                0x000000000800305c                SEGGER_RTT_WriteNoLock
 .text.SEGGER_RTT_Write
                0x00000000080030c8       0x34 build/SEGGER_RTT.o
                0x00000000080030c8                SEGGER_RTT_Write
 .text._StoreChar
                0x00000000080030fc       0x40 build/SEGGER_RTT_printf.o
 .text._PrintUnsigned
                0x000000000800313c       0xe0 build/SEGGER_RTT_printf.o
 .text._PrintInt
                0x000000000800321c       0xf4 build/SEGGER_RTT_printf.o
 .text.SEGGER_RTT_vprintf
                0x0000000008003310      0x2ac build/SEGGER_RTT_printf.o
                0x0000000008003310                SEGGER_RTT_vprintf
 .text.SEGGER_RTT_printf
                0x00000000080035bc       0x1e build/SEGGER_RTT_printf.o
                0x00000000080035bc                SEGGER_RTT_printf
 *fill*         0x00000000080035da        0x2 
 .text.DiffSignal_StopCurrentTone
                0x00000000080035dc       0x3c build/diff_signal.o
 .text.DiffSignal_GetTimClock
                0x0000000008003618       0x44 build/diff_signal.o
 .text.DiffSignal_ReconfigBitTimer
                0x000000000800365c       0x78 build/diff_signal.o
 .text.DiffSignal_StartToneForBit
                0x00000000080036d4       0x78 build/diff_signal.o
 .text.DiffSignal_ApplyBit
                0x000000000800374c       0x24 build/diff_signal.o
 .text.DiffSignal_Init
                0x0000000008003770       0x34 build/diff_signal.o
                0x0000000008003770                DiffSignal_Init
 .text.DiffSignal_SetBitRate
                0x00000000080037a4       0x34 build/diff_signal.o
                0x00000000080037a4                DiffSignal_SetBitRate
 .text.DiffSignal_IsBusy
                0x00000000080037d8        0xc build/diff_signal.o
                0x00000000080037d8                DiffSignal_IsBusy
 .text.DiffSignal_Stop
                0x00000000080037e4       0x28 build/diff_signal.o
                0x00000000080037e4                DiffSignal_Stop
 .text.DiffSignal_SendBitStream
                0x000000000800380c       0x80 build/diff_signal.o
                0x000000000800380c                DiffSignal_SendBitStream
 .text.DiffSignal_TimerPeriodElapsedCallback
                0x000000000800388c       0x5c build/diff_signal.o
                0x000000000800388c                DiffSignal_TimerPeriodElapsedCallback
 .text.freq_update_latch
                0x00000000080038e8       0x64 build/channel_change.o
 .text.change_local_trans_freq
                0x000000000800394c       0x18 build/channel_change.o
                0x000000000800394c                change_local_trans_freq
 .text.UW_LinkTx_AppendByteMsbBits
                0x0000000008003964       0x2a build/uw_link_tx.o
 .text.UW_LinkTx_Send
                0x000000000800398e       0xf6 build/uw_link_tx.o
                0x000000000800398e                UW_LinkTx_Send
 .text.UW_LinkRx_ResetVotes
                0x0000000008003a84       0x14 build/uw_link_rx.o
 .text.UW_LinkRx_ResetByteAssembler
                0x0000000008003a98       0x10 build/uw_link_rx.o
 .text.UW_LinkRx_ResetParser
                0x0000000008003aa8       0x28 build/uw_link_rx.o
 .text.UW_LinkRx_Abort
                0x0000000008003ad0       0x1c build/uw_link_rx.o
 .text.UW_LinkRx_DecideBit
                0x0000000008003aec       0x4c build/uw_link_rx.o
 .text.UW_LinkRx_PushBitToByte
                0x0000000008003b38       0x40 build/uw_link_rx.o
 .text.UW_LinkRx_ReadTone
                0x0000000008003b78       0x3c build/uw_link_rx.o
 .text.UW_LinkRx_Finish
                0x0000000008003bb4       0x28 build/uw_link_rx.o
 .text.UW_LinkRx_ProcessDecodedBit
                0x0000000008003bdc      0x1f0 build/uw_link_rx.o
 .text.UW_LinkRx_1msTick
                0x0000000008003dcc      0x12c build/uw_link_rx.o
                0x0000000008003dcc                UW_LinkRx_1msTick
 .text.BridgeTxQueue_Init
                0x0000000008003ef8       0x10 build/bridge_app.o
 .text.BridgeTxQueue_Peek
                0x0000000008003f08       0x1a build/bridge_app.o
 .text.BridgeTxQueue_Pop
                0x0000000008003f22       0x22 build/bridge_app.o
 .text.BridgeRxQueue_Init
                0x0000000008003f44       0x10 build/bridge_app.o
 .text.BridgeRxQueue_Pop
                0x0000000008003f54       0x3c build/bridge_app.o
 .text.BridgeTxQueue_Push
                0x0000000008003f90       0x4c build/bridge_app.o
 .text.Bridge_SendResponse
                0x0000000008003fdc       0x2c build/bridge_app.o
 .text.Bridge_SendSimpleStatus
                0x0000000008004008       0x3c build/bridge_app.o
 .text.Bridge_HandleFrame
                0x0000000008004044      0x17c build/bridge_app.o
 .text.Bridge_ProcessRs485Rx
                0x00000000080041c0       0x3c build/bridge_app.o
 .text.Bridge_ProcessAcousticTx
                0x00000000080041fc       0x84 build/bridge_app.o
 .text.BridgeApp_Init
                0x0000000008004280       0x48 build/bridge_app.o
                0x0000000008004280                BridgeApp_Init
 .text.BridgeApp_Process
                0x00000000080042c8        0xc build/bridge_app.o
                0x00000000080042c8                BridgeApp_Process
 .text.BridgeApp_UartRxCpltCallback
                0x00000000080042d4        0x8 build/bridge_app.o
                0x00000000080042d4                BridgeApp_UartRxCpltCallback
 .text.BridgeApp_UartErrorCallback
                0x00000000080042dc        0x8 build/bridge_app.o
                0x00000000080042dc                BridgeApp_UartErrorCallback
 .text.BridgeProto_CobsEncode
                0x00000000080042e4       0x74 build/bridge_proto.o
 .text.BridgeProto_CobsDecode
                0x0000000008004358       0x62 build/bridge_proto.o
 .text.BridgeProto_CalcCrc16
                0x00000000080043ba       0x3a build/bridge_proto.o
                0x00000000080043ba                BridgeProto_CalcCrc16
 .text.BridgeProto_DecodeOne
                0x00000000080043f4       0x92 build/bridge_proto.o
 .text.BridgeProto_ParserInit
                0x0000000008004486        0xc build/bridge_proto.o
                0x0000000008004486                BridgeProto_ParserInit
 .text.BridgeProto_PushByte
                0x0000000008004492       0x5e build/bridge_proto.o
                0x0000000008004492                BridgeProto_PushByte
 .text.BridgeProto_BuildEncodedFrame
                0x00000000080044f0       0x80 build/bridge_proto.o
                0x00000000080044f0                BridgeProto_BuildEncodedFrame
 .text.BridgeHook_AcousticIsTxIdle
                0x0000000008004570        0xe build/bridge_user_hooks.o
                0x0000000008004570                BridgeHook_AcousticIsTxIdle
 *fill*         0x000000000800457e        0x2 
 .text.BridgeHook_AcousticStartTx
                0x0000000008004580       0x2c build/bridge_user_hooks.o
                0x0000000008004580                BridgeHook_AcousticStartTx
 .text.BridgeHook_OnValid485Frame
                0x00000000080045ac        0x2 build/bridge_user_hooks.o
                0x00000000080045ac                BridgeHook_OnValid485Frame
 .text.BridgeHook_GetMs
                0x00000000080045ae        0x8 build/bridge_user_hooks.o
                0x00000000080045ae                BridgeHook_GetMs
 .text.BridgeHook_HandleSetParam
                0x00000000080045b6       0x18 build/bridge_user_hooks.o
                0x00000000080045b6                BridgeHook_HandleSetParam
 .text.UW_Link_CalcCrc16
                0x00000000080045ce       0x3a build/uw_link_proto.o
                0x00000000080045ce                UW_Link_CalcCrc16
 .text.RingFifo_Init
                0x0000000008004608        0xc build/ring_fifo.o
                0x0000000008004608                RingFifo_Init
 .text.RingFifo_PushByte
                0x0000000008004614       0x30 build/ring_fifo.o
                0x0000000008004614                RingFifo_PushByte
 .text.RingFifo_PopByte
                0x0000000008004644       0x32 build/ring_fifo.o
                0x0000000008004644                RingFifo_PopByte
 *fill*         0x0000000008004676        0x2 
 .text.RS485_Port_SetRxMode
                0x0000000008004678       0x14 build/rs485_port.o
 .text.RS485_Port_SetTxMode
                0x000000000800468c       0x14 build/rs485_port.o
 .text.RS485_Port_Init
                0x00000000080046a0       0x1c build/rs485_port.o
                0x00000000080046a0                RS485_Port_Init
 .text.RS485_Port_StartRxIt
                0x00000000080046bc       0x28 build/rs485_port.o
                0x00000000080046bc                RS485_Port_StartRxIt
 .text.RS485_Port_RxCpltCallback
                0x00000000080046e4       0x2c build/rs485_port.o
                0x00000000080046e4                RS485_Port_RxCpltCallback
 .text.RS485_Port_ErrorCallback
                0x0000000008004710       0x60 build/rs485_port.o
                0x0000000008004710                RS485_Port_ErrorCallback
 .text.RS485_Port_ReadByte
                0x0000000008004770       0x20 build/rs485_port.o
                0x0000000008004770                RS485_Port_ReadByte
 .text.RS485_Port_SendBytes
                0x0000000008004790       0x54 build/rs485_port.o
                0x0000000008004790                RS485_Port_SendBytes
 .text.Reset_Handler
                0x00000000080047e4       0x48 build/startup_stm32f103xe.o
                0x00000000080047e4                Reset_Handler
 .text.Default_Handler
                0x000000000800482c        0x2 build/startup_stm32f103xe.o
                0x000000000800482c                RTC_Alarm_IRQHandler
                0x000000000800482c                EXTI2_IRQHandler
                0x000000000800482c                TIM8_TRG_COM_IRQHandler
                0x000000000800482c                TIM8_CC_IRQHandler
                0x000000000800482c                TIM1_CC_IRQHandler
                0x000000000800482c                PVD_IRQHandler
                0x000000000800482c                SDIO_IRQHandler
                0x000000000800482c                EXTI3_IRQHandler
                0x000000000800482c                EXTI0_IRQHandler
                0x000000000800482c                I2C2_EV_IRQHandler
                0x000000000800482c                ADC1_2_IRQHandler
                0x000000000800482c                SPI1_IRQHandler
                0x000000000800482c                TAMPER_IRQHandler
                0x000000000800482c                TIM8_UP_IRQHandler
                0x000000000800482c                DMA2_Channel2_IRQHandler
                0x000000000800482c                DMA1_Channel4_IRQHandler
                0x000000000800482c                RTC_IRQHandler
                0x000000000800482c                DMA1_Channel7_IRQHandler
                0x000000000800482c                CAN1_RX1_IRQHandler
                0x000000000800482c                UART5_IRQHandler
                0x000000000800482c                ADC3_IRQHandler
                0x000000000800482c                DMA2_Channel1_IRQHandler
                0x000000000800482c                I2C1_EV_IRQHandler
                0x000000000800482c                DMA1_Channel6_IRQHandler
                0x000000000800482c                UART4_IRQHandler
                0x000000000800482c                TIM3_IRQHandler
                0x000000000800482c                RCC_IRQHandler
                0x000000000800482c                TIM1_TRG_COM_IRQHandler
                0x000000000800482c                DMA1_Channel1_IRQHandler
                0x000000000800482c                Default_Handler
                0x000000000800482c                EXTI15_10_IRQHandler
                0x000000000800482c                TIM7_IRQHandler
                0x000000000800482c                TIM5_IRQHandler
                0x000000000800482c                EXTI9_5_IRQHandler
                0x000000000800482c                SPI2_IRQHandler
                0x000000000800482c                DMA1_Channel5_IRQHandler
                0x000000000800482c                EXTI4_IRQHandler
                0x000000000800482c                USB_LP_CAN1_RX0_IRQHandler
                0x000000000800482c                USB_HP_CAN1_TX_IRQHandler
                0x000000000800482c                DMA1_Channel3_IRQHandler
                0x000000000800482c                FSMC_IRQHandler
                0x000000000800482c                TIM1_UP_IRQHandler
                0x000000000800482c                WWDG_IRQHandler
                0x000000000800482c                TIM2_IRQHandler
                0x000000000800482c                TIM1_BRK_IRQHandler
                0x000000000800482c                EXTI1_IRQHandler
                0x000000000800482c                DMA2_Channel4_5_IRQHandler
                0x000000000800482c                USART2_IRQHandler
                0x000000000800482c                I2C2_ER_IRQHandler
                0x000000000800482c                DMA1_Channel2_IRQHandler
                0x000000000800482c                TIM8_BRK_IRQHandler
                0x000000000800482c                CAN1_SCE_IRQHandler
                0x000000000800482c                FLASH_IRQHandler
                0x000000000800482c                USART1_IRQHandler
                0x000000000800482c                SPI3_IRQHandler
                0x000000000800482c                I2C1_ER_IRQHandler
                0x000000000800482c                USBWakeUp_IRQHandler
                0x000000000800482c                DMA2_Channel3_IRQHandler
 *fill*         0x000000000800482e        0x2 
 .text.__libc_init_array
                0x0000000008004830       0x48 /opt/gcc-arm-none-eabi-9-2020-q2-update/bin/../lib/gcc/arm-none-eabi/9.3.1/../../../../arm-none-eabi/lib/thumb/v7-m/nofp/libc_nano.a(lib_a-init.o)
                0x0000000008004830                __libc_init_array
 .text.memcpy   0x0000000008004878       0x1c /opt/gcc-arm-none-eabi-9-2020-q2-update/bin/../lib/gcc/arm-none-eabi/9.3.1/../../../../arm-none-eabi/lib/thumb/v7-m/nofp/libc_nano.a(lib_a-memcpy-stub.o)
                0x0000000008004878                memcpy
 .text.memset   0x0000000008004894       0x10 /opt/gcc-arm-none-eabi-9-2020-q2-update/bin/../lib/gcc/arm-none-eabi/9.3.1/../../../../arm-none-eabi/lib/thumb/v7-m/nofp/libc_nano.a(lib_a-memset.o)
                0x0000000008004894                memset
 *(.glue_7)
 .glue_7        0x00000000080048a4        0x0 linker stubs
 *(.glue_7t)
 .glue_7t       0x00000000080048a4        0x0 linker stubs
 *(.eh_frame)
 .eh_frame      0x00000000080048a4        0x0 /opt/gcc-arm-none-eabi-9-2020-q2-update/bin/../lib/gcc/arm-none-eabi/9.3.1/thumb/v7-m/nofp/crtbegin.o
 *(.init)
 .init          0x00000000080048a4        0x4 /opt/gcc-arm-none-eabi-9-2020-q2-update/bin/../lib/gcc/arm-none-eabi/9.3.1/thumb/v7-m/nofp/crti.o
                0x00000000080048a4                _init
 .init          0x00000000080048a8        0x8 /opt/gcc-arm-none-eabi-9-2020-q2-update/bin/../lib/gcc/arm-none-eabi/9.3.1/thumb/v7-m/nofp/crtn.o
 *(.fini)
 .fini          0x00000000080048b0        0x4 /opt/gcc-arm-none-eabi-9-2020-q2-update/bin/../lib/gcc/arm-none-eabi/9.3.1/thumb/v7-m/nofp/crti.o
                0x00000000080048b0                _fini
 .fini          0x00000000080048b4        0x8 /opt/gcc-arm-none-eabi-9-2020-q2-update/bin/../lib/gcc/arm-none-eabi/9.3.1/thumb/v7-m/nofp/crtn.o
                0x00000000080048bc                . = ALIGN (0x4)
                0x00000000080048bc                _etext = .

.vfp11_veneer   0x00000000080048bc        0x0
 .vfp11_veneer  0x00000000080048bc        0x0 linker stubs

.v4_bx          0x00000000080048bc        0x0
 .v4_bx         0x00000000080048bc        0x0 linker stubs

.iplt           0x00000000080048bc        0x0
 .iplt          0x00000000080048bc        0x0 /opt/gcc-arm-none-eabi-9-2020-q2-update/bin/../lib/gcc/arm-none-eabi/9.3.1/thumb/v7-m/nofp/crtbegin.o

.rodata         0x00000000080048bc       0xfc
                0x00000000080048bc                . = ALIGN (0x4)
 *(.rodata)
 *(.rodata*)
 .rodata.SystemClock_Config.str1.4
                0x00000000080048bc       0x21 build/main.o
 *fill*         0x00000000080048dd        0x3 
 .rodata.main.str1.4
                0x00000000080048e0       0x2e build/main.o
 *fill*         0x000000000800490e        0x2 
 .rodata.USART3_Driver_Init.str1.4
                0x0000000008004910       0x11 build/uart3_drv.o
 *fill*         0x0000000008004921        0x3 
 .rodata.HAL_RCC_GetSysClockFreq.str1.4
                0x0000000008004924       0x11 build/stm32f1xx_hal_rcc.o
 *fill*         0x0000000008004935        0x3 
 .rodata.AHBPrescTable
                0x0000000008004938       0x10 build/system_stm32f1xx.o
                0x0000000008004938                AHBPrescTable
 .rodata.APBPrescTable
                0x0000000008004948        0x8 build/system_stm32f1xx.o
                0x0000000008004948                APBPrescTable
 .rodata._DoInit.str1.4
                0x0000000008004950       0x17 build/SEGGER_RTT.o
 *fill*         0x0000000008004967        0x1 
 .rodata._aV2C.4908
                0x0000000008004968       0x10 build/SEGGER_RTT_printf.o
 .rodata.BridgeApp_Init.str1.4
                0x0000000008004978        0x7 build/bridge_app.o
 *fill*         0x000000000800497f        0x1 
 .rodata.BridgeHook_AcousticStartTx.str1.4
                0x0000000008004980        0xf build/bridge_user_hooks.o
 *fill*         0x000000000800498f        0x1 
 .rodata.RS485_Port_StartRxIt.str1.4
                0x0000000008004990        0x7 build/rs485_port.o
 *fill*         0x0000000008004997        0x1 
 .rodata.RS485_Port_ReadByte.str1.4
                0x0000000008004998        0xe build/rs485_port.o
 *fill*         0x00000000080049a6        0x2 
 .rodata.RS485_Port_SendBytes.str1.4
                0x00000000080049a8        0xe build/rs485_port.o
                0x00000000080049b8                . = ALIGN (0x4)
 *fill*         0x00000000080049b6        0x2 

.rel.dyn        0x00000000080049b8        0x0
 .rel.iplt      0x00000000080049b8        0x0 /opt/gcc-arm-none-eabi-9-2020-q2-update/bin/../lib/gcc/arm-none-eabi/9.3.1/thumb/v7-m/nofp/crtbegin.o

.ARM.extab
 *(.ARM.extab* .gnu.linkonce.armextab.*)

.ARM            0x00000000080049b8        0x0
                0x00000000080049b8                __exidx_start = .
 *(.ARM.exidx*)
                0x00000000080049b8                __exidx_end = .

.preinit_array  0x00000000080049b8        0x0
                0x00000000080049b8                PROVIDE (__preinit_array_start = .)
 *(.preinit_array*)
                0x00000000080049b8                PROVIDE (__preinit_array_end = .)

.init_array     0x00000000080049b8        0x4
                0x00000000080049b8                PROVIDE (__init_array_start = .)
 *(SORT_BY_NAME(.init_array.*))
 *(.init_array*)
 .init_array    0x00000000080049b8        0x4 /opt/gcc-arm-none-eabi-9-2020-q2-update/bin/../lib/gcc/arm-none-eabi/9.3.1/thumb/v7-m/nofp/crtbegin.o
                0x00000000080049bc                PROVIDE (__init_array_end = .)

.fini_array     0x00000000080049bc        0x4
                [!provide]                        PROVIDE (__fini_array_start = .)
 *(SORT_BY_NAME(.fini_array.*))
 *(.fini_array*)
 .fini_array    0x00000000080049bc        0x4 /opt/gcc-arm-none-eabi-9-2020-q2-update/bin/../lib/gcc/arm-none-eabi/9.3.1/thumb/v7-m/nofp/crtbegin.o
                [!provide]                        PROVIDE (__fini_array_end = .)
                0x00000000080049c0                _sidata = LOADADDR (.data)

.data           0x0000000020000000      0x81c load address 0x00000000080049c0
                0x0000000020000000                . = ALIGN (0x4)
                0x0000000020000000                _sdata = .
 *(.data)
 *(.data*)
 .data.uwTickFreq
                0x0000000020000000        0x1 build/stm32f1xx_hal.o
                0x0000000020000000                uwTickFreq
 *fill*         0x0000000020000001        0x3 
 .data.uwTickPrio
                0x0000000020000004        0x4 build/stm32f1xx_hal.o
                0x0000000020000004                uwTickPrio
 .data.SystemCoreClock
                0x0000000020000008        0x4 build/system_stm32f1xx.o
                0x0000000020000008                SystemCoreClock
 .data.s_diff   0x000000002000000c      0x810 build/diff_signal.o
                0x000000002000081c                . = ALIGN (0x4)
                0x000000002000081c                _edata = .

.igot.plt       0x000000002000081c        0x0 load address 0x00000000080051dc
 .igot.plt      0x000000002000081c        0x0 /opt/gcc-arm-none-eabi-9-2020-q2-update/bin/../lib/gcc/arm-none-eabi/9.3.1/thumb/v7-m/nofp/crtbegin.o
                0x000000002000081c                . = ALIGN (0x4)

.bss            0x000000002000081c      0xe74 load address 0x00000000080051dc
                0x000000002000081c                _sbss = .
                0x000000002000081c                __bss_start__ = _sbss
 *(.bss)
 .bss           0x000000002000081c       0x1c /opt/gcc-arm-none-eabi-9-2020-q2-update/bin/../lib/gcc/arm-none-eabi/9.3.1/thumb/v7-m/nofp/crtbegin.o
 *(.bss*)
 .bss.hadc1     0x0000000020000838       0x30 build/battery_adc.o
 .bss._acDownBuffer
                0x0000000020000868       0x10 build/SEGGER_RTT.o
 .bss._acUpBuffer
                0x0000000020000878      0x400 build/SEGGER_RTT.o
 .bss.s_rx      0x0000000020000c78      0x124 build/uw_link_rx.o
 .bss.s_bridge  0x0000000020000d9c      0x4e8 build/bridge_app.o
 .bss.s_tx_frame_buf
                0x0000000020001284       0x4b build/bridge_app.o
 *fill*         0x00000000200012cf        0x1 
 .bss.s_rs485_rx_fifo
                0x00000000200012d0        0xc build/rs485_port.o
 .bss.s_rs485_rx_fifo_mem
                0x00000000200012dc      0x100 build/rs485_port.o
 .bss.s_rx_byte
                0x00000000200013dc        0x1 build/rs485_port.o
 *(COMMON)
 *fill*         0x00000000200013dd        0x3 
 COMMON         0x00000000200013e0       0x58 build/spi.o
                0x00000000200013e0                hspi2
 COMMON         0x0000000020001438      0x168 build/tim.o
                0x0000000020001438                htim8
                0x0000000020001480                htim4
                0x00000000200014c8                htim6
                0x0000000020001510                htim1
                0x0000000020001558                htim2
 COMMON         0x00000000200015a0       0x44 build/uart3_drv.o
                0x00000000200015a0                huart3
 COMMON         0x00000000200015e4        0x4 build/stm32f1xx_hal.o
                0x00000000200015e4                uwTick
 COMMON         0x00000000200015e8       0xa8 build/SEGGER_RTT.o
                0x00000000200015e8                _SEGGER_RTT
                0x0000000020001690                . = ALIGN (0x4)
                0x0000000020001690                _ebss = .
                0x0000000020001690                __bss_end__ = _ebss

._user_heap_stack
                0x0000000020001690      0x600 load address 0x00000000080051dc
                0x0000000020001690                . = ALIGN (0x8)
                [!provide]                        PROVIDE (end = .)
                [!provide]                        PROVIDE (_end = .)
                0x0000000020001890                . = (. + _Min_Heap_Size)
 *fill*         0x0000000020001690      0x200 
                0x0000000020001c90                . = (. + _Min_Stack_Size)
 *fill*         0x0000000020001890      0x400 
                0x0000000020001c90                . = ALIGN (0x8)

/DISCARD/
 libc.a(*)
 libm.a(*)
 libgcc.a(*)

.ARM.attributes
                0x0000000000000000       0x29
 *(.ARM.attributes)
 .ARM.attributes
                0x0000000000000000       0x1d /opt/gcc-arm-none-eabi-9-2020-q2-update/bin/../lib/gcc/arm-none-eabi/9.3.1/thumb/v7-m/nofp/crti.o
 .ARM.attributes
                0x000000000000001d       0x2d /opt/gcc-arm-none-eabi-9-2020-q2-update/bin/../lib/gcc/arm-none-eabi/9.3.1/thumb/v7-m/nofp/crtbegin.o
 .ARM.attributes
                0x000000000000004a       0x2d build/main.o
 .ARM.attributes
                0x0000000000000077       0x2d build/gpio.o
 .ARM.attributes
                0x00000000000000a4       0x2d build/spi.o
 .ARM.attributes
                0x00000000000000d1       0x2d build/tim.o
 .ARM.attributes
                0x00000000000000fe       0x2d build/uart3_drv.o
 .ARM.attributes
                0x000000000000012b       0x2d build/battery_adc.o
 .ARM.attributes
                0x0000000000000158       0x2d build/stm32f1xx_it.o
 .ARM.attributes
                0x0000000000000185       0x2d build/stm32f1xx_hal_msp.o
 .ARM.attributes
                0x00000000000001b2       0x2d build/stm32f1xx_hal_uart.o
 .ARM.attributes
                0x00000000000001df       0x2d build/stm32f1xx_hal_spi.o
 .ARM.attributes
                0x000000000000020c       0x2d build/stm32f1xx_hal_adc.o
 .ARM.attributes
                0x0000000000000239       0x2d build/stm32f1xx_hal.o
 .ARM.attributes
                0x0000000000000266       0x2d build/stm32f1xx_hal_rcc.o
 .ARM.attributes
                0x0000000000000293       0x2d build/stm32f1xx_hal_rcc_ex.o
 .ARM.attributes
                0x00000000000002c0       0x2d build/stm32f1xx_hal_gpio.o
 .ARM.attributes
                0x00000000000002ed       0x2d build/stm32f1xx_hal_dma.o
 .ARM.attributes
                0x000000000000031a       0x2d build/stm32f1xx_hal_cortex.o
 .ARM.attributes
                0x0000000000000347       0x2d build/stm32f1xx_hal_tim.o
 .ARM.attributes
                0x0000000000000374       0x2d build/stm32f1xx_hal_tim_ex.o
 .ARM.attributes
                0x00000000000003a1       0x2d build/system_stm32f1xx.o
 .ARM.attributes
                0x00000000000003ce       0x2d build/SEGGER_RTT.o
 .ARM.attributes
                0x00000000000003fb       0x2d build/SEGGER_RTT_printf.o
 .ARM.attributes
                0x0000000000000428       0x2d build/diff_signal.o
 .ARM.attributes
                0x0000000000000455       0x2d build/channel_change.o
 .ARM.attributes
                0x0000000000000482       0x2d build/uw_link_tx.o
 .ARM.attributes
                0x00000000000004af       0x2d build/uw_link_rx.o
 .ARM.attributes
                0x00000000000004dc       0x2d build/bridge_app.o
 .ARM.attributes
                0x0000000000000509       0x2d build/bridge_proto.o
 .ARM.attributes
                0x0000000000000536       0x2d build/bridge_user_hooks.o
 .ARM.attributes
                0x0000000000000563       0x2d build/uw_link_proto.o
 .ARM.attributes
                0x0000000000000590       0x2d build/ring_fifo.o
 .ARM.attributes
                0x00000000000005bd       0x2d build/rs485_port.o
 .ARM.attributes
                0x00000000000005ea       0x21 build/startup_stm32f103xe.o
 .ARM.attributes
                0x000000000000060b       0x2d /opt/gcc-arm-none-eabi-9-2020-q2-update/bin/../lib/gcc/arm-none-eabi/9.3.1/../../../../arm-none-eabi/lib/thumb/v7-m/nofp/libc_nano.a(lib_a-init.o)
 .ARM.attributes
                0x0000000000000638       0x2d /opt/gcc-arm-none-eabi-9-2020-q2-update/bin/../lib/gcc/arm-none-eabi/9.3.1/../../../../arm-none-eabi/lib/thumb/v7-m/nofp/libc_nano.a(lib_a-memcpy-stub.o)
 .ARM.attributes
                0x0000000000000665       0x2d /opt/gcc-arm-none-eabi-9-2020-q2-update/bin/../lib/gcc/arm-none-eabi/9.3.1/../../../../arm-none-eabi/lib/thumb/v7-m/nofp/libc_nano.a(lib_a-memset.o)
 .ARM.attributes
                0x0000000000000692       0x1d /opt/gcc-arm-none-eabi-9-2020-q2-update/bin/../lib/gcc/arm-none-eabi/9.3.1/thumb/v7-m/nofp/libgcc.a(_arm_mulsf3.o)
 .ARM.attributes
                0x00000000000006af       0x1d /opt/gcc-arm-none-eabi-9-2020-q2-update/bin/../lib/gcc/arm-none-eabi/9.3.1/thumb/v7-m/nofp/libgcc.a(_arm_truncdfsf2.o)
 .ARM.attributes
                0x00000000000006cc       0x1d /opt/gcc-arm-none-eabi-9-2020-q2-update/bin/../lib/gcc/arm-none-eabi/9.3.1/thumb/v7-m/nofp/libgcc.a(_arm_cmpsf2.o)
 .ARM.attributes
                0x00000000000006e9       0x1d /opt/gcc-arm-none-eabi-9-2020-q2-update/bin/../lib/gcc/arm-none-eabi/9.3.1/thumb/v7-m/nofp/libgcc.a(_arm_fixsfsi.o)
 .ARM.attributes
                0x0000000000000706       0x1d /opt/gcc-arm-none-eabi-9-2020-q2-update/bin/../lib/gcc/arm-none-eabi/9.3.1/thumb/v7-m/nofp/crtn.o
OUTPUT(build/underwater_comm.elf elf32-littlearm)
LOAD linker stubs
LOAD /opt/gcc-arm-none-eabi-9-2020-q2-update/bin/../lib/gcc/arm-none-eabi/9.3.1/../../../../arm-none-eabi/lib/thumb/v7-m/nofp/libc.a
LOAD /opt/gcc-arm-none-eabi-9-2020-q2-update/bin/../lib/gcc/arm-none-eabi/9.3.1/../../../../arm-none-eabi/lib/thumb/v7-m/nofp/libm.a
LOAD /opt/gcc-arm-none-eabi-9-2020-q2-update/bin/../lib/gcc/arm-none-eabi/9.3.1/thumb/v7-m/nofp/libgcc.a

.debug_info     0x0000000000000000    0x1febc
 .debug_info    0x0000000000000000     0x239e build/main.o
 .debug_info    0x000000000000239e      0x573 build/gpio.o
 .debug_info    0x0000000000002911      0xa20 build/spi.o
 .debug_info    0x0000000000003331     0x1239 build/tim.o
 .debug_info    0x000000000000456a      0xb98 build/uart3_drv.o
 .debug_info    0x0000000000005102      0xc2f build/battery_adc.o
 .debug_info    0x0000000000005d31      0xd13 build/stm32f1xx_it.o
 .debug_info    0x0000000000006a44      0x293 build/stm32f1xx_hal_msp.o
 .debug_info    0x0000000000006cd7     0x1ef4 build/stm32f1xx_hal_uart.o
 .debug_info    0x0000000000008bcb     0x1fc2 build/stm32f1xx_hal_spi.o
 .debug_info    0x000000000000ab8d     0x10f9 build/stm32f1xx_hal_adc.o
 .debug_info    0x000000000000bc86      0x94a build/stm32f1xx_hal.o
 .debug_info    0x000000000000c5d0      0xb67 build/stm32f1xx_hal_rcc.o
 .debug_info    0x000000000000d137      0x582 build/stm32f1xx_hal_rcc_ex.o
 .debug_info    0x000000000000d6b9      0x7d1 build/stm32f1xx_hal_gpio.o
 .debug_info    0x000000000000de8a      0x9b4 build/stm32f1xx_hal_dma.o
 .debug_info    0x000000000000e83e      0xf5d build/stm32f1xx_hal_cortex.o
 .debug_info    0x000000000000f79b     0x3ee7 build/stm32f1xx_hal_tim.o
 .debug_info    0x0000000000013682     0x1c60 build/stm32f1xx_hal_tim_ex.o
 .debug_info    0x00000000000152e2      0x2f7 build/system_stm32f1xx.o
 .debug_info    0x00000000000155d9     0x1ec6 build/SEGGER_RTT.o
 .debug_info    0x000000000001749f     0x1146 build/SEGGER_RTT_printf.o
 .debug_info    0x00000000000185e5     0x19d5 build/diff_signal.o
 .debug_info    0x0000000000019fba      0x5ef build/channel_change.o
 .debug_info    0x000000000001a5a9      0x3b1 build/uw_link_tx.o
 .debug_info    0x000000000001a95a     0x14bf build/uw_link_rx.o
 .debug_info    0x000000000001be19     0x1c1a build/bridge_app.o
 .debug_info    0x000000000001da33     0x1133 build/bridge_proto.o
 .debug_info    0x000000000001eb66      0x3ab build/bridge_user_hooks.o
 .debug_info    0x000000000001ef11      0x125 build/uw_link_proto.o
 .debug_info    0x000000000001f036      0x24f build/ring_fifo.o
 .debug_info    0x000000000001f285      0xc15 build/rs485_port.o
 .debug_info    0x000000000001fe9a       0x22 build/startup_stm32f103xe.o

.debug_abbrev   0x0000000000000000     0x4c9c
 .debug_abbrev  0x0000000000000000      0x300 build/main.o
 .debug_abbrev  0x0000000000000300      0x17e build/gpio.o
 .debug_abbrev  0x000000000000047e      0x1f1 build/spi.o
 .debug_abbrev  0x000000000000066f      0x255 build/tim.o
 .debug_abbrev  0x00000000000008c4      0x214 build/uart3_drv.o
 .debug_abbrev  0x0000000000000ad8      0x27e build/battery_adc.o
 .debug_abbrev  0x0000000000000d56      0x1e3 build/stm32f1xx_it.o
 .debug_abbrev  0x0000000000000f39      0x11c build/stm32f1xx_hal_msp.o
 .debug_abbrev  0x0000000000001055      0x2ea build/stm32f1xx_hal_uart.o
 .debug_abbrev  0x000000000000133f      0x2be build/stm32f1xx_hal_spi.o
 .debug_abbrev  0x00000000000015fd      0x265 build/stm32f1xx_hal_adc.o
 .debug_abbrev  0x0000000000001862      0x21c build/stm32f1xx_hal.o
 .debug_abbrev  0x0000000000001a7e      0x2ad build/stm32f1xx_hal_rcc.o
 .debug_abbrev  0x0000000000001d2b      0x1fb build/stm32f1xx_hal_rcc_ex.o
 .debug_abbrev  0x0000000000001f26      0x24f build/stm32f1xx_hal_gpio.o
 .debug_abbrev  0x0000000000002175      0x2a1 build/stm32f1xx_hal_dma.o
 .debug_abbrev  0x0000000000002416      0x37f build/stm32f1xx_hal_cortex.o
 .debug_abbrev  0x0000000000002795      0x2c3 build/stm32f1xx_hal_tim.o
 .debug_abbrev  0x0000000000002a58      0x2ab build/stm32f1xx_hal_tim_ex.o
 .debug_abbrev  0x0000000000002d03      0x153 build/system_stm32f1xx.o
 .debug_abbrev  0x0000000000002e56      0x363 build/SEGGER_RTT.o
 .debug_abbrev  0x00000000000031b9      0x350 build/SEGGER_RTT_printf.o
 .debug_abbrev  0x0000000000003509      0x3d1 build/diff_signal.o
 .debug_abbrev  0x00000000000038da      0x1ab build/channel_change.o
 .debug_abbrev  0x0000000000003a85      0x1c9 build/uw_link_tx.o
 .debug_abbrev  0x0000000000003c4e      0x3e1 build/uw_link_rx.o
 .debug_abbrev  0x000000000000402f      0x3d9 build/bridge_app.o
 .debug_abbrev  0x0000000000004408      0x2e2 build/bridge_proto.o
 .debug_abbrev  0x00000000000046ea      0x193 build/bridge_user_hooks.o
 .debug_abbrev  0x000000000000487d       0xa2 build/uw_link_proto.o
 .debug_abbrev  0x000000000000491f      0x11d build/ring_fifo.o
 .debug_abbrev  0x0000000000004a3c      0x24e build/rs485_port.o
 .debug_abbrev  0x0000000000004c8a       0x12 build/startup_stm32f103xe.o

.debug_loc      0x0000000000000000    0x14ca8
 .debug_loc     0x0000000000000000      0x151 build/main.o
 .debug_loc     0x0000000000000151       0x39 build/gpio.o
 .debug_loc     0x000000000000018a      0x108 build/spi.o
 .debug_loc     0x0000000000000292      0x228 build/tim.o
 .debug_loc     0x00000000000004ba       0x7a build/uart3_drv.o
 .debug_loc     0x0000000000000534      0x287 build/battery_adc.o
 .debug_loc     0x00000000000007bb      0x1a0 build/stm32f1xx_it.o
 .debug_loc     0x000000000000095b       0x2c build/stm32f1xx_hal_msp.o
 .debug_loc     0x0000000000000987     0x267b build/stm32f1xx_hal_uart.o
 .debug_loc     0x0000000000003002     0x2452 build/stm32f1xx_hal_spi.o
 .debug_loc     0x0000000000005454      0xdf1 build/stm32f1xx_hal_adc.o
 .debug_loc     0x0000000000006245      0x1e1 build/stm32f1xx_hal.o
 .debug_loc     0x0000000000006426      0x7c0 build/stm32f1xx_hal_rcc.o
 .debug_loc     0x0000000000006be6      0x432 build/stm32f1xx_hal_rcc_ex.o
 .debug_loc     0x0000000000007018      0x53b build/stm32f1xx_hal_gpio.o
 .debug_loc     0x0000000000007553      0x8ea build/stm32f1xx_hal_dma.o
 .debug_loc     0x0000000000007e3d      0x7af build/stm32f1xx_hal_cortex.o
 .debug_loc     0x00000000000085ec     0x51da build/stm32f1xx_hal_tim.o
 .debug_loc     0x000000000000d7c6     0x1f4b build/stm32f1xx_hal_tim_ex.o
 .debug_loc     0x000000000000f711       0xff build/system_stm32f1xx.o
 .debug_loc     0x000000000000f810     0x1f6d build/SEGGER_RTT.o
 .debug_loc     0x000000000001177d      0x78e build/SEGGER_RTT_printf.o
 .debug_loc     0x0000000000011f0b      0x80f build/diff_signal.o
 .debug_loc     0x000000000001271a      0x27a build/channel_change.o
 .debug_loc     0x0000000000012994      0x2bd build/uw_link_tx.o
 .debug_loc     0x0000000000012c51      0x6dc build/uw_link_rx.o
 .debug_loc     0x000000000001332d      0x864 build/bridge_app.o
 .debug_loc     0x0000000000013b91      0xa94 build/bridge_proto.o
 .debug_loc     0x0000000000014625      0x16b build/bridge_user_hooks.o
 .debug_loc     0x0000000000014790       0xe2 build/uw_link_proto.o
 .debug_loc     0x0000000000014872      0x145 build/ring_fifo.o
 .debug_loc     0x00000000000149b7      0x2f1 build/rs485_port.o

.debug_aranges  0x0000000000000000     0x1448
 .debug_aranges
                0x0000000000000000       0x40 build/main.o
 .debug_aranges
                0x0000000000000040       0x20 build/gpio.o
 .debug_aranges
                0x0000000000000060       0x30 build/spi.o
 .debug_aranges
                0x0000000000000090       0x58 build/tim.o
 .debug_aranges
                0x00000000000000e8       0x28 build/uart3_drv.o
 .debug_aranges
                0x0000000000000110       0x60 build/battery_adc.o
 .debug_aranges
                0x0000000000000170       0x90 build/stm32f1xx_it.o
 .debug_aranges
                0x0000000000000200       0x20 build/stm32f1xx_hal_msp.o
 .debug_aranges
                0x0000000000000220      0x200 build/stm32f1xx_hal_uart.o
 .debug_aranges
                0x0000000000000420      0x1d0 build/stm32f1xx_hal_spi.o
 .debug_aranges
                0x00000000000005f0       0xf0 build/stm32f1xx_hal_adc.o
 .debug_aranges
                0x00000000000006e0       0xe0 build/stm32f1xx_hal.o
 .debug_aranges
                0x00000000000007c0       0x90 build/stm32f1xx_hal_rcc.o
 .debug_aranges
                0x0000000000000850       0x30 build/stm32f1xx_hal_rcc_ex.o
 .debug_aranges
                0x0000000000000880       0x58 build/stm32f1xx_hal_gpio.o
 .debug_aranges
                0x00000000000008d8       0x80 build/stm32f1xx_hal_dma.o
 .debug_aranges
                0x0000000000000958       0x90 build/stm32f1xx_hal_cortex.o
 .debug_aranges
                0x00000000000009e8      0x3d0 build/stm32f1xx_hal_tim.o
 .debug_aranges
                0x0000000000000db8      0x168 build/stm32f1xx_hal_tim_ex.o
 .debug_aranges
                0x0000000000000f20       0x28 build/system_stm32f1xx.o
 .debug_aranges
                0x0000000000000f48       0xf0 build/SEGGER_RTT.o
 .debug_aranges
                0x0000000000001038       0x40 build/SEGGER_RTT_printf.o
 .debug_aranges
                0x0000000000001078       0xa0 build/diff_signal.o
 .debug_aranges
                0x0000000000001118       0x60 build/channel_change.o
 .debug_aranges
                0x0000000000001178       0x30 build/uw_link_tx.o
 .debug_aranges
                0x00000000000011a8       0x90 build/uw_link_rx.o
 .debug_aranges
                0x0000000000001238       0xa0 build/bridge_app.o
 .debug_aranges
                0x00000000000012d8       0x50 build/bridge_proto.o
 .debug_aranges
                0x0000000000001328       0x40 build/bridge_user_hooks.o
 .debug_aranges
                0x0000000000001368       0x20 build/uw_link_proto.o
 .debug_aranges
                0x0000000000001388       0x40 build/ring_fifo.o
 .debug_aranges
                0x00000000000013c8       0x58 build/rs485_port.o
 .debug_aranges
                0x0000000000001420       0x28 build/startup_stm32f103xe.o

.debug_ranges   0x0000000000000000     0x13b0
 .debug_ranges  0x0000000000000000       0x30 build/main.o
 .debug_ranges  0x0000000000000030       0x10 build/gpio.o
 .debug_ranges  0x0000000000000040       0x20 build/spi.o
 .debug_ranges  0x0000000000000060       0x48 build/tim.o
 .debug_ranges  0x00000000000000a8       0x18 build/uart3_drv.o
 .debug_ranges  0x00000000000000c0       0x68 build/battery_adc.o
 .debug_ranges  0x0000000000000128       0x80 build/stm32f1xx_it.o
 .debug_ranges  0x00000000000001a8       0x10 build/stm32f1xx_hal_msp.o
 .debug_ranges  0x00000000000001b8      0x1f0 build/stm32f1xx_hal_uart.o
 .debug_ranges  0x00000000000003a8      0x1c0 build/stm32f1xx_hal_spi.o
 .debug_ranges  0x0000000000000568       0xe0 build/stm32f1xx_hal_adc.o
 .debug_ranges  0x0000000000000648       0xd0 build/stm32f1xx_hal.o
 .debug_ranges  0x0000000000000718       0xa0 build/stm32f1xx_hal_rcc.o
 .debug_ranges  0x00000000000007b8       0x38 build/stm32f1xx_hal_rcc_ex.o
 .debug_ranges  0x00000000000007f0       0x48 build/stm32f1xx_hal_gpio.o
 .debug_ranges  0x0000000000000838       0x70 build/stm32f1xx_hal_dma.o
 .debug_ranges  0x00000000000008a8       0xe0 build/stm32f1xx_hal_cortex.o
 .debug_ranges  0x0000000000000988      0x3c0 build/stm32f1xx_hal_tim.o
 .debug_ranges  0x0000000000000d48      0x158 build/stm32f1xx_hal_tim_ex.o
 .debug_ranges  0x0000000000000ea0       0x18 build/system_stm32f1xx.o
 .debug_ranges  0x0000000000000eb8      0x150 build/SEGGER_RTT.o
 .debug_ranges  0x0000000000001008       0x48 build/SEGGER_RTT_printf.o
 .debug_ranges  0x0000000000001050       0x90 build/diff_signal.o
 .debug_ranges  0x00000000000010e0       0x50 build/channel_change.o
 .debug_ranges  0x0000000000001130       0x20 build/uw_link_tx.o
 .debug_ranges  0x0000000000001150       0xa0 build/uw_link_rx.o
 .debug_ranges  0x00000000000011f0       0x90 build/bridge_app.o
 .debug_ranges  0x0000000000001280       0x58 build/bridge_proto.o
 .debug_ranges  0x00000000000012d8       0x30 build/bridge_user_hooks.o
 .debug_ranges  0x0000000000001308       0x10 build/uw_link_proto.o
 .debug_ranges  0x0000000000001318       0x30 build/ring_fifo.o
 .debug_ranges  0x0000000000001348       0x48 build/rs485_port.o
 .debug_ranges  0x0000000000001390       0x20 build/startup_stm32f103xe.o

.debug_line     0x0000000000000000    0x15324
 .debug_line    0x0000000000000000      0x59d build/main.o
 .debug_line    0x000000000000059d      0x2d2 build/gpio.o
 .debug_line    0x000000000000086f      0x325 build/spi.o
 .debug_line    0x0000000000000b94      0x6a1 build/tim.o
 .debug_line    0x0000000000001235      0x307 build/uart3_drv.o
 .debug_line    0x000000000000153c      0x43b build/battery_adc.o
 .debug_line    0x0000000000001977      0x428 build/stm32f1xx_it.o
 .debug_line    0x0000000000001d9f      0x1b5 build/stm32f1xx_hal_msp.o
 .debug_line    0x0000000000001f54     0x20c1 build/stm32f1xx_hal_uart.o
 .debug_line    0x0000000000004015     0x244a build/stm32f1xx_hal_spi.o
 .debug_line    0x000000000000645f      0xeee build/stm32f1xx_hal_adc.o
 .debug_line    0x000000000000734d      0x4fc build/stm32f1xx_hal.o
 .debug_line    0x0000000000007849      0xc19 build/stm32f1xx_hal_rcc.o
 .debug_line    0x0000000000008462      0x4ce build/stm32f1xx_hal_rcc_ex.o
 .debug_line    0x0000000000008930      0x60f build/stm32f1xx_hal_gpio.o
 .debug_line    0x0000000000008f3f      0xd09 build/stm32f1xx_hal_dma.o
 .debug_line    0x0000000000009c48      0x652 build/stm32f1xx_hal_cortex.o
 .debug_line    0x000000000000a29a     0x476a build/stm32f1xx_hal_tim.o
 .debug_line    0x000000000000ea04     0x1be8 build/stm32f1xx_hal_tim_ex.o
 .debug_line    0x00000000000105ec      0x26c build/system_stm32f1xx.o
 .debug_line    0x0000000000010858      0xfac build/SEGGER_RTT.o
 .debug_line    0x0000000000011804      0x70b build/SEGGER_RTT_printf.o
 .debug_line    0x0000000000011f0f      0x915 build/diff_signal.o
 .debug_line    0x0000000000012824      0x31d build/channel_change.o
 .debug_line    0x0000000000012b41      0x3ea build/uw_link_tx.o
 .debug_line    0x0000000000012f2b      0x998 build/uw_link_rx.o
 .debug_line    0x00000000000138c3      0x866 build/bridge_app.o
 .debug_line    0x0000000000014129      0x725 build/bridge_proto.o
 .debug_line    0x000000000001484e      0x2c8 build/bridge_user_hooks.o
 .debug_line    0x0000000000014b16      0x190 build/uw_link_proto.o
 .debug_line    0x0000000000014ca6      0x237 build/ring_fifo.o
 .debug_line    0x0000000000014edd      0x3d2 build/rs485_port.o
 .debug_line    0x00000000000152af       0x75 build/startup_stm32f103xe.o

.debug_str      0x0000000000000000     0x5f86
 .debug_str     0x0000000000000000     0x14c0 build/main.o
                                       0x15e9 (size before relaxing)
 .debug_str     0x00000000000014c0       0xc9 build/gpio.o
                                        0x331 (size before relaxing)
 .debug_str     0x0000000000001589       0x58 build/spi.o
                                        0x733 (size before relaxing)
 .debug_str     0x00000000000015e1      0x63f build/tim.o
                                        0xe70 (size before relaxing)
 .debug_str     0x0000000000001c20       0x47 build/uart3_drv.o
                                        0xb0c (size before relaxing)
 .debug_str     0x0000000000001c67      0x2ac build/battery_adc.o
                                        0x7da (size before relaxing)
 .debug_str     0x0000000000001f13      0x1ed build/stm32f1xx_it.o
                                        0xaf0 (size before relaxing)
 .debug_str     0x0000000000002100       0x29 build/stm32f1xx_hal_msp.o
                                        0x2a5 (size before relaxing)
 .debug_str     0x0000000000002129      0x645 build/stm32f1xx_hal_uart.o
                                        0xd30 (size before relaxing)
 .debug_str     0x000000000000276e      0x50a build/stm32f1xx_hal_spi.o
                                        0xbff (size before relaxing)
 .debug_str     0x0000000000002c78      0x2ec build/stm32f1xx_hal_adc.o
                                        0x965 (size before relaxing)
 .debug_str     0x0000000000002f64      0x253 build/stm32f1xx_hal.o
                                        0x92b (size before relaxing)
 .debug_str     0x00000000000031b7      0x1ad build/stm32f1xx_hal_rcc.o
                                        0x696 (size before relaxing)
 .debug_str     0x0000000000003364       0x81 build/stm32f1xx_hal_rcc_ex.o
                                        0x4b3 (size before relaxing)
 .debug_str     0x00000000000033e5      0x112 build/stm32f1xx_hal_gpio.o
                                        0x4b4 (size before relaxing)
 .debug_str     0x00000000000034f7      0x1f6 build/stm32f1xx_hal_dma.o
                                        0x6b1 (size before relaxing)
 .debug_str     0x00000000000036ed      0x366 build/stm32f1xx_hal_cortex.o
                                        0xa47 (size before relaxing)
 .debug_str     0x0000000000003a53      0xde1 build/stm32f1xx_hal_tim.o
                                       0x16ec (size before relaxing)
 .debug_str     0x0000000000004834      0x46f build/stm32f1xx_hal_tim_ex.o
                                        0xeed (size before relaxing)
 .debug_str     0x0000000000004ca3       0x4f build/system_stm32f1xx.o
                                        0x2ca (size before relaxing)
 .debug_str     0x0000000000004cf2      0x3d1 build/SEGGER_RTT.o
                                        0x92f (size before relaxing)
 .debug_str     0x00000000000050c3      0x104 build/SEGGER_RTT_printf.o
                                        0x6a5 (size before relaxing)
 .debug_str     0x00000000000051c7      0x204 build/diff_signal.o
                                        0xea7 (size before relaxing)
 .debug_str     0x00000000000053cb       0xf6 build/channel_change.o
                                        0x3d3 (size before relaxing)
 .debug_str     0x00000000000054c1       0x6d build/uw_link_tx.o
                                        0x30e (size before relaxing)
 .debug_str     0x000000000000552e      0x460 build/uw_link_rx.o
                                        0xb74 (size before relaxing)
 .debug_str     0x000000000000598e      0x37e build/bridge_app.o
                                        0xe34 (size before relaxing)
 .debug_str     0x0000000000005d0c      0x105 build/bridge_proto.o
                                        0x7f3 (size before relaxing)
 .debug_str     0x0000000000005e11       0x43 build/bridge_user_hooks.o
                                        0x36d (size before relaxing)
 .debug_str     0x0000000000005e54       0x20 build/uw_link_proto.o
                                        0x195 (size before relaxing)
 .debug_str     0x0000000000005e74       0x72 build/ring_fifo.o
                                        0x1fb (size before relaxing)
 .debug_str     0x0000000000005ee6       0x7c build/rs485_port.o
                                        0x82d (size before relaxing)
 .debug_str     0x0000000000005f62       0x24 build/startup_stm32f103xe.o
                                         0x4a (size before relaxing)

.comment        0x0000000000000000       0x4c
 .comment       0x0000000000000000       0x4c build/main.o
                                         0x4d (size before relaxing)
 .comment       0x000000000000004c       0x4d build/gpio.o
 .comment       0x000000000000004c       0x4d build/spi.o
 .comment       0x000000000000004c       0x4d build/tim.o
 .comment       0x000000000000004c       0x4d build/uart3_drv.o
 .comment       0x000000000000004c       0x4d build/battery_adc.o
 .comment       0x000000000000004c       0x4d build/stm32f1xx_it.o
 .comment       0x000000000000004c       0x4d build/stm32f1xx_hal_msp.o
 .comment       0x000000000000004c       0x4d build/stm32f1xx_hal_uart.o
 .comment       0x000000000000004c       0x4d build/stm32f1xx_hal_spi.o
 .comment       0x000000000000004c       0x4d build/stm32f1xx_hal_adc.o
 .comment       0x000000000000004c       0x4d build/stm32f1xx_hal.o
 .comment       0x000000000000004c       0x4d build/stm32f1xx_hal_rcc.o
 .comment       0x000000000000004c       0x4d build/stm32f1xx_hal_rcc_ex.o
 .comment       0x000000000000004c       0x4d build/stm32f1xx_hal_gpio.o
 .comment       0x000000000000004c       0x4d build/stm32f1xx_hal_dma.o
 .comment       0x000000000000004c       0x4d build/stm32f1xx_hal_cortex.o
 .comment       0x000000000000004c       0x4d build/stm32f1xx_hal_tim.o
 .comment       0x000000000000004c       0x4d build/stm32f1xx_hal_tim_ex.o
 .comment       0x000000000000004c       0x4d build/system_stm32f1xx.o
 .comment       0x000000000000004c       0x4d build/SEGGER_RTT.o
 .comment       0x000000000000004c       0x4d build/SEGGER_RTT_printf.o
 .comment       0x000000000000004c       0x4d build/diff_signal.o
 .comment       0x000000000000004c       0x4d build/channel_change.o
 .comment       0x000000000000004c       0x4d build/uw_link_tx.o
 .comment       0x000000000000004c       0x4d build/uw_link_rx.o
 .comment       0x000000000000004c       0x4d build/bridge_app.o
 .comment       0x000000000000004c       0x4d build/bridge_proto.o
 .comment       0x000000000000004c       0x4d build/bridge_user_hooks.o
 .comment       0x000000000000004c       0x4d build/uw_link_proto.o
 .comment       0x000000000000004c       0x4d build/ring_fifo.o
 .comment       0x000000000000004c       0x4d build/rs485_port.o

.debug_frame    0x0000000000000000     0x3898
 .debug_frame   0x0000000000000000       0x94 build/main.o
 .debug_frame   0x0000000000000094       0x3c build/gpio.o
 .debug_frame   0x00000000000000d0       0x60 build/spi.o
 .debug_frame   0x0000000000000130       0xfc build/tim.o
 .debug_frame   0x000000000000022c       0x48 build/uart3_drv.o
 .debug_frame   0x0000000000000274      0x104 build/battery_adc.o
 .debug_frame   0x0000000000000378      0x138 build/stm32f1xx_it.o
 .debug_frame   0x00000000000004b0       0x28 build/stm32f1xx_hal_msp.o
 .debug_frame   0x00000000000004d8      0x5c4 build/stm32f1xx_hal_uart.o
 .debug_frame   0x0000000000000a9c      0x5a0 build/stm32f1xx_hal_spi.o
 .debug_frame   0x000000000000103c      0x2cc build/stm32f1xx_hal_adc.o
 .debug_frame   0x0000000000001308      0x1cc build/stm32f1xx_hal.o
 .debug_frame   0x00000000000014d4      0x190 build/stm32f1xx_hal_rcc.o
 .debug_frame   0x0000000000001664       0x68 build/stm32f1xx_hal_rcc_ex.o
 .debug_frame   0x00000000000016cc       0xe8 build/stm32f1xx_hal_gpio.o
 .debug_frame   0x00000000000017b4      0x144 build/stm32f1xx_hal_dma.o
 .debug_frame   0x00000000000018f8      0x12c build/stm32f1xx_hal_cortex.o
 .debug_frame   0x0000000000001a24      0xb18 build/stm32f1xx_hal_tim.o
 .debug_frame   0x000000000000253c      0x420 build/stm32f1xx_hal_tim_ex.o
 .debug_frame   0x000000000000295c       0x30 build/system_stm32f1xx.o
 .debug_frame   0x000000000000298c      0x330 build/SEGGER_RTT.o
 .debug_frame   0x0000000000002cbc       0xe0 build/SEGGER_RTT_printf.o
 .debug_frame   0x0000000000002d9c      0x1d0 build/diff_signal.o
 .debug_frame   0x0000000000002f6c      0x100 build/channel_change.o
 .debug_frame   0x000000000000306c       0x68 build/uw_link_tx.o
 .debug_frame   0x00000000000030d4      0x178 build/uw_link_rx.o
 .debug_frame   0x000000000000324c      0x1c8 build/bridge_app.o
 .debug_frame   0x0000000000003414       0xe4 build/bridge_proto.o
 .debug_frame   0x00000000000034f8       0x7c build/bridge_user_hooks.o
 .debug_frame   0x0000000000003574       0x2c build/uw_link_proto.o
 .debug_frame   0x00000000000035a0       0x6c build/ring_fifo.o
 .debug_frame   0x000000000000360c       0xe4 build/rs485_port.o
 .debug_frame   0x00000000000036f0       0x2c /opt/gcc-arm-none-eabi-9-2020-q2-update/bin/../lib/gcc/arm-none-eabi/9.3.1/../../../../arm-none-eabi/lib/thumb/v7-m/nofp/libc_nano.a(lib_a-init.o)
 .debug_frame   0x000000000000371c       0x28 /opt/gcc-arm-none-eabi-9-2020-q2-update/bin/../lib/gcc/arm-none-eabi/9.3.1/../../../../arm-none-eabi/lib/thumb/v7-m/nofp/libc_nano.a(lib_a-memcpy-stub.o)
 .debug_frame   0x0000000000003744       0x20 /opt/gcc-arm-none-eabi-9-2020-q2-update/bin/../lib/gcc/arm-none-eabi/9.3.1/../../../../arm-none-eabi/lib/thumb/v7-m/nofp/libc_nano.a(lib_a-memset.o)
 .debug_frame   0x0000000000003764       0x24 /opt/gcc-arm-none-eabi-9-2020-q2-update/bin/../lib/gcc/arm-none-eabi/9.3.1/thumb/v7-m/nofp/libgcc.a(_arm_mulsf3.o)
 .debug_frame   0x0000000000003788       0x24 /opt/gcc-arm-none-eabi-9-2020-q2-update/bin/../lib/gcc/arm-none-eabi/9.3.1/thumb/v7-m/nofp/libgcc.a(_arm_truncdfsf2.o)
 .debug_frame   0x00000000000037ac       0xc8 /opt/gcc-arm-none-eabi-9-2020-q2-update/bin/../lib/gcc/arm-none-eabi/9.3.1/thumb/v7-m/nofp/libgcc.a(_arm_cmpsf2.o)
 .debug_frame   0x0000000000003874       0x24 /opt/gcc-arm-none-eabi-9-2020-q2-update/bin/../lib/gcc/arm-none-eabi/9.3.1/thumb/v7-m/nofp/libgcc.a(_arm_fixsfsi.o)

Cross Reference Table

Symbol                                            File
ADC1_2_IRQHandler                                 build/startup_stm32f103xe.o
ADC3_IRQHandler                                   build/startup_stm32f103xe.o
ADC_ConversionStop_Disable                        build/stm32f1xx_hal_adc.o
ADC_DMAConvCplt                                   build/stm32f1xx_hal_adc.o
ADC_DMAError                                      build/stm32f1xx_hal_adc.o
ADC_DMAHalfConvCplt                               build/stm32f1xx_hal_adc.o
ADC_Enable                                        build/stm32f1xx_hal_adc.o
ADXL345_ConvertToG                                build/ADXL345.o
ADXL345_Init                                      build/ADXL345.o
ADXL345_ReadID                                    build/ADXL345.o
ADXL345_ReadXYZ                                   build/ADXL345.o
                                                  build/main.o
ADXL345_data_read_call_back                       build/main.o
AHBPrescTable                                     build/system_stm32f1xx.o
                                                  build/stm32f1xx_hal_rcc.o
APBPrescTable                                     build/system_stm32f1xx.o
                                                  build/stm32f1xx_hal_rcc.o
BatteryADC_Init                                   build/battery_adc.o
                                                  build/main.o
BatteryADC_ReadBattery_mV                         build/battery_adc.o
BatteryADC_ReadPA0_mV                             build/battery_adc.o
BatteryADC_ReadPercent                            build/battery_adc.o
                                                  build/main.o
BatteryADC_ReadRawAverage                         build/battery_adc.o
BatteryADC_ReadRawOnce                            build/battery_adc.o
BridgeApp_Init                                    build/bridge_app.o
                                                  build/main.o
BridgeApp_Process                                 build/bridge_app.o
                                                  build/main.o
BridgeApp_PushAcousticRxPacket                    build/bridge_app.o
BridgeApp_UartErrorCallback                       build/bridge_app.o
                                                  build/stm32f1xx_it.o
BridgeApp_UartRxCpltCallback                      build/bridge_app.o
                                                  build/stm32f1xx_it.o
BridgeHook_AcousticIsTxIdle                       build/bridge_user_hooks.o
                                                  build/bridge_app.o
BridgeHook_AcousticStartTx                        build/bridge_user_hooks.o
                                                  build/bridge_app.o
BridgeHook_GetMs                                  build/bridge_user_hooks.o
                                                  build/bridge_app.o
BridgeHook_HandleSetParam                         build/bridge_user_hooks.o
                                                  build/bridge_app.o
BridgeHook_OnValid485Frame                        build/bridge_user_hooks.o
                                                  build/bridge_app.o
BridgeProto_BuildEncodedFrame                     build/bridge_proto.o
                                                  build/bridge_app.o
BridgeProto_CalcCrc16                             build/bridge_proto.o
BridgeProto_ParserInit                            build/bridge_proto.o
                                                  build/bridge_app.o
BridgeProto_PushByte                              build/bridge_proto.o
                                                  build/bridge_app.o
BusFault_Handler                                  build/stm32f1xx_it.o
CAN1_RX1_IRQHandler                               build/startup_stm32f103xe.o
CAN1_SCE_IRQHandler                               build/startup_stm32f103xe.o
DHT22_Init                                        build/DHT22.o
DHT22_ReadData                                    build/DHT22.o
                                                  build/main.o
DMA1_Channel1_IRQHandler                          build/startup_stm32f103xe.o
DMA1_Channel2_IRQHandler                          build/startup_stm32f103xe.o
DMA1_Channel3_IRQHandler                          build/startup_stm32f103xe.o
DMA1_Channel4_IRQHandler                          build/startup_stm32f103xe.o
DMA1_Channel5_IRQHandler                          build/startup_stm32f103xe.o
DMA1_Channel6_IRQHandler                          build/startup_stm32f103xe.o
DMA1_Channel7_IRQHandler                          build/startup_stm32f103xe.o
DMA2_Channel1_IRQHandler                          build/startup_stm32f103xe.o
DMA2_Channel2_IRQHandler                          build/startup_stm32f103xe.o
DMA2_Channel3_IRQHandler                          build/startup_stm32f103xe.o
DMA2_Channel4_5_IRQHandler                        build/startup_stm32f103xe.o
DebugMon_Handler                                  build/stm32f1xx_it.o
Default_Handler                                   build/startup_stm32f103xe.o
DiffSignal_GetBitPeriodUs                         build/diff_signal.o
DiffSignal_GetBitRate                             build/diff_signal.o
DiffSignal_Init                                   build/diff_signal.o
                                                  build/main.o
DiffSignal_IsBusy                                 build/diff_signal.o
                                                  build/bridge_user_hooks.o
                                                  build/uw_link_tx.o
DiffSignal_SendBitStream                          build/diff_signal.o
                                                  build/uw_link_tx.o
DiffSignal_SendBuffer                             build/diff_signal.o
DiffSignal_SendByte                               build/diff_signal.o
DiffSignal_SetBitPeriodUs                         build/diff_signal.o
DiffSignal_SetBitRate                             build/diff_signal.o
                                                  build/main.o
DiffSignal_Stop                                   build/diff_signal.o
DiffSignal_TimerPeriodElapsedCallback             build/diff_signal.o
                                                  build/stm32f1xx_it.o
EEPROM_Init                                       build/eeprom.o
EEPROM_ReadBuffer                                 build/eeprom.o
EEPROM_ReadByte                                   build/eeprom.o
EEPROM_WriteBuffer                                build/eeprom.o
EEPROM_WriteByte                                  build/eeprom.o
EEPROM_WriteDisable                               build/eeprom.o
EEPROM_WriteEnable                                build/eeprom.o
EXTI0_IRQHandler                                  build/startup_stm32f103xe.o
EXTI15_10_IRQHandler                              build/startup_stm32f103xe.o
EXTI1_IRQHandler                                  build/startup_stm32f103xe.o
EXTI2_IRQHandler                                  build/startup_stm32f103xe.o
EXTI3_IRQHandler                                  build/startup_stm32f103xe.o
EXTI4_IRQHandler                                  build/startup_stm32f103xe.o
EXTI9_5_IRQHandler                                build/startup_stm32f103xe.o
Error_Handler                                     build/main.o
                                                  build/usb.o
                                                  build/tim.o
                                                  build/spi.o
FLASH_IRQHandler                                  build/startup_stm32f103xe.o
FLASH_PageErase                                   build/stm32f1xx_hal_flash_ex.o
                                                  build/stm32f1xx_hal_flash.o
FLASH_WaitForLastOperation                        build/stm32f1xx_hal_flash.o
                                                  build/stm32f1xx_hal_flash_ex.o
FSMC_IRQHandler                                   build/startup_stm32f103xe.o
HAL_ADCEx_InjectedConvCpltCallback                build/stm32f1xx_hal_adc.o
HAL_ADC_AnalogWDGConfig                           build/stm32f1xx_hal_adc.o
HAL_ADC_ConfigChannel                             build/stm32f1xx_hal_adc.o
                                                  build/battery_adc.o
HAL_ADC_ConvCpltCallback                          build/stm32f1xx_hal_adc.o
HAL_ADC_ConvHalfCpltCallback                      build/stm32f1xx_hal_adc.o
HAL_ADC_DeInit                                    build/stm32f1xx_hal_adc.o
HAL_ADC_ErrorCallback                             build/stm32f1xx_hal_adc.o
HAL_ADC_GetError                                  build/stm32f1xx_hal_adc.o
HAL_ADC_GetState                                  build/stm32f1xx_hal_adc.o
HAL_ADC_GetValue                                  build/stm32f1xx_hal_adc.o
                                                  build/battery_adc.o
HAL_ADC_IRQHandler                                build/stm32f1xx_hal_adc.o
HAL_ADC_Init                                      build/stm32f1xx_hal_adc.o
                                                  build/battery_adc.o
HAL_ADC_LevelOutOfWindowCallback                  build/stm32f1xx_hal_adc.o
HAL_ADC_MspDeInit                                 build/stm32f1xx_hal_adc.o
HAL_ADC_MspInit                                   build/stm32f1xx_hal_adc.o
HAL_ADC_PollForConversion                         build/stm32f1xx_hal_adc.o
                                                  build/battery_adc.o
HAL_ADC_PollForEvent                              build/stm32f1xx_hal_adc.o
HAL_ADC_Start                                     build/stm32f1xx_hal_adc.o
                                                  build/battery_adc.o
HAL_ADC_Start_DMA                                 build/stm32f1xx_hal_adc.o
HAL_ADC_Start_IT                                  build/stm32f1xx_hal_adc.o
HAL_ADC_Stop                                      build/stm32f1xx_hal_adc.o
                                                  build/battery_adc.o
HAL_ADC_Stop_DMA                                  build/stm32f1xx_hal_adc.o
HAL_ADC_Stop_IT                                   build/stm32f1xx_hal_adc.o
HAL_DBGMCU_DisableDBGSleepMode                    build/stm32f1xx_hal.o
HAL_DBGMCU_DisableDBGStandbyMode                  build/stm32f1xx_hal.o
HAL_DBGMCU_DisableDBGStopMode                     build/stm32f1xx_hal.o
HAL_DBGMCU_EnableDBGSleepMode                     build/stm32f1xx_hal.o
HAL_DBGMCU_EnableDBGStandbyMode                   build/stm32f1xx_hal.o
HAL_DBGMCU_EnableDBGStopMode                      build/stm32f1xx_hal.o
HAL_DMA_Abort                                     build/stm32f1xx_hal_dma.o
                                                  build/stm32f1xx_hal_adc.o
                                                  build/stm32f1xx_hal_spi.o
                                                  build/stm32f1xx_hal_usart.o
                                                  build/stm32f1xx_hal_uart.o
HAL_DMA_Abort_IT                                  build/stm32f1xx_hal_dma.o
                                                  build/stm32f1xx_hal_tim_ex.o
                                                  build/stm32f1xx_hal_tim.o
                                                  build/stm32f1xx_hal_spi.o
                                                  build/stm32f1xx_hal_usart.o
                                                  build/stm32f1xx_hal_uart.o
HAL_DMA_DeInit                                    build/stm32f1xx_hal_dma.o
HAL_DMA_GetError                                  build/stm32f1xx_hal_dma.o
                                                  build/stm32f1xx_hal_uart.o
HAL_DMA_GetState                                  build/stm32f1xx_hal_dma.o
HAL_DMA_IRQHandler                                build/stm32f1xx_hal_dma.o
HAL_DMA_Init                                      build/stm32f1xx_hal_dma.o
HAL_DMA_PollForTransfer                           build/stm32f1xx_hal_dma.o
HAL_DMA_RegisterCallback                          build/stm32f1xx_hal_dma.o
HAL_DMA_Start                                     build/stm32f1xx_hal_dma.o
HAL_DMA_Start_IT                                  build/stm32f1xx_hal_dma.o
                                                  build/stm32f1xx_hal_tim_ex.o
                                                  build/stm32f1xx_hal_tim.o
                                                  build/stm32f1xx_hal_adc.o
                                                  build/stm32f1xx_hal_spi.o
                                                  build/stm32f1xx_hal_usart.o
                                                  build/stm32f1xx_hal_uart.o
HAL_DMA_UnRegisterCallback                        build/stm32f1xx_hal_dma.o
HAL_DeInit                                        build/stm32f1xx_hal.o
HAL_Delay                                         build/stm32f1xx_hal.o
                                                  build/eeprom.o
                                                  build/ADXL345.o
                                                  build/main.o
HAL_EXTI_ClearConfigLine                          build/stm32f1xx_hal_exti.o
HAL_EXTI_ClearPending                             build/stm32f1xx_hal_exti.o
HAL_EXTI_GenerateSWI                              build/stm32f1xx_hal_exti.o
HAL_EXTI_GetConfigLine                            build/stm32f1xx_hal_exti.o
HAL_EXTI_GetHandle                                build/stm32f1xx_hal_exti.o
HAL_EXTI_GetPending                               build/stm32f1xx_hal_exti.o
HAL_EXTI_IRQHandler                               build/stm32f1xx_hal_exti.o
HAL_EXTI_RegisterCallback                         build/stm32f1xx_hal_exti.o
HAL_EXTI_SetConfigLine                            build/stm32f1xx_hal_exti.o
HAL_FLASHEx_Erase                                 build/stm32f1xx_hal_flash_ex.o
HAL_FLASHEx_Erase_IT                              build/stm32f1xx_hal_flash_ex.o
HAL_FLASHEx_OBErase                               build/stm32f1xx_hal_flash_ex.o
HAL_FLASHEx_OBGetConfig                           build/stm32f1xx_hal_flash_ex.o
HAL_FLASHEx_OBGetUserData                         build/stm32f1xx_hal_flash_ex.o
HAL_FLASHEx_OBProgram                             build/stm32f1xx_hal_flash_ex.o
HAL_FLASH_EndOfOperationCallback                  build/stm32f1xx_hal_flash.o
HAL_FLASH_GetError                                build/stm32f1xx_hal_flash.o
HAL_FLASH_IRQHandler                              build/stm32f1xx_hal_flash.o
HAL_FLASH_Lock                                    build/stm32f1xx_hal_flash.o
HAL_FLASH_OB_Launch                               build/stm32f1xx_hal_flash.o
HAL_FLASH_OB_Lock                                 build/stm32f1xx_hal_flash.o
HAL_FLASH_OB_Unlock                               build/stm32f1xx_hal_flash.o
HAL_FLASH_OperationErrorCallback                  build/stm32f1xx_hal_flash.o
HAL_FLASH_Program                                 build/stm32f1xx_hal_flash.o
HAL_FLASH_Program_IT                              build/stm32f1xx_hal_flash.o
HAL_FLASH_Unlock                                  build/stm32f1xx_hal_flash.o
HAL_GPIOEx_ConfigEventout                         build/stm32f1xx_hal_gpio_ex.o
HAL_GPIOEx_DisableEventout                        build/stm32f1xx_hal_gpio_ex.o
HAL_GPIOEx_EnableEventout                         build/stm32f1xx_hal_gpio_ex.o
HAL_GPIO_DeInit                                   build/stm32f1xx_hal_gpio.o
                                                  build/spi.o
HAL_GPIO_EXTI_Callback                            build/stm32f1xx_hal_gpio.o
HAL_GPIO_EXTI_IRQHandler                          build/stm32f1xx_hal_gpio.o
HAL_GPIO_Init                                     build/stm32f1xx_hal_gpio.o
                                                  build/eeprom.o
                                                  build/DHT22.o
                                                  build/stm32f1xx_hal_rcc.o
                                                  build/battery_adc.o
                                                  build/uart3_drv.o
                                                  build/tim.o
                                                  build/spi.o
                                                  build/gpio.o
HAL_GPIO_LockPin                                  build/stm32f1xx_hal_gpio.o
HAL_GPIO_ReadPin                                  build/stm32f1xx_hal_gpio.o
                                                  build/eeprom.o
                                                  build/DHT22.o
                                                  build/uw_link_rx.o
HAL_GPIO_TogglePin                                build/stm32f1xx_hal_gpio.o
HAL_GPIO_WritePin                                 build/stm32f1xx_hal_gpio.o
                                                  build/rs485_port.o
                                                  build/eeprom.o
                                                  build/DHT22.o
                                                  build/ADXL345.o
                                                  build/channel_change.o
                                                  build/gpio.o
HAL_GetDEVID                                      build/stm32f1xx_hal.o
HAL_GetHalVersion                                 build/stm32f1xx_hal.o
HAL_GetREVID                                      build/stm32f1xx_hal.o
HAL_GetTick                                       build/stm32f1xx_hal.o
                                                  build/bridge_user_hooks.o
                                                  build/stm32f1xx_hal_flash.o
                                                  build/stm32f1xx_hal_dma.o
                                                  build/stm32f1xx_hal_rcc_ex.o
                                                  build/stm32f1xx_hal_rcc.o
                                                  build/stm32f1xx_hal_adc.o
                                                  build/stm32f1xx_hal_spi.o
                                                  build/stm32f1xx_hal_usart.o
                                                  build/stm32f1xx_hal_uart.o